Component: ARM Compiler 5.05 update 1 (build 106) Tool: armlink [4d0efa]

==============================================================================

Section Cross References

    system_stm32f4xx.o(i.SystemCoreClockUpdate) refers to system_stm32f4xx.o(.data) for SystemCoreClock
    system_stm32f4xx.o(i.SystemInit) refers to system_stm32f4xx.o(i.SetSysClock) for SetSysClock
    stm32f4xx_adc.o(i.ADC_DeInit) refers to stm32f4xx_rcc.o(i.RCC_APB2PeriphResetCmd) for RCC_APB2PeriphResetCmd
    stm32f4xx_can.o(i.CAN_DeInit) refers to stm32f4xx_rcc.o(i.RCC_APB1PeriphResetCmd) for RCC_APB1PeriphResetCmd
    stm32f4xx_can.o(i.CAN_GetITStatus) refers to stm32f4xx_can.o(i.CheckITStatus) for CheckITStatus
    stm32f4xx_cryp.o(i.CRYP_DeInit) refers to stm32f4xx_rcc.o(i.RCC_AHB2PeriphResetCmd) for RCC_AHB2PeriphResetCmd
    stm32f4xx_cryp_aes.o(i.CRYP_AES_CBC) refers to stm32f4xx_cryp.o(i.CRYP_KeyStructInit) for CRYP_KeyStructInit
    stm32f4xx_cryp_aes.o(i.CRYP_AES_CBC) refers to stm32f4xx_cryp.o(i.CRYP_FIFOFlush) for CRYP_FIFOFlush
    stm32f4xx_cryp_aes.o(i.CRYP_AES_CBC) refers to stm32f4xx_cryp.o(i.CRYP_Init) for CRYP_Init
    stm32f4xx_cryp_aes.o(i.CRYP_AES_CBC) refers to stm32f4xx_cryp.o(i.CRYP_KeyInit) for CRYP_KeyInit
    stm32f4xx_cryp_aes.o(i.CRYP_AES_CBC) refers to stm32f4xx_cryp.o(i.CRYP_Cmd) for CRYP_Cmd
    stm32f4xx_cryp_aes.o(i.CRYP_AES_CBC) refers to stm32f4xx_cryp.o(i.CRYP_GetFlagStatus) for CRYP_GetFlagStatus
    stm32f4xx_cryp_aes.o(i.CRYP_AES_CBC) refers to stm32f4xx_cryp.o(i.CRYP_IVInit) for CRYP_IVInit
    stm32f4xx_cryp_aes.o(i.CRYP_AES_CBC) refers to stm32f4xx_cryp.o(i.CRYP_GetCmdStatus) for CRYP_GetCmdStatus
    stm32f4xx_cryp_aes.o(i.CRYP_AES_CBC) refers to stm32f4xx_cryp.o(i.CRYP_DataIn) for CRYP_DataIn
    stm32f4xx_cryp_aes.o(i.CRYP_AES_CBC) refers to stm32f4xx_cryp.o(i.CRYP_DataOut) for CRYP_DataOut
    stm32f4xx_cryp_aes.o(i.CRYP_AES_CCM) refers to stm32f4xx_cryp.o(i.CRYP_KeyStructInit) for CRYP_KeyStructInit
    stm32f4xx_cryp_aes.o(i.CRYP_AES_CCM) refers to stm32f4xx_cryp.o(i.CRYP_FIFOFlush) for CRYP_FIFOFlush
    stm32f4xx_cryp_aes.o(i.CRYP_AES_CCM) refers to stm32f4xx_cryp.o(i.CRYP_KeyInit) for CRYP_KeyInit
    stm32f4xx_cryp_aes.o(i.CRYP_AES_CCM) refers to stm32f4xx_cryp.o(i.CRYP_IVInit) for CRYP_IVInit
    stm32f4xx_cryp_aes.o(i.CRYP_AES_CCM) refers to stm32f4xx_cryp.o(i.CRYP_Init) for CRYP_Init
    stm32f4xx_cryp_aes.o(i.CRYP_AES_CCM) refers to stm32f4xx_cryp.o(i.CRYP_PhaseConfig) for CRYP_PhaseConfig
    stm32f4xx_cryp_aes.o(i.CRYP_AES_CCM) refers to stm32f4xx_cryp.o(i.CRYP_DataIn) for CRYP_DataIn
    stm32f4xx_cryp_aes.o(i.CRYP_AES_CCM) refers to stm32f4xx_cryp.o(i.CRYP_Cmd) for CRYP_Cmd
    stm32f4xx_cryp_aes.o(i.CRYP_AES_CCM) refers to stm32f4xx_cryp.o(i.CRYP_GetCmdStatus) for CRYP_GetCmdStatus
    stm32f4xx_cryp_aes.o(i.CRYP_AES_CCM) refers to stm32f4xx_cryp.o(i.CRYP_GetFlagStatus) for CRYP_GetFlagStatus
    stm32f4xx_cryp_aes.o(i.CRYP_AES_CCM) refers to stm32f4xx_cryp.o(i.CRYP_DataOut) for CRYP_DataOut
    stm32f4xx_cryp_aes.o(i.CRYP_AES_CTR) refers to stm32f4xx_cryp.o(i.CRYP_KeyStructInit) for CRYP_KeyStructInit
    stm32f4xx_cryp_aes.o(i.CRYP_AES_CTR) refers to stm32f4xx_cryp.o(i.CRYP_KeyInit) for CRYP_KeyInit
    stm32f4xx_cryp_aes.o(i.CRYP_AES_CTR) refers to stm32f4xx_cryp.o(i.CRYP_Init) for CRYP_Init
    stm32f4xx_cryp_aes.o(i.CRYP_AES_CTR) refers to stm32f4xx_cryp.o(i.CRYP_IVInit) for CRYP_IVInit
    stm32f4xx_cryp_aes.o(i.CRYP_AES_CTR) refers to stm32f4xx_cryp.o(i.CRYP_FIFOFlush) for CRYP_FIFOFlush
    stm32f4xx_cryp_aes.o(i.CRYP_AES_CTR) refers to stm32f4xx_cryp.o(i.CRYP_Cmd) for CRYP_Cmd
    stm32f4xx_cryp_aes.o(i.CRYP_AES_CTR) refers to stm32f4xx_cryp.o(i.CRYP_GetCmdStatus) for CRYP_GetCmdStatus
    stm32f4xx_cryp_aes.o(i.CRYP_AES_CTR) refers to stm32f4xx_cryp.o(i.CRYP_DataIn) for CRYP_DataIn
    stm32f4xx_cryp_aes.o(i.CRYP_AES_CTR) refers to stm32f4xx_cryp.o(i.CRYP_GetFlagStatus) for CRYP_GetFlagStatus
    stm32f4xx_cryp_aes.o(i.CRYP_AES_CTR) refers to stm32f4xx_cryp.o(i.CRYP_DataOut) for CRYP_DataOut
    stm32f4xx_cryp_aes.o(i.CRYP_AES_ECB) refers to stm32f4xx_cryp.o(i.CRYP_KeyStructInit) for CRYP_KeyStructInit
    stm32f4xx_cryp_aes.o(i.CRYP_AES_ECB) refers to stm32f4xx_cryp.o(i.CRYP_FIFOFlush) for CRYP_FIFOFlush
    stm32f4xx_cryp_aes.o(i.CRYP_AES_ECB) refers to stm32f4xx_cryp.o(i.CRYP_Init) for CRYP_Init
    stm32f4xx_cryp_aes.o(i.CRYP_AES_ECB) refers to stm32f4xx_cryp.o(i.CRYP_KeyInit) for CRYP_KeyInit
    stm32f4xx_cryp_aes.o(i.CRYP_AES_ECB) refers to stm32f4xx_cryp.o(i.CRYP_Cmd) for CRYP_Cmd
    stm32f4xx_cryp_aes.o(i.CRYP_AES_ECB) refers to stm32f4xx_cryp.o(i.CRYP_GetFlagStatus) for CRYP_GetFlagStatus
    stm32f4xx_cryp_aes.o(i.CRYP_AES_ECB) refers to stm32f4xx_cryp.o(i.CRYP_GetCmdStatus) for CRYP_GetCmdStatus
    stm32f4xx_cryp_aes.o(i.CRYP_AES_ECB) refers to stm32f4xx_cryp.o(i.CRYP_DataIn) for CRYP_DataIn
    stm32f4xx_cryp_aes.o(i.CRYP_AES_ECB) refers to stm32f4xx_cryp.o(i.CRYP_DataOut) for CRYP_DataOut
[...]
    dmp_read_fifo                            0x0800a93d   Thumb Code   456  inv_mpu_dmp_motion_driver.o(i.dmp_read_fifo)
    dmp_set_accel_bias                       0x0800ab09   Thumb Code   300  inv_mpu_dmp_motion_driver.o(i.dmp_set_accel_bias)
    dmp_set_fifo_rate                        0x0800ac39   Thumb Code    96  inv_mpu_dmp_motion_driver.o(i.dmp_set_fifo_rate)
    dmp_set_gyro_bias                        0x0800aca9   Thumb Code   294  inv_mpu_dmp_motion_driver.o(i.dmp_set_gyro_bias)
    dmp_set_orientation                      0x0800add9   Thumb Code   290  inv_mpu_dmp_motion_driver.o(i.dmp_set_orientation)
    dmp_set_shake_reject_thresh              0x0800af11   Thumb Code    56  inv_mpu_dmp_motion_driver.o(i.dmp_set_shake_reject_thresh)
    dmp_set_shake_reject_time                0x0800af49   Thumb Code    38  inv_mpu_dmp_motion_driver.o(i.dmp_set_shake_reject_time)
    dmp_set_shake_reject_timeout             0x0800af6f   Thumb Code    38  inv_mpu_dmp_motion_driver.o(i.dmp_set_shake_reject_timeout)
    dmp_set_tap_axes                         0x0800af95   Thumb Code    70  inv_mpu_dmp_motion_driver.o(i.dmp_set_tap_axes)
    dmp_set_tap_count                        0x0800afdb   Thumb Code    38  inv_mpu_dmp_motion_driver.o(i.dmp_set_tap_count)
    dmp_set_tap_thresh                       0x0800b001   Thumb Code   412  inv_mpu_dmp_motion_driver.o(i.dmp_set_tap_thresh)
    dmp_set_tap_time                         0x0800b1c1   Thumb Code    38  inv_mpu_dmp_motion_driver.o(i.dmp_set_tap_time)
    dmp_set_tap_time_multi                   0x0800b1e7   Thumb Code    38  inv_mpu_dmp_motion_driver.o(i.dmp_set_tap_time_multi)
    fabs                                     0x0800b20d   Thumb Code    24  fabs.o(i.fabs)
    flow_led_off                             0x0800b225   Thumb Code    20  led.o(i.flow_led_off)
    forward_flag                             0x0800b23d   Thumb Code    36  chassis_task.o(i.forward_flag)
    fputc                                    0x0800b269   Thumb Code    24  usart6.o(i.fputc)
    go_back                                  0x0800b7c5   Thumb Code    38  motor_ctrl.o(i.go_back)
    go_high                                  0x0800b7f5   Thumb Code    34  motor_ctrl.o(i.go_high)
    go_low                                   0x0800b821   Thumb Code    34  motor_ctrl.o(i.go_low)
    go_low2                                  0x0800b84d   Thumb Code    34  motor_ctrl.o(i.go_low2)
    go_low3                                  0x0800b879   Thumb Code    34  motor_ctrl.o(i.go_low3)
    go_mid                                   0x0800b8a5   Thumb Code    34  motor_ctrl.o(i.go_mid)
    inv_orientation_matrix_to_scalar         0x0800b9ed   Thumb Code    40  inv_mpu.o(i.inv_orientation_matrix_to_scalar)
    inv_row_2_scale                          0x0800ba15   Thumb Code    78  inv_mpu.o(i.inv_row_2_scale)
    judge                                    0x0800ba65   Thumb Code  2312  chassis_task.o(i.judge)
    key_Init                                 0x0800c371   Thumb Code   654  key.o(i.key_Init)
    led_configuration                        0x0800c621   Thumb Code   134  led.o(i.led_configuration)
    led_green_off                            0x0800c6b5   Thumb Code    14  led.o(i.led_green_off)
    led_red_off                              0x0800c6c9   Thumb Code    14  led.o(i.led_red_off)
    low_Forward                              0x0800c6dd   Thumb Code   660  motor_ctrl.o(i.low_Forward)
    low_Forward0                             0x0800c9d1   Thumb Code   660  motor_ctrl.o(i.low_Forward0)
    low_Forward1                             0x0800ccc5   Thumb Code   690  motor_ctrl.o(i.low_Forward1)
    low_Forward11                            0x0800cfe5   Thumb Code   270  motor_ctrl.o(i.low_Forward11)
    main                                     0x0800d121   Thumb Code    22  main.o(i.main)
    mget_ms                                  0x0800d137   Thumb Code     2  inv_mpu.o(i.mget_ms)
    motor_speed                              0x0800d139   Thumb Code    26  motor_ctrl.o(i.motor_speed)
    mpu_configure_fifo                       0x0800d165   Thumb Code   106  inv_mpu.o(i.mpu_configure_fifo)
    mpu_dmp_get_data                         0x0800d1d5   Thumb Code   520  inv_mpu.o(i.mpu_dmp_get_data)
    mpu_dmp_init                             0x0800d3ed   Thumb Code   156  inv_mpu.o(i.mpu_dmp_init)
    mpu_get_accel_fsr                        0x0800d48d   Thumb Code    72  inv_mpu.o(i.mpu_get_accel_fsr)
    mpu_get_accel_sens                       0x0800d4d9   Thumb Code    78  inv_mpu.o(i.mpu_get_accel_sens)
    mpu_get_fifo_config                      0x0800d52d   Thumb Code    12  inv_mpu.o(i.mpu_get_fifo_config)
    mpu_get_gyro_fsr                         0x0800d53d   Thumb Code    64  inv_mpu.o(i.mpu_get_gyro_fsr)
    mpu_get_gyro_sens                        0x0800d581   Thumb Code    74  inv_mpu.o(i.mpu_get_gyro_sens)
    mpu_get_lpf                              0x0800d5e1   Thumb Code    74  inv_mpu.o(i.mpu_get_lpf)
    mpu_get_sample_rate                      0x0800d631   Thumb Code    26  inv_mpu.o(i.mpu_get_sample_rate)
    mpu_init                                 0x0800d651   Thumb Code   416  inv_mpu.o(i.mpu_init)
    mpu_load_firmware                        0x0800d841   Thumb Code   180  inv_mpu.o(i.mpu_load_firmware)
    mpu_lp_accel_mode                        0x0800d8f9   Thumb Code   218  inv_mpu.o(i.mpu_lp_accel_mode)
    mpu_read_fifo_stream                     0x0800d9d9   Thumb Code   186  inv_mpu.o(i.mpu_read_fifo_stream)
    mpu_read_mem                             0x0800da99   Thumb Code   122  inv_mpu.o(i.mpu_read_mem)
    mpu_reset_fifo                           0x0800db19   Thumb Code   450  inv_mpu.o(i.mpu_reset_fifo)
    mpu_run_self_test                        0x0800dce1   Thumb Code   278  inv_mpu.o(i.mpu_run_self_test)
    mpu_set_accel_fsr                        0x0800ddfd   Thumb Code   126  inv_mpu.o(i.mpu_set_accel_fsr)
    mpu_set_bypass                           0x0800de81   Thumb Code   328  inv_mpu.o(i.mpu_set_bypass)
    mpu_set_dmp_state                        0x0800dfcd   Thumb Code   138  inv_mpu.o(i.mpu_set_dmp_state)
    mpu_set_gyro_fsr                         0x0800e05d   Thumb Code   132  inv_mpu.o(i.mpu_set_gyro_fsr)
    mpu_set_int_latched                      0x0800e0e5   Thumb Code   102  inv_mpu.o(i.mpu_set_int_latched)
    mpu_set_lpf                              0x0800e151   Thumb Code   126  inv_mpu.o(i.mpu_set_lpf)
    mpu_set_sample_rate                      0x0800e1d5   Thumb Code   152  inv_mpu.o(i.mpu_set_sample_rate)
    mpu_set_sensors                          0x0800e271   Thumb Code   202  inv_mpu.o(i.mpu_set_sensors)
    mpu_write_mem                            0x0800e341   Thumb Code   122  inv_mpu.o(i.mpu_write_mem)
    power_ctrl_configuration                 0x0800e3c1   Thumb Code    66  power_ctrl.o(i.power_ctrl_configuration)
    power_ctrl_off                           0x0800e409   Thumb Code    26  power_ctrl.o(i.power_ctrl_off)
    power_ctrl_on                            0x0800e429   Thumb Code    26  power_ctrl.o(i.power_ctrl_on)
    pvPortMalloc                             0x0800ee75   Thumb Code   296  heap_4.o(i.pvPortMalloc)
    pvTaskIncrementMutexHeldCount            0x0800efb1   Thumb Code    26  tasks.o(i.pvTaskIncrementMutexHeldCount)
    pxPortInitialiseStack                    0x0800efd1   Thumb Code    38  port.o(i.pxPortInitialiseStack)
    remote_control_init                      0x0800effd   Thumb Code    16  remote_control.o(i.remote_control_init)
    ring_release_correction                  0x0800f011   Thumb Code   110  chassis_task.o(i.ring_release_correction)
    run_self_test                            0x0800f09d   Thumb Code   154  inv_mpu.o(i.run_self_test)
    sensor_update                            0x0800f139   Thumb Code   464  motor_ctrl.o(i.sensor_update)
    servo                                    0x0800f371   Thumb Code   330  servo.o(i.servo)
    sqrt                                     0x0800f581   Thumb Code   110  sqrt_full.o(i.sqrt)
    startTast                                0x0800f5f1   Thumb Code    24  start_task.o(i.startTast)
    start_task                               0x0800f61d   Thumb Code    64  start_task.o(i.start_task)
    stop                                     0x0800f68d   Thumb Code    34  motor_ctrl.o(i.stop)
    stop_delay                               0x0800f6b9   Thumb Code    68  motor_ctrl.o(i.stop_delay)
    stop_forward                             0x0800f70d   Thumb Code   254  motor_ctrl.o(i.stop_forward)
    system_update                            0x0800f835   Thumb Code    70  start_task.o(i.system_update)
    turn_flag                                0x0800f88d   Thumb Code    36  chassis_task.o(i.turn_flag)
    update_uncorrect_flag                    0x0800f8b9   Thumb Code   162  chassis_task.o(i.update_uncorrect_flag)
    usart6_init                              0x0800f97d   Thumb Code   280  usart6.o(i.usart6_init)
    uxListRemove                             0x0800faa5   Thumb Code    40  list.o(i.uxListRemove)
    vListInitialise                          0x0800facd   Thumb Code    26  list.o(i.vListInitialise)
    vListInitialiseItem                      0x0800fae7   Thumb Code     6  list.o(i.vListInitialiseItem)
    vListInsert                              0x0800faed   Thumb Code    52  list.o(i.vListInsert)
    vListInsertEnd                           0x0800fb21   Thumb Code    24  list.o(i.vListInsertEnd)
    vPortEnterCritical                       0x0800fb39   Thumb Code    76  port.o(i.vPortEnterCritical)
    vPortExitCritical                        0x0800fb8d   Thumb Code    56  port.o(i.vPortExitCritical)
    vPortFree                                0x0800fbc9   Thumb Code   140  heap_4.o(i.vPortFree)
    vPortSetupTimerInterrupt                 0x0800fc5d   Thumb Code     2  freertos_middleware.o(i.vPortSetupTimerInterrupt)
    vPortValidateInterruptPriority           0x0800fc61   Thumb Code   106  port.o(i.vPortValidateInterruptPriority)
    vQueueAddToRegistry                      0x0800fcd9   Thumb Code    38  queue.o(i.vQueueAddToRegistry)
    vQueueWaitForMessageRestricted           0x0800fd05   Thumb Code    74  queue.o(i.vQueueWaitForMessageRestricted)
    vTaskDelay                               0x0800fd51   Thumb Code    82  tasks.o(i.vTaskDelay)
    vTaskDelayUntil                          0x0800fdad   Thumb Code   200  tasks.o(i.vTaskDelayUntil)
    vTaskDelete                              0x0800fe81   Thumb Code   202  tasks.o(i.vTaskDelete)
    vTaskMissedYield                         0x0800ff75   Thumb Code     8  tasks.o(i.vTaskMissedYield)
    vTaskPlaceOnEventList                    0x0800ff81   Thumb Code    52  tasks.o(i.vTaskPlaceOnEventList)
    vTaskPlaceOnEventListRestricted          0x0800ffb9   Thumb Code    60  tasks.o(i.vTaskPlaceOnEventListRestricted)
    vTaskPriorityInherit                     0x0800fff9   Thumb Code   164  tasks.o(i.vTaskPriorityInherit)
    vTaskSetTimeOutState                     0x080100a9   Thumb Code    38  tasks.o(i.vTaskSetTimeOutState)
    vTaskStartScheduler                      0x080100d9   Thumb Code   118  tasks.o(i.vTaskStartScheduler)
    vTaskSuspendAll                          0x0801016d   Thumb Code    12  tasks.o(i.vTaskSuspendAll)
    vTaskSwitchContext                       0x0801017d   Thumb Code   118  tasks.o(i.vTaskSwitchContext)
    xPortStartScheduler                      0x08010209   Thumb Code   288  port.o(i.xPortStartScheduler)
    xPortSysTickHandler                      0x08010345   Thumb Code    46  port.o(i.xPortSysTickHandler)
    xQueueGenericCreate                      0x08010379   Thumb Code    88  queue.o(i.xQueueGenericCreate)
    xQueueGenericReceive                     0x080103d1   Thumb Code   446  queue.o(i.xQueueGenericReceive)
    xQueueGenericReset                       0x08010595   Thumb Code   146  queue.o(i.xQueueGenericReset)
    xQueueGenericSend                        0x0801062d   Thumb Code   452  queue.o(i.xQueueGenericSend)
    xQueueGenericSendFromISR                 0x080107f5   Thumb Code   264  queue.o(i.xQueueGenericSendFromISR)
    xTaskCheckForTimeOut                     0x080108fd   Thumb Code   132  tasks.o(i.xTaskCheckForTimeOut)
    xTaskCreate                              0x08010989   Thumb Code    96  tasks.o(i.xTaskCreate)
    xTaskGetSchedulerState                   0x080109e9   Thumb Code    24  tasks.o(i.xTaskGetSchedulerState)
    xTaskGetTickCount                        0x08010a09   Thumb Code     6  tasks.o(i.xTaskGetTickCount)
    xTaskIncrementTick                       0x08010a15   Thumb Code   282  tasks.o(i.xTaskIncrementTick)
    xTaskPriorityDisinherit                  0x08010b5d   Thumb Code   188  tasks.o(i.xTaskPriorityDisinherit)
    xTaskRemoveFromEventList                 0x08010c25   Thumb Code   128  tasks.o(i.xTaskRemoveFromEventList)
    xTaskResumeAll                           0x08010cbd   Thumb Code   224  tasks.o(i.xTaskResumeAll)
    xTimerCreateTimerTask                    0x08010dc1   Thumb Code    64  timers.o(i.xTimerCreateTimerTask)
    xTimerGenericCommand                     0x08010e15   Thumb Code   126  timers.o(i.xTimerGenericCommand)
    __aeabi_dneg                             0x08010e99   Thumb Code     0  basic.o(x$fpl$basic)
    _dneg                                    0x08010e99   Thumb Code     6  basic.o(x$fpl$basic)
    __aeabi_fneg                             0x08010e9f   Thumb Code     0  basic.o(x$fpl$basic)
    _fneg                                    0x08010e9f   Thumb Code     6  basic.o(x$fpl$basic)
    _dabs                                    0x08010ea5   Thumb Code     6  basic.o(x$fpl$basic)
    _fabs                                    0x08010eab   Thumb Code     6  basic.o(x$fpl$basic)
    __aeabi_d2f                              0x08010eb1   Thumb Code     0  d2f_clz.o(x$fpl$d2f)
    _d2f                                     0x08010eb1   Thumb Code   700  d2f_clz.o(x$fpl$d2f)
    __aeabi_dadd                             0x08011175   Thumb Code     0  daddsub_clz.o(x$fpl$dadd)
    _dadd                                    0x08011175   Thumb Code   580  daddsub_clz.o(x$fpl$dadd)
    __fpl_dcmp_Inf                           0x080113c1   Thumb Code    24  dcmpi.o(x$fpl$dcmpinf)
    __aeabi_ddiv                             0x080113d9   Thumb Code     0  ddiv_clz.o(x$fpl$ddiv)
    _ddiv                                    0x080113d9   Thumb Code   748  ddiv_clz.o(x$fpl$ddiv)
    __aeabi_d2uiz                            0x08011755   Thumb Code     0  dfixu.o(x$fpl$dfixu)
    _dfixu                                   0x08011755   Thumb Code   212  dfixu.o(x$fpl$dfixu)
    __aeabi_i2d                              0x08011831   Thumb Code     0  dflt_clz.o(x$fpl$dflt)
    _dflt                                    0x08011831   Thumb Code    46  dflt_clz.o(x$fpl$dflt)
    __dflt_normalise                         0x0801185f   Thumb Code    26  dflt_clz.o(x$fpl$dfltn)
    __aeabi_cdcmple                          0x08011879   Thumb Code     0  dleqf.o(x$fpl$dleqf)
    _dcmple                                  0x08011879   Thumb Code   120  dleqf.o(x$fpl$dleqf)
    __fpl_dcmple_InfNaN                      0x080118d1   Thumb Code     0  dleqf.o(x$fpl$dleqf)
    __aeabi_dmul                             0x080118f1   Thumb Code     0  dmul_clz.o(x$fpl$dmul)
    _dmul                                    0x080118f1   Thumb Code   440  dmul_clz.o(x$fpl$dmul)
    __fpl_dnaninf                            0x08011ab1   Thumb Code   258  dnaninf.o(x$fpl$dnaninf)
    __fpl_drenorm2                           0x08011bb3   Thumb Code   106  drenorm_clz.o(x$fpl$drenorm)
    __fpl_drenorm1                           0x08011c1d   Thumb Code     6  drenorm_clz.o(x$fpl$drenorm)
    __fpl_dretinf                            0x08011c23   Thumb Code    12  dretinf.o(x$fpl$dretinf)
    __aeabi_cdrcmple                         0x08011c2f   Thumb Code     0  drleqf.o(x$fpl$drleqf)
    _drcmple                                 0x08011c2f   Thumb Code    98  drleqf.o(x$fpl$drleqf)
    __aeabi_drsub                            0x08011c91   Thumb Code     0  daddsub_clz.o(x$fpl$drsb)
    _drsb                                    0x08011c91   Thumb Code    74  daddsub_clz.o(x$fpl$drsb)
    _dsqrt                                   0x08011ce1   Thumb Code   520  dsqrt_umaalclz.o(x$fpl$dsqrt)
    __aeabi_dsub                             0x08011ee9   Thumb Code     0  daddsub_clz.o(x$fpl$dsub)
    _dsub                                    0x08011ee9   Thumb Code   664  daddsub_clz.o(x$fpl$dsub)
    __dunder                                 0x08012185   Thumb Code   314  dunder_clz.o(x$fpl$dunder)
    __dunder_d                               0x080122bf   Thumb Code    64  dunder_clz.o(x$fpl$dunder)
    __fpl_exception                          0x08012301   Thumb Code   454  except.o(x$fpl$exception)
    __aeabi_f2d                              0x080124ed   Thumb Code     0  f2d.o(x$fpl$f2d)
    _f2d                                     0x080124ed   Thumb Code   122  f2d.o(x$fpl$f2d)
    __fpl_fnaninf                            0x08012567   Thumb Code   242  fnaninf.o(x$fpl$fnaninf)
    _fp_init                                 0x08012659   Thumb Code    10  fpinit.o(x$fpl$fpinit)
    __fplib_config_fpu_vfp                   0x08012661   Thumb Code     0  fpinit.o(x$fpl$fpinit)
    __fplib_config_pureend_doubles           0x08012661   Thumb Code     0  fpinit.o(x$fpl$fpinit)
    __fpl_fretinf                            0x08012663   Thumb Code    10  fretinf.o(x$fpl$fretinf)
    __funder                                 0x0801266d   Thumb Code   254  funder_clz.o(x$fpl$funder)
    __funder_d                               0x0801276b   Thumb Code    62  funder_clz.o(x$fpl$funder)
    __fpl_return_NaN                         0x080127a9   Thumb Code   178  retnan.o(x$fpl$retnan)
    _fp_trapveneer                           0x0801285b   Thumb Code    36  trapv.o(x$fpl$trapveneer)
    __fpl_cmpreturn                          0x0801287f   Thumb Code    90  trapv.o(x$fpl$trapveneer)
    __I$use$fp                               0x080128d8   Number         0  usenofp.o(x$fpl$usenofp)
    reg                                      0x080128e4   Data          27  inv_mpu.o(.constdata)
    hw                                       0x08012900   Data          12  inv_mpu.o(.constdata)
    test                                     0x0801290c   Data          40  inv_mpu.o(.constdata)
    CRC8_INIT                                0x0801352a   Data           1  crc.o(.constdata)
    CRC8_TAB                                 0x0801352b   Data         256  crc.o(.constdata)
    wCRC_Table                               0x0801362c   Data         512  crc.o(.constdata)
    __mathlib_zero                           0x08013928   Data           8  qnan.o(.constdata)
    Region$$Table$$Base                      0x08013980   Number         0  anon$$obj.o(Region$$Table)
    Region$$Table$$Limit                     0x080139a0   Number         0  anon$$obj.o(Region$$Table)
    SystemCoreClock                          0x20000000   Data           4  system_stm32f4xx.o(.data)
    AHBPrescTable                            0x20000004   Data          16  system_stm32f4xx.o(.data)
    uncorrect_flag                           0x20000024   Data           1  chassis_task.o(.data)
    current_angle                            0x20000028   Data           4  chassis_task.o(.data)
    lujin                                    0x2000002c   Data         712  chassis_task.o(.data)
    gettime                                  0x200002f4   Data           4  chassis_task.o(.data)
    i                                        0x200002f8   Data           4  chassis_task.o(.data)
    target                                   0x200002fc   Data           4  chassis_task.o(.data)
    mode_change                              0x20000300   Data           1  chassis_task.o(.data)
    Chassis_Move_Z                           0x20000304   Data           4  chassis_task.o(.data)
    Target_Angle                             0x20000308   Data           4  chassis_task.o(.data)
    Chassis_Standard_Move_Max                0x2000030c   Data           4  chassis_task.o(.data)
    Chassis_Revolve_Move_Max                 0x20000310   Data           4  chassis_task.o(.data)
    Chassis_Final_Output_Max                 0x20000314   Data           4  chassis_task.o(.data)
    vz_min_speed                             0x20000318   Data           4  chassis_task.o(.data)
    vz_max_speed                             0x2000031c   Data           4  chassis_task.o(.data)
    kRc_Mech_Chassis_Standard                0x20000320   Data           4  chassis_task.o(.data)
    kRc_Mech_Chassis_Revolve                 0x20000324   Data           4  chassis_task.o(.data)
    Angle_Measure_Prev                       0x20000328   Data           8  chassis_task.o(.data)
    Chasssis_Final_Output                    0x20000330   Data           4  chassis_task.o(.data)
    iTermPosiMax                             0x20000334   Data           4  chassis_task.o(.data)
    Chassis_Gyro_Error                       0x20000338   Data           4  chassis_task.o(.data)
    ChassisMode                              0x2000033c   Data           1  chassis_task.o(.data)
    angleMpuPitch                            0x20000340   Data           4  chassis_task.o(.data)
    angleMpuYaw                              0x20000344   Data           4  chassis_task.o(.data)
    angleMpuRoll                             0x20000348   Data           4  chassis_task.o(.data)
    palstanceMpuPitch                        0x2000034c   Data           2  chassis_task.o(.data)
    palstanceMpuYaw                          0x2000034e   Data           2  chassis_task.o(.data)
    palstanceMpuRoll                         0x20000350   Data           2  chassis_task.o(.data)
    AngleMpuYaw_Start                        0x20000354   Data           4  chassis_task.o(.data)
    Cloud_Angle_Measure_Yaw                  0x20000358   Data           4  chassis_task.o(.data)
    Cloud_Palstance_Measure_Yaw              0x2000035c   Data           4  chassis_task.o(.data)
    Angle_error                              0x20000360   Data           4  chassis_task.o(.data)
    cnt                                      0x20000364   Data           4  chassis_task.o(.data)
    FreeRTOSRunTimeTicks                     0x20000370   Data           8  freertos_middleware.o(.data)
    ChassisTask_Handler                      0x2000037c   Data           4  start_task.o(.data)
    remoteMode                               0x20000388   Data           1  start_task.o(.data)
    systemState                              0x20000389   Data           1  start_task.o(.data)
    key                                      0x2000038c   Data           4  start_task.o(.data)
    rbutton                                  0x20000390   Data           4  start_task.o(.data)
    bbutton                                  0x20000394   Data           4  start_task.o(.data)
    rplan1                                   0x20000398   Data           4  start_task.o(.data)
    rplan2                                   0x2000039c   Data           4  start_task.o(.data)
    rplan3                                   0x200003a0   Data           4  start_task.o(.data)
    bplan1                                   0x200003a4   Data           4  start_task.o(.data)
    bplan2                                   0x200003a8   Data           4  start_task.o(.data)
    bplan3                                   0x200003ac   Data           4  start_task.o(.data)
    key1                                     0x200003b0   Data           4  start_task.o(.data)
    Gimbalmode                               0x200003bc   Data           1  gimbal_task.o(.data)
    Cloud_Angle_Measure                      0x200003c0   Data           4  gimbal_task.o(.data)
    Cloud_Speed_Measure                      0x200003c4   Data           4  gimbal_task.o(.data)
    Cloud_Current_Measure                    0x200003c8   Data           4  gimbal_task.o(.data)
    Cloud_Final_Output                       0x200003cc   Data           4  gimbal_task.o(.data)
    kRc_Mech_Cloud_Standard                  0x200003d0   Data           4  gimbal_task.o(.data)
    Cloud_Angle_Target_Sum                   0x200003d4   Data           4  gimbal_task.o(.data)
    Cloud_Angle_Measure_Sum                  0x200003d8   Data           4  gimbal_task.o(.data)
    Cloud_Angle_Measure_Prev                 0x200003dc   Data           4  gimbal_task.o(.data)
    Cloud_Buff_Target_Sum                    0x200003e0   Data           4  gimbal_task.o(.data)
    Cloud_Angle_Error                        0x200003e4   Data           8  gimbal_task.o(.data)
    pTermCloudAngle                          0x200003ec   Data           8  gimbal_task.o(.data)
    iTermCloudAngle                          0x200003f4   Data           8  gimbal_task.o(.data)
    pidTermCloudAngle                        0x200003fc   Data           8  gimbal_task.o(.data)
    __stdout                                 0x20000444   Data           4  usart6.o(.data)
    USART_RX_STA                             0x20000448   Data           2  usart6.o(.data)
    Usart6_Clean_IDLE_Flag                   0x2000044c   Data           4  usart6.o(.data)
    Vision_Comps_Yaw                         0x20000450   Data           4  vision.o(.data)
    Vision_Comps_Pitch                       0x20000454   Data           4  vision.o(.data)
    Vision_Comps_Pitch_Dist                  0x20000458   Data           4  vision.o(.data)
    Vision_Get_New_Data                      0x2000045c   Data           1  vision.o(.data)
    VisionSendHeader                         0x2000045d   Data           3  vision.o(.data)
    VisionSendData                           0x20000460   Data           8  vision.o(.data)
    RGBHeader                                0x20000468   Data           1  vision.o(.data)
    Vision_New_Data                          0x20000469   Data           1  vision.o(.data)
    b                                        0x2000046c   Data           4  vision.o(.data)
    a                                        0x20000470   Data           4  vision.o(.data)
    Vision_Time                              0x20000474   Data           2  vision.o(.data)
    Vision_Ping                              0x20000476   Data           1  vision.o(.data)
    lf                                       0x20000478   Data           4  motor_ctrl.o(.data)
    rf                                       0x2000047c   Data           4  motor_ctrl.o(.data)
    lb                                       0x20000480   Data           4  motor_ctrl.o(.data)
    rb                                       0x20000484   Data           4  motor_ctrl.o(.data)
    num                                      0x20000488   Data           4  motor_ctrl.o(.data)
    f1                                       0x2000048c   Data           4  motor_ctrl.o(.data)
    f2                                       0x20000490   Data           4  motor_ctrl.o(.data)
    f3                                       0x20000494   Data           4  motor_ctrl.o(.data)
    f4                                       0x20000498   Data           4  motor_ctrl.o(.data)
    f5                                       0x2000049c   Data           4  motor_ctrl.o(.data)
    f6                                       0x200004a0   Data           4  motor_ctrl.o(.data)
    f7                                       0x200004a4   Data           4  motor_ctrl.o(.data)
    f8                                       0x200004a8   Data           4  motor_ctrl.o(.data)
    b1                                       0x200004ac   Data           4  motor_ctrl.o(.data)
    b2                                       0x200004b0   Data           4  motor_ctrl.o(.data)
    b3                                       0x200004b4   Data           4  motor_ctrl.o(.data)
    b4                                       0x200004b8   Data           4  motor_ctrl.o(.data)
    b5                                       0x200004bc   Data           4  motor_ctrl.o(.data)
    b6                                       0x200004c0   Data           4  motor_ctrl.o(.data)
    b7                                       0x200004c4   Data           4  motor_ctrl.o(.data)
    b8                                       0x200004c8   Data           4  motor_ctrl.o(.data)
    l1                                       0x200004cc   Data           4  motor_ctrl.o(.data)
    l2                                       0x200004d0   Data           4  motor_ctrl.o(.data)
    l3                                       0x200004d4   Data           4  motor_ctrl.o(.data)
    l4                                       0x200004d8   Data           4  motor_ctrl.o(.data)
    l5                                       0x200004dc   Data           4  motor_ctrl.o(.data)
    r1                                       0x200004e0   Data           4  motor_ctrl.o(.data)
    r2                                       0x200004e4   Data           4  motor_ctrl.o(.data)
    r3                                       0x200004e8   Data           4  motor_ctrl.o(.data)
    r4                                       0x200004ec   Data           4  motor_ctrl.o(.data)
    r5                                       0x200004f0   Data           4  motor_ctrl.o(.data)
    in                                       0x200004f4   Data           4  motor_ctrl.o(.data)
    flagH                                    0x200004f8   Data           4  motor_ctrl.o(.data)
    flaghh                                   0x200004fc   Data           4  motor_ctrl.o(.data)
    ct                                       0x20000500   Data           4  motor_ctrl.o(.data)
    CRC_INIT                                 0x20000518   Data           2  crc.o(.data)
    pass_flag                                0x2000051c   Data           1  main.o(.data)
    pxCurrentTCB                             0x2000052c   Data           4  tasks.o(.data)
    Chassis_Speed_Target                     0x200005a0   Data          16  chassis_task.o(.bss)
    Chassis_Speed_Error                      0x200005b0   Data          16  chassis_task.o(.bss)
    Chassis_Speed_Measure                    0x200005c0   Data          16  chassis_task.o(.bss)
    Chassis_Current_Measure                  0x200005d0   Data          16  chassis_task.o(.bss)
    Chassis_Speed_Error_Sum                  0x200005e0   Data          16  chassis_task.o(.bss)
    Chassis_Speed_Error_NOW                  0x200005f0   Data          16  chassis_task.o(.bss)
    Chassis_Speed_Error_LAST                 0x20000600   Data          16  chassis_task.o(.bss)
    Chassis_Speed_kpid                       0x20000610   Data          48  chassis_task.o(.bss)
    pTermChassis                             0x20000640   Data          16  chassis_task.o(.bss)
    iTermChassis                             0x20000650   Data          16  chassis_task.o(.bss)
    dTermChassis                             0x20000660   Data          16  chassis_task.o(.bss)
    pidTermChassis                           0x20000670   Data          16  chassis_task.o(.bss)
    Angle_Measure_Sum                        0x20000680   Data          16  chassis_task.o(.bss)
    Chassis_Angle_Measure                    0x20000690   Data          16  chassis_task.o(.bss)
    Angle_Target_Sum                         0x200006a0   Data          16  chassis_task.o(.bss)
    Chassis_Buff_Target_Sum                  0x200006b0   Data          16  chassis_task.o(.bss)
    Angle_Error                              0x200006c0   Data          32  chassis_task.o(.bss)
    pTermAngle                               0x200006e0   Data          32  chassis_task.o(.bss)
    iTermAngle                               0x20000700   Data          32  chassis_task.o(.bss)
    pidTermAngle                             0x20000720   Data          32  chassis_task.o(.bss)
    Chassis_Angle_kpid                       0x20000740   Data          96  chassis_task.o(.bss)
    chassis_angle_pid                        0x200007a0   Data          72  chassis_task.o(.bss)
    angleMpu                                 0x200007e8   Data          24  chassis_task.o(.bss)
    Chassis_Final_Output                     0x20000800   Data          16  chassis_task.o(.bss)
    Servo_Output                             0x20000810   Data          12  chassis_task.o(.bss)
    rc_ctrl                                  0x2000081c   Data          24  remote_control.o(.bss)
    Vision_Buffer                            0x2000088c   Data         400  uart7.o(.bss)
    USART_RX_BUF                             0x20000a1c   Data         200  usart6.o(.bss)
    Judge_Buf                                0x20000ae4   Data         400  usart6.o(.bss)
    VisionRecvData                           0x20000c74   Data          22  vision.o(.bss)
    VisionRecvDataTest                       0x20000c8a   Data          53  vision.o(.bss)
    vision_send_pack                         0x20000cbf   Data          50  vision.o(.bss)
    flag                                     0x20000cf1   Data           9  motor_ctrl.o(.bss)
    Servo_Real                               0x20000cfc   Data          12  servo.o(.bss)
    Servo_Target                             0x20000d08   Data          12  servo.o(.bss)
    xQueueRegistry                           0x20000d14   Data          64  queue.o(.bss)
    __libspace_start                         0x20021060   Data          96  libspace.o(.bss)
    __temporary_stack_top$libspace           0x200210c0   Data           0  libspace.o(.bss)



==============================================================================

Memory Map of the image

  Image Entry point : 0x080001ad

  Load Region LR_IROM1 (Base: 0x08000000, Size: 0x00013f40, Max: 0x00200000, ABSOLUTE, COMPRESSED[0x00013a98])

    Execution Region ER_IROM1 (Base: 0x08000000, Size: 0x000139a0, Max: 0x00200000, ABSOLUTE)

    Base Addr    Size         Type   Attr      Idx    E Section Name        Object

    0x08000000   0x000001ac   Data   RO         5984    RESET               startup_stm32f427xx.o
    0x080001ac   0x00000008   Code   RO         9562  * !!!main             c_w.l(__main.o)
    0x080001b4   0x00000034   Code   RO         9892    !!!scatter          c_w.l(__scatter.o)
    0x080001e8   0x0000005a   Code   RO         9890    !!dczerorl2         c_w.l(__dczerorl2.o)
    0x08000242   0x00000002   PAD
    0x08000244   0x0000001c   Code   RO         9894    !!handler_zi        c_w.l(__scatter_zi.o)
    0x08000260   0x00000000   Code   RO         9547    .ARM.Collect$$_printf_percent$$00000000  c_w.l(_printf_percent.o)
    0x08000260   0x00000006   Code   RO         9545    .ARM.Collect$$_printf_percent$$00000009  c_w.l(_printf_d.o)
    0x08000266   0x00000004   Code   RO         9643    .ARM.Collect$$_printf_percent$$00000017  c_w.l(_printf_percent_end.o)
    0x0800026a   0x00000002   Code   RO         9770    .ARM.Collect$$libinit$$00000000  c_w.l(libinit.o)
    0x0800026c   0x00000004   Code   RO         9779    .ARM.Collect$$libinit$$00000001  c_w.l(libinit2.o)
    0x08000270   0x00000000   Code   RO         9782    .ARM.Collect$$libinit$$00000004  c_w.l(libinit2.o)
    0x08000270   0x00000000   Code   RO         9785    .ARM.Collect$$libinit$$0000000A  c_w.l(libinit2.o)
    0x08000270   0x00000000   Code   RO         9787    .ARM.Collect$$libinit$$0000000C  c_w.l(libinit2.o)
    0x08000270   0x00000000   Code   RO         9789    .ARM.Collect$$libinit$$0000000E  c_w.l(libinit2.o)
    0x08000270   0x00000000   Code   RO         9792    .ARM.Collect$$libinit$$00000011  c_w.l(libinit2.o)
    0x08000270   0x00000000   Code   RO         9794    .ARM.Collect$$libinit$$00000013  c_w.l(libinit2.o)
    0x08000270   0x00000000   Code   RO         9796    .ARM.Collect$$libinit$$00000015  c_w.l(libinit2.o)
    0x08000270   0x00000000   Code   RO         9798    .ARM.Collect$$libinit$$00000017  c_w.l(libinit2.o)
    0x08000270   0x00000000   Code   RO         9800    .ARM.Collect$$libinit$$00000019  c_w.l(libinit2.o)
    0x08000270   0x00000000   Code   RO         9802    .ARM.Collect$$libinit$$0000001B  c_w.l(libinit2.o)
    0x08000270   0x00000000   Code   RO         9804    .ARM.Collect$$libinit$$0000001D  c_w.l(libinit2.o)
    0x08000270   0x00000000   Code   RO         9806    .ARM.Collect$$libinit$$0000001F  c_w.l(libinit2.o)
    0x08000270   0x00000000   Code   RO         9808    .ARM.Collect$$libinit$$00000021  c_w.l(libinit2.o)
    0x08000270   0x00000000   Code   RO         9810    .ARM.Collect$$libinit$$00000023  c_w.l(libinit2.o)
    0x08000270   0x00000000   Code   RO         9812    .ARM.Collect$$libinit$$00000025  c_w.l(libinit2.o)
    0x08000270   0x00000000   Code   RO         9816    .ARM.Collect$$libinit$$0000002C  c_w.l(libinit2.o)
    0x08000270   0x00000000   Code   RO         9818    .ARM.Collect$$libinit$$0000002E  c_w.l(libinit2.o)
    0x08000270   0x00000000   Code   RO         9820    .ARM.Collect$$libinit$$00000030  c_w.l(libinit2.o)
    0x08000270   0x00000000   Code   RO         9822    .ARM.Collect$$libinit$$00000032  c_w.l(libinit2.o)
    0x08000270   0x00000002   Code   RO         9823    .ARM.Collect$$libinit$$00000033  c_w.l(libinit2.o)
    0x08000272   0x00000002   Code   RO         9847    .ARM.Collect$$libshutdown$$00000000  c_w.l(libshutdown.o)
    0x08000274   0x00000000   Code   RO         9874    .ARM.Collect$$libshutdown$$00000003  c_w.l(libshutdown2.o)
    0x08000274   0x00000000   Code   RO         9877    .ARM.Collect$$libshutdown$$00000006  c_w.l(libshutdown2.o)
    0x08000274   0x00000000   Code   RO         9880    .ARM.Collect$$libshutdown$$00000009  c_w.l(libshutdown2.o)
    0x08000274   0x00000000   Code   RO         9882    .ARM.Collect$$libshutdown$$0000000B  c_w.l(libshutdown2.o)
    0x08000274   0x00000000   Code   RO         9885    .ARM.Collect$$libshutdown$$0000000E  c_w.l(libshutdown2.o)
    0x08000274   0x00000002   Code   RO         9886    .ARM.Collect$$libshutdown$$0000000F  c_w.l(libshutdown2.o)
    0x08000276   0x00000000   Code   RO         9628    .ARM.Collect$$rtentry$$00000000  c_w.l(__rtentry.o)
    0x08000276   0x00000000   Code   RO         9717    .ARM.Collect$$rtentry$$00000002  c_w.l(__rtentry2.o)
    0x08000276   0x00000006   Code   RO         9729    .ARM.Collect$$rtentry$$00000004  c_w.l(__rtentry4.o)
    0x0800027c   0x00000000   Code   RO         9719    .ARM.Collect$$rtentry$$00000009  c_w.l(__rtentry2.o)
    0x0800027c   0x00000004   Code   RO         9720    .ARM.Collect$$rtentry$$0000000A  c_w.l(__rtentry2.o)
    0x08000280   0x00000000   Code   RO         9722    .ARM.Collect$$rtentry$$0000000C  c_w.l(__rtentry2.o)
    0x08000280   0x00000008   Code   RO         9723    .ARM.Collect$$rtentry$$0000000D  c_w.l(__rtentry2.o)
    0x08000288   0x00000002   Code   RO         9771    .ARM.Collect$$rtexit$$00000000  c_w.l(rtexit.o)
    0x0800028a   0x00000000   Code   RO         9825    .ARM.Collect$$rtexit$$00000002  c_w.l(rtexit2.o)
    0x0800028a   0x00000004   Code   RO         9826    .ARM.Collect$$rtexit$$00000003  c_w.l(rtexit2.o)
    0x0800028e   0x00000006   Code   RO         9827    .ARM.Collect$$rtexit$$00000004  c_w.l(rtexit2.o)
    0x08000294   0x000000b6   Code   RO         9170    .emb_text           port.o
    0x0800034a   0x00000002   PAD
    0x0800034c   0x0000004c   Code   RO         5985    .text               startup_stm32f427xx.o
    0x08000398   0x00000002   Code   RO         9482    .text               c_w.l(use_no_semi_2.o)
    0x0800039a   0x00000048   Code   RO         9484    .text               c_w.l(llsdiv.o)
    0x080003e2   0x00000002   PAD
    0x080003e4   0x00000018   Code   RO         9490    .text               c_w.l(noretval__2printf.o)
    0x080003fc   0x00000078   Code   RO         9500    .text               c_w.l(_printf_dec.o)
    0x08000474   0x00000138   Code   RO         9535    .text               c_w.l(__printf_flags_wp.o)
    0x080005ac   0x00000058   Code   RO         9548    .text               c_w.l(memcmp.o)
    0x08000604   0x0000008a   Code   RO         9554    .text               c_w.l(rt_memcpy_v6.o)
    0x0800068e   0x00000010   Code   RO         9556    .text               c_w.l(aeabi_memset.o)
    0x0800069e   0x00000044   Code   RO         9558    .text               c_w.l(rt_memclr.o)
    0x080006e2   0x00000006   Code   RO         9560    .text               c_w.l(heapauxi.o)
    0x080006e8   0x00000002   Code   RO         9626    .text               c_w.l(use_no_semi.o)
    0x080006ea   0x000000ee   Code   RO         9629    .text               c_w.l(lludivv7m.o)
    0x080007d8   0x00000016   Code   RO         9631    .text               c_w.l(_rserrno.o)
    0x080007ee   0x000000b2   Code   RO         9633    .text               c_w.l(_printf_intcommon.o)
    0x080008a0   0x00000030   Code   RO         9635    .text               c_w.l(_printf_char_common.o)
    0x080008d0   0x00000024   Code   RO         9641    .text               c_w.l(_printf_char_file.o)
    0x080008f4   0x00000064   Code   RO         9644    .text               c_w.l(rt_memcpy_w.o)
    0x08000958   0x0000004e   Code   RO         9646    .text               c_w.l(rt_memclr_w.o)
    0x080009a6   0x00000002   PAD
    0x080009a8   0x00000008   Code   RO         9738    .text               c_w.l(rt_errno_addr_intlibspace.o)
    0x080009b0   0x00000030   Code   RO         9740    .text               c_w.l(_fptrap.o)
    0x080009e0   0x00000008   Code   RO         9744    .text               c_w.l(ferror.o)
    0x080009e8   0x00000008   Code   RO         9752    .text               c_w.l(libspace.o)
    0x080009f0   0x0000004a   Code   RO         9755    .text               c_w.l(sys_stackheap_outer.o)
    0x08000a3a   0x0000000c   Code   RO         9759    .text               c_w.l(exit.o)
    0x08000a46   0x0000000e   Code   RO         9761    .text               c_w.l(defsig_fpe_outer.o)
    0x08000a54   0x0000000a   Code   RO         9775    .text               c_w.l(defsig_exit.o)
    0x08000a5e   0x00000002   PAD
    0x08000a60   0x000000ac   Code   RO         9777    .text               c_w.l(defsig_fpe_inner.o)
    0x08000b0c   0x00000032   Code   RO         9833    .text               c_w.l(defsig_general.o)
    0x08000b3e   0x00000002   PAD
    0x08000b40   0x00000228   Code   RO         5424    i.AUTO_mode         chassis_task.o
    0x08000d68   0x00000014   Code   RO         7567    i.Adjust            motor_ctrl.o
    0x08000d7c   0x000000d0   Code   RO         8145    i.BSP_init          main.o
    0x08000e4c   0x00000060   Code   RO         7568    i.BStep             motor_ctrl.o
    0x08000eac   0x000000ec   Code   RO         7569    i.Back              motor_ctrl.o
    0x08000f98   0x000000ec   Code   RO         7570    i.Back0             motor_ctrl.o
    0x08001084   0x000000ec   Code   RO         7571    i.Back1             motor_ctrl.o
    0x08001170   0x000000f0   Code   RO         7572    i.Back112           motor_ctrl.o
    0x08001260   0x000000f0   Code   RO         7573    i.Back12            motor_ctrl.o
    0x08001350   0x00000004   Code   RO            4    i.BusFault_Handler  stm32f4xx_it.o
    0x08001354   0x0000019c   Code   RO         5293    i.CAN1_RX0_IRQHandler  can_receive.o
    0x080014f0   0x00000110   Code   RO         6770    i.CAN1_mode_init    can.o
    0x08001600   0x00000028   Code   RO         5294    i.CAN2_RX0_IRQHandler  can_receive.o
    0x08001628   0x00000114   Code   RO         6771    i.CAN2_mode_init    can.o
    0x0800173c   0x00000064   Code   RO         5295    i.CAN_CMD_CHASSIS   can_receive.o
    0x080017a0   0x000000a8   Code   RO          530    i.CAN_ClearITPendingBit  stm32f4xx_can.o
    0x08001848   0x00000108   Code   RO          534    i.CAN_FilterInit    stm32f4xx_can.o
    0x08001950   0x00000120   Code   RO          536    i.CAN_GetITStatus   stm32f4xx_can.o
    0x08001a70   0x00000012   Code   RO          540    i.CAN_ITConfig      stm32f4xx_can.o
    0x08001a82   0x00000114   Code   RO          541    i.CAN_Init          stm32f4xx_can.o
    0x08001b96   0x000000f0   Code   RO          544    i.CAN_Receive       stm32f4xx_can.o
    0x08001c86   0x00000126   Code   RO          549    i.CAN_Transmit      stm32f4xx_can.o
    0x08001dac   0x0000004c   Code   RO         5425    i.CHASSIS_CANSend   chassis_task.o
    0x08001df8   0x00000044   Code   RO         5426    i.CHASSIS_REST      chassis_task.o
    0x08001e3c   0x00000018   Code   RO         5427    i.CHASSIS_UpdateMotorAngle  chassis_task.o
    0x08001e54   0x00000018   Code   RO         5428    i.CHASSIS_UpdateMotorCur  chassis_task.o
    0x08001e6c   0x00000018   Code   RO         5429    i.CHASSIS_UpdateMotorSpeed  chassis_task.o
    0x08001e84   0x00000144   Code   RO         5430    i.Chassis_GetOffsetAngle  chassis_task.o
    0x08001fc8   0x00000170   Code   RO         5431    i.Chassis_Init      chassis_task.o
    0x08002138   0x00000044   Code   RO         5432    i.Chassis_MotorOutput  chassis_task.o
    0x0800217c   0x000001c0   Code   RO         5433    i.Chassis_Motor_Angle_PID  chassis_task.o
    0x0800233c   0x0000025c   Code   RO         5434    i.Chassis_Motor_Speed_PID  chassis_task.o
    0x08002598   0x00000294   Code   RO         5435    i.Chassis_Omni_Move_Calculate  chassis_task.o
    0x0800282c   0x000007dc   Code   RO         5436    i.Chassis_Set_Contorl  chassis_task.o
    0x08003008   0x00000012   Code   RO          552    i.CheckITStatus     stm32f4xx_can.o
    0x0800301a   0x00000002   PAD
    0x0800301c   0x00000034   Code   RO         1307    i.DMA_ClearFlag     stm32f4xx_dma.o
    0x08003050   0x00000016   Code   RO         1309    i.DMA_Cmd           stm32f4xx_dma.o
    0x08003066   0x00000002   PAD
    0x08003068   0x00000158   Code   RO         1310    i.DMA_DeInit        stm32f4xx_dma.o
    0x080031c0   0x00000016   Code   RO         1311    i.DMA_DoubleBufferModeCmd  stm32f4xx_dma.o
    0x080031d6   0x00000018   Code   RO         1312    i.DMA_DoubleBufferModeConfig  stm32f4xx_dma.o
    0x080031ee   0x00000008   Code   RO         1315    i.DMA_GetCurrDataCounter  stm32f4xx_dma.o
    0x080031f6   0x00000014   Code   RO         1316    i.DMA_GetCurrentMemoryTarget  stm32f4xx_dma.o
    0x0800320a   0x00000002   PAD
    0x0800320c   0x00000058   Code   RO         1321    i.DMA_Init          stm32f4xx_dma.o
    0x08003264   0x00000004   Code   RO         1324    i.DMA_SetCurrDataCounter  stm32f4xx_dma.o
    0x08003268   0x00000002   Code   RO            5    i.DebugMon_Handler  stm32f4xx_it.o
    0x0800326a   0x00000002   PAD
    0x0800326c   0x000003dc   Code   RO         7574    i.Forward           motor_ctrl.o
    0x08003648   0x000003d8   Code   RO         7575    i.Forward1          motor_ctrl.o
    0x08003a20   0x00000014   Code   RO         5898    i.GIMBAL_UpdateAngle  gimbal_task.o
    0x08003a34   0x00000014   Code   RO         5899    i.GIMBAL_UpdateCurrent  gimbal_task.o
    0x08003a48   0x00000014   Code   RO         5900    i.GIMBAL_UpdateSpeed  gimbal_task.o
    0x08003a5c   0x00000090   Code   RO         2154    i.GPIO_Init         stm32f4xx_gpio.o
    0x08003aec   0x00000046   Code   RO         2155    i.GPIO_PinAFConfig  stm32f4xx_gpio.o
    0x08003b32   0x00000012   Code   RO         2158    i.GPIO_ReadInputDataBit  stm32f4xx_gpio.o
    0x08003b44   0x00000004   Code   RO         2161    i.GPIO_ResetBits    stm32f4xx_gpio.o
    0x08003b48   0x00000004   Code   RO         2162    i.GPIO_SetBits      stm32f4xx_gpio.o
    0x08003b4c   0x0000000a   Code   RO         2166    i.GPIO_WriteBit     stm32f4xx_gpio.o
    0x08003b56   0x00000002   PAD
    0x08003b58   0x00000090   Code   RO         7830    i.Get               servo.o
    0x08003be8   0x00000034   Code   RO         8038    i.Get_CRC16_Check_Sum  crc.o
    0x08003c1c   0x00000024   Code   RO         8039    i.Get_CRC8_Check_Sum  crc.o
    0x08003c40   0x00000174   Code   RO         5438    i.Gyro_turn         chassis_task.o
    0x08003db4   0x00000114   Code   RO         5439    i.Gyro_turn1        chassis_task.o
    0x08003ec8   0x00000004   Code   RO            6    i.HardFault_Handler  stm32f4xx_it.o
    0x08003ecc   0x000006c8   Code   RO         7576    i.High              motor_ctrl.o
    0x08004594   0x00000050   Code   RO         6622    i.IIC_Ack           myiic.o
    0x080045e4   0x00000048   Code   RO         6623    i.IIC_Init          myiic.o
    0x0800462c   0x00000050   Code   RO         6624    i.IIC_NAck          myiic.o
    0x0800467c   0x0000006c   Code   RO         6625    i.IIC_Read_Byte     myiic.o
    0x080046e8   0x00000068   Code   RO         6626    i.IIC_Send_Byte     myiic.o
    0x08004750   0x0000004c   Code   RO         6627    i.IIC_Start         myiic.o
    0x0800479c   0x0000004c   Code   RO         6628    i.IIC_Stop          myiic.o
    0x080047e8   0x00000060   Code   RO         6629    i.IIC_Wait_Ack      myiic.o
    0x08004848   0x000006c0   Code   RO         7577    i.Low               motor_ctrl.o
    0x08004f08   0x000006c4   Code   RO         7578    i.Low2              motor_ctrl.o
    0x080055cc   0x000006c8   Code   RO         7579    i.Low3              motor_ctrl.o
    0x08005c94   0x00000010   Code   RO         7580    i.Low4              motor_ctrl.o
    0x08005ca4   0x000002f8   Code   RO         7582    i.Low_Forward_AdvanceStop  motor_ctrl.o
    0x08005f9c   0x00000050   Code   RO         6530    i.MPU_Get_Gyroscope  mpu6050.o
    0x08005fec   0x0000007a   Code   RO         6532    i.MPU_Init          mpu6050.o
    0x08006066   0x0000003a   Code   RO         6533    i.MPU_Read_Byte     mpu6050.o
    0x080060a0   0x00000074   Code   RO         6534    i.MPU_Read_Len      mpu6050.o
    0x08006114   0x00000010   Code   RO         6535    i.MPU_Set_Accel_Fsr  mpu6050.o
    0x08006124   0x00000010   Code   RO         6536    i.MPU_Set_Gyro_Fsr  mpu6050.o
    0x08006134   0x0000003a   Code   RO         6537    i.MPU_Set_LPF       mpu6050.o
    0x0800616e   0x0000003a   Code   RO         6538    i.MPU_Set_Rate      mpu6050.o
    0x080061a8   0x0000008c   Code   RO         5440    i.MPU_Update        chassis_task.o
    0x08006234   0x0000002c   Code   RO         5441    i.MPU_Update_Starting  chassis_task.o
    0x08006260   0x00000044   Code   RO         6539    i.MPU_Write_Byte    mpu6050.o
    0x080062a4   0x00000060   Code   RO         6540    i.MPU_Write_Len     mpu6050.o
    0x08006304   0x00000004   Code   RO            7    i.MemManage_Handler  stm32f4xx_it.o
    0x08006308   0x000006c4   Code   RO         7583    i.Mid               motor_ctrl.o
    0x080069cc   0x00000174   Code   RO         5442    i.MotorAngleSum     chassis_task.o
    0x08006b40   0x00000002   Code   RO            8    i.NMI_Handler       stm32f4xx_it.o
    0x08006b42   0x00000002   PAD
    0x08006b44   0x00000078   Code   RO          234    i.NVIC_Init         misc.o
    0x08006bbc   0x00000014   Code   RO          235    i.NVIC_PriorityGroupConfig  misc.o
    0x08006bd0   0x00000090   Code   RO         7831    i.Nor               servo.o
    0x08006c60   0x00000090   Code   RO         7832    i.Normal            servo.o
    0x08006cf0   0x00000090   Code   RO         7833    i.Normal2           servo.o
    0x08006d80   0x000001f0   Code   RO         5711    i.PID_Calc          pid.o
    0x08006f70   0x00000060   Code   RO         5712    i.PID_Init          pid.o
    0x08006fd0   0x00000090   Code   RO         7834    i.Place1            servo.o
    0x08007060   0x00000090   Code   RO         7835    i.Place11           servo.o
    0x080070f0   0x00000090   Code   RO         7836    i.Place2            servo.o
    0x08007180   0x0000008c   Code   RO         7837    i.Place21           servo.o
    0x0800720c   0x00000090   Code   RO         7838    i.Place22           servo.o
    0x0800729c   0x00000090   Code   RO         7839    i.Place222          servo.o
    0x0800732c   0x00000090   Code   RO         7840    i.Place3            servo.o
    0x080073bc   0x00000090   Code   RO         7841    i.Place31           servo.o
    0x0800744c   0x00000090   Code   RO         7842    i.Place32           servo.o
    0x080074dc   0x00000090   Code   RO         7843    i.Place333          servo.o
    0x0800756c   0x00000090   Code   RO         7844    i.Placec1           servo.o
    0x080075fc   0x00000090   Code   RO         7845    i.Placec2           servo.o
    0x0800768c   0x00000090   Code   RO         7846    i.Placec3           servo.o
    0x0800771c   0x00000090   Code   RO         7847    i.Placec4           servo.o
    0x080077ac   0x00000020   Code   RO         3092    i.RCC_AHB1PeriphClockCmd  stm32f4xx_rcc.o
    0x080077cc   0x00000020   Code   RO         3101    i.RCC_APB1PeriphClockCmd  stm32f4xx_rcc.o
    0x080077ec   0x00000020   Code   RO         3103    i.RCC_APB1PeriphResetCmd  stm32f4xx_rcc.o
    0x0800780c   0x00000020   Code   RO         3104    i.RCC_APB2PeriphClockCmd  stm32f4xx_rcc.o
    0x0800782c   0x00000020   Code   RO         3106    i.RCC_APB2PeriphResetCmd  stm32f4xx_rcc.o
    0x0800784c   0x000000e8   Code   RO         3113    i.RCC_GetClocksFreq  stm32f4xx_rcc.o
    0x08007934   0x0000014c   Code   RO         7180    i.RC_Init           rc.o
    0x08007a80   0x00000090   Code   RO         7848    i.Raise             servo.o
    0x08007b10   0x00000090   Code   RO         7849    i.Raise2            servo.o
    0x08007ba0   0x000000da   Code   RO         5757    i.SBUS_TO_RC        remote_control.o
    0x08007c7a   0x00000002   PAD
    0x08007c7c   0x0000000c   Code   RO         5827    i.SYSTEM_GetSystemState  start_task.o
    0x08007c88   0x00000020   Code   RO         7850    i.Servo_Init        servo.o
    0x08007ca8   0x000000d0   Code   RO         7851    i.Servo_Ramp        servo.o
    0x08007d78   0x00000120   Code   RO          193    i.SetSysClock       system_stm32f4xx.o
    0x08007e98   0x0000004c   Code   RO         7584    i.Step              motor_ctrl.o
    0x08007ee4   0x0000005c   Code   RO         7585    i.Step1             motor_ctrl.o
    0x08007f40   0x000000a4   Code   RO         7586    i.Step6             motor_ctrl.o
    0x08007fe4   0x00000028   Code   RO          238    i.SysTick_CLKSourceConfig  misc.o
    0x0800800c   0x00000010   Code   RO         5663    i.SysTick_Handler   freertos_middleware.o
    0x0800801c   0x00000068   Code   RO          195    i.SystemInit        system_stm32f4xx.o
    0x08008084   0x0000002c   Code   RO         5828    i.System_control    start_task.o
    0x080080b0   0x00000030   Code   RO         5664    i.TIM3_IRQHandler   freertos_middleware.o
    0x080080e0   0x00000124   Code   RO         7286    i.TIM5_Init         timer.o
    0x08008204   0x00000180   Code   RO         7852    i.TIM5_Servo        servo.o
    0x08008384   0x00000024   Code   RO         5298    i.TIM6_DAC_IRQHandler  can_receive.o
    0x080083a8   0x00000078   Code   RO         7287    i.TIM6_Init         timer.o
    0x08008420   0x00000018   Code   RO         4473    i.TIM_ARRPreloadConfig  stm32f4xx_tim.o
    0x08008438   0x00000006   Code   RO         4479    i.TIM_ClearFlag     stm32f4xx_tim.o
    0x0800843e   0x00000018   Code   RO         4485    i.TIM_Cmd           stm32f4xx_tim.o
    0x08008456   0x0000001e   Code   RO         4487    i.TIM_CtrlPWMOutputs  stm32f4xx_tim.o
    0x08008474   0x00000190   Code   RO         4490    i.TIM_DeInit        stm32f4xx_tim.o
    0x08008604   0x00000022   Code   RO         4506    i.TIM_GetITStatus   stm32f4xx_tim.o
    0x08008626   0x00000012   Code   RO         4510    i.TIM_ITConfig      stm32f4xx_tim.o
    0x08008638   0x0000007c   Code   RO         4514    i.TIM_OC1Init       stm32f4xx_tim.o
    0x080086b4   0x00000012   Code   RO         4517    i.TIM_OC1PreloadConfig  stm32f4xx_tim.o
    0x080086c6   0x00000002   PAD
    0x080086c8   0x000000a4   Code   RO         4519    i.TIM_OC2Init       stm32f4xx_tim.o
    0x0800876c   0x0000001a   Code   RO         4522    i.TIM_OC2PreloadConfig  stm32f4xx_tim.o
    0x08008786   0x00000002   PAD
    0x08008788   0x000000a0   Code   RO         4524    i.TIM_OC3Init       stm32f4xx_tim.o
    0x08008828   0x00000012   Code   RO         4527    i.TIM_OC3PreloadConfig  stm32f4xx_tim.o
    0x0800883a   0x00000002   PAD
    0x0800883c   0x00000078   Code   RO         4529    i.TIM_OC4Init       stm32f4xx_tim.o
    0x080088b4   0x0000001a   Code   RO         4531    i.TIM_OC4PreloadConfig  stm32f4xx_tim.o
    0x080088ce   0x00000002   PAD
    0x080088d0   0x00000084   Code   RO         4557    i.TIM_TimeBaseInit  stm32f4xx_tim.o
    0x08008954   0x00000090   Code   RO         7853    i.Tou1              servo.o
    0x080089e4   0x00000090   Code   RO         7854    i.Tou2              servo.o
    0x08008a74   0x00000090   Code   RO         7855    i.Tou3              servo.o
    0x08008b04   0x00000090   Code   RO         7856    i.Tou4              servo.o
    0x08008b94   0x00000090   Code   RO         7857    i.Tou5              servo.o
    0x08008c24   0x00000090   Code   RO         7858    i.Tou6              servo.o
    0x08008cb4   0x000000c8   Code   RO         7331    i.UART7_IRQHandler  uart7.o
    0x08008d7c   0x000000e4   Code   RO         5758    i.USART1_IRQHandler  remote_control.o
    0x08008e60   0x00000098   Code   RO         7389    i.USART6_IRQHandler  usart6.o
    0x08008ef8   0x00000012   Code   RO         5035    i.USART_ClearFlag   stm32f4xx_usart.o
    0x08008f0a   0x00000018   Code   RO         5039    i.USART_Cmd         stm32f4xx_usart.o
    0x08008f22   0x00000012   Code   RO         5040    i.USART_DMACmd      stm32f4xx_usart.o
    0x08008f34   0x000000f0   Code   RO         5041    i.USART_DeInit      stm32f4xx_usart.o
    0x08009024   0x00000054   Code   RO         5043    i.USART_GetITStatus  stm32f4xx_usart.o
    0x08009078   0x0000004a   Code   RO         5045    i.USART_ITConfig    stm32f4xx_usart.o
    0x080090c2   0x00000002   PAD
    0x080090c4   0x000000d4   Code   RO         5046    i.USART_Init        stm32f4xx_usart.o
    0x08009198   0x0000000a   Code   RO         5053    i.USART_ReceiveData  stm32f4xx_usart.o
    0x080091a2   0x00000004   Code   RO            9    i.UsageFault_Handler  stm32f4xx_it.o
    0x080091a6   0x00000002   PAD
    0x080091a8   0x00000040   Code   RO         8040    i.Verify_CRC16_Check_Sum  crc.o
    0x080091e8   0x00000030   Code   RO         8041    i.Verify_CRC8_Check_Sum  crc.o
    0x08009218   0x00000078   Code   RO         7452    i.Vision_Read_Data  vision.o
    0x08009290   0x00000030   Code   RO         9699    i.__ARM_fpclassify  m_wm.l(fpclassify.o)
    0x080092c0   0x00000360   Code   RO         9594    i.__hardfp_asin     m_wm.l(asin.o)
    0x08009620   0x000002d8   Code   RO         9671    i.__hardfp_atan     m_wm.l(atan.o)
    0x080098f8   0x000001f0   Code   RO         9608    i.__hardfp_atan2    m_wm.l(atan2.o)
    0x08009ae8   0x00000014   Code   RO         9620    i.__hardfp_fabs     m_wm.l(fabs.o)
    0x08009afc   0x000000f8   Code   RO         9701    i.__kernel_poly     m_wm.l(poly.o)
    0x08009bf4   0x00000014   Code   RO         9686    i.__mathlib_dbl_infnan  m_wm.l(dunder.o)
    0x08009c08   0x00000014   Code   RO         9687    i.__mathlib_dbl_infnan2  m_wm.l(dunder.o)
    0x08009c1c   0x00000004   PAD
    0x08009c20   0x00000020   Code   RO         9688    i.__mathlib_dbl_invalid  m_wm.l(dunder.o)
    0x08009c40   0x00000020   Code   RO         9691    i.__mathlib_dbl_underflow  m_wm.l(dunder.o)
    0x08009c60   0x0000000e   Code   RO         9533    i._is_digit         c_w.l(__printf_wp.o)
    0x08009c6e   0x00000008   Code   RO         7390    i._sys_exit         usart6.o
    0x08009c76   0x00000008   Code   RO         7391    i._ttywrch          usart6.o
    0x08009c7e   0x00000002   PAD
    0x08009c80   0x000000c0   Code   RO         5992    i.accel_self_test   inv_mpu.o
    0x08009d40   0x00000028   Code   RO         5444    i.arm_flag          chassis_task.o
    0x08009d68   0x00000010   Code   RO         9673    i.atan              m_wm.l(atan.o)
    0x08009d78   0x000006c8   Code   RO         7587    i.back              motor_ctrl.o
    0x0800a440   0x00000024   Code   RO         5445    i.chassis_feedback_update  chassis_task.o
    0x0800a464   0x0000003a   Code   RO         5446    i.chassis_task      chassis_task.o
    0x0800a49e   0x0000002a   Code   RO         7079    i.constrain_float   limit.o
    0x0800a4c8   0x00000064   Code   RO         6335    i.decode_gesture    inv_mpu_dmp_motion_driver.o
    0x0800a52c   0x0000006c   Code   RO         6800    i.delay_init        delay.o
    0x0800a598   0x00000050   Code   RO         6801    i.delay_ms          delay.o
    0x0800a5e8   0x00000050   Code   RO         6802    i.delay_us          delay.o
    0x0800a638   0x0000003c   Code   RO         6336    i.dmp_enable_6x_lp_quat  inv_mpu_dmp_motion_driver.o
    0x0800a674   0x0000021c   Code   RO         6337    i.dmp_enable_feature  inv_mpu_dmp_motion_driver.o
    0x0800a890   0x00000058   Code   RO         6338    i.dmp_enable_gyro_cal  inv_mpu_dmp_motion_driver.o
    0x0800a8e8   0x0000003c   Code   RO         6339    i.dmp_enable_lp_quat  inv_mpu_dmp_motion_driver.o
    0x0800a924   0x00000018   Code   RO         6344    i.dmp_load_motion_driver_firmware  inv_mpu_dmp_motion_driver.o
    0x0800a93c   0x000001cc   Code   RO         6345    i.dmp_read_fifo     inv_mpu_dmp_motion_driver.o
    0x0800ab08   0x00000130   Code   RO         6348    i.dmp_set_accel_bias  inv_mpu_dmp_motion_driver.o
    0x0800ac38   0x00000070   Code   RO         6349    i.dmp_set_fifo_rate  inv_mpu_dmp_motion_driver.o
    0x0800aca8   0x00000130   Code   RO         6350    i.dmp_set_gyro_bias  inv_mpu_dmp_motion_driver.o
    0x0800add8   0x00000138   Code   RO         6352    i.dmp_set_orientation  inv_mpu_dmp_motion_driver.o
    0x0800af10   0x00000038   Code   RO         6355    i.dmp_set_shake_reject_thresh  inv_mpu_dmp_motion_driver.o
    0x0800af48   0x00000026   Code   RO         6356    i.dmp_set_shake_reject_time  inv_mpu_dmp_motion_driver.o
    0x0800af6e   0x00000026   Code   RO         6357    i.dmp_set_shake_reject_timeout  inv_mpu_dmp_motion_driver.o
    0x0800af94   0x00000046   Code   RO         6358    i.dmp_set_tap_axes  inv_mpu_dmp_motion_driver.o
    0x0800afda   0x00000026   Code   RO         6359    i.dmp_set_tap_count  inv_mpu_dmp_motion_driver.o
    0x0800b000   0x000001c0   Code   RO         6360    i.dmp_set_tap_thresh  inv_mpu_dmp_motion_driver.o
    0x0800b1c0   0x00000026   Code   RO         6361    i.dmp_set_tap_time  inv_mpu_dmp_motion_driver.o
    0x0800b1e6   0x00000026   Code   RO         6362    i.dmp_set_tap_time_multi  inv_mpu_dmp_motion_driver.o
    0x0800b20c   0x00000018   Code   RO         9622    i.fabs              m_wm.l(fabs.o)
    0x0800b224   0x00000018   Code   RO         6997    i.flow_led_off      led.o
    0x0800b23c   0x0000002c   Code   RO         5447    i.forward_flag      chassis_task.o
    0x0800b268   0x0000001c   Code   RO         7392    i.fputc             usart6.o
    0x0800b284   0x000000d0   Code   RO         5993    i.get_accel_prod_shift  inv_mpu.o
    0x0800b354   0x00000470   Code   RO         5994    i.get_st_biases     inv_mpu.o
    0x0800b7c4   0x00000030   Code   RO         7588    i.go_back           motor_ctrl.o
    0x0800b7f4   0x0000002c   Code   RO         7589    i.go_high           motor_ctrl.o
    0x0800b820   0x0000002c   Code   RO         7590    i.go_low            motor_ctrl.o
    0x0800b84c   0x0000002c   Code   RO         7591    i.go_low2           motor_ctrl.o
    0x0800b878   0x0000002c   Code   RO         7592    i.go_low3           motor_ctrl.o
    0x0800b8a4   0x0000002c   Code   RO         7593    i.go_mid            motor_ctrl.o
    0x0800b8d0   0x0000011c   Code   RO         5995    i.gyro_self_test    inv_mpu.o
    0x0800b9ec   0x00000028   Code   RO         5996    i.inv_orientation_matrix_to_scalar  inv_mpu.o
    0x0800ba14   0x0000004e   Code   RO         5997    i.inv_row_2_scale   inv_mpu.o
    0x0800ba62   0x00000002   PAD
    0x0800ba64   0x0000090c   Code   RO         5448    i.judge             chassis_task.o
    0x0800c370   0x000002b0   Code   RO         6934    i.key_Init          key.o
    0x0800c620   0x00000094   Code   RO         7000    i.led_configuration  led.o
    0x0800c6b4   0x00000014   Code   RO         7001    i.led_green_off     led.o
    0x0800c6c8   0x00000014   Code   RO         7004    i.led_red_off       led.o
    0x0800c6dc   0x000002f4   Code   RO         7595    i.low_Forward       motor_ctrl.o
    0x0800c9d0   0x000002f4   Code   RO         7596    i.low_Forward0      motor_ctrl.o
    0x0800ccc4   0x00000320   Code   RO         7597    i.low_Forward1      motor_ctrl.o
    0x0800cfe4   0x0000013c   Code   RO         7598    i.low_Forward11     motor_ctrl.o
    0x0800d120   0x00000016   Code   RO         8146    i.main              main.o
    0x0800d136   0x00000002   Code   RO         5998    i.mget_ms           inv_mpu.o
    0x0800d138   0x0000002c   Code   RO         7599    i.motor_speed       motor_ctrl.o
    0x0800d164   0x00000070   Code   RO         5999    i.mpu_configure_fifo  inv_mpu.o
    0x0800d1d4   0x00000218   Code   RO         6000    i.mpu_dmp_get_data  inv_mpu.o
    0x0800d3ec   0x000000a0   Code   RO         6001    i.mpu_dmp_init      inv_mpu.o
    0x0800d48c   0x0000004c   Code   RO         6002    i.mpu_get_accel_fsr  inv_mpu.o
    0x0800d4d8   0x00000054   Code   RO         6004    i.mpu_get_accel_sens  inv_mpu.o
    0x0800d52c   0x00000010   Code   RO         6009    i.mpu_get_fifo_config  inv_mpu.o
    0x0800d53c   0x00000044   Code   RO         6010    i.mpu_get_gyro_fsr  inv_mpu.o
    0x0800d580   0x00000060   Code   RO         6012    i.mpu_get_gyro_sens  inv_mpu.o
    0x0800d5e0   0x00000050   Code   RO         6014    i.mpu_get_lpf       inv_mpu.o
    0x0800d630   0x00000020   Code   RO         6016    i.mpu_get_sample_rate  inv_mpu.o
    0x0800d650   0x000001f0   Code   RO         6018    i.mpu_init          inv_mpu.o
    0x0800d840   0x000000b8   Code   RO         6019    i.mpu_load_firmware  inv_mpu.o
    0x0800d8f8   0x000000e0   Code   RO         6020    i.mpu_lp_accel_mode  inv_mpu.o
    0x0800d9d8   0x000000c0   Code   RO         6023    i.mpu_read_fifo_stream  inv_mpu.o
    0x0800da98   0x00000080   Code   RO         6024    i.mpu_read_mem      inv_mpu.o
    0x0800db18   0x000001c8   Code   RO         6027    i.mpu_reset_fifo    inv_mpu.o
    0x0800dce0   0x0000011c   Code   RO         6028    i.mpu_run_self_test  inv_mpu.o
    0x0800ddfc   0x00000084   Code   RO         6030    i.mpu_set_accel_fsr  inv_mpu.o
    0x0800de80   0x0000014c   Code   RO         6031    i.mpu_set_bypass    inv_mpu.o
    0x0800dfcc   0x00000090   Code   RO         6033    i.mpu_set_dmp_state  inv_mpu.o
    0x0800e05c   0x00000088   Code   RO         6034    i.mpu_set_gyro_fsr  inv_mpu.o
    0x0800e0e4   0x0000006c   Code   RO         6035    i.mpu_set_int_latched  inv_mpu.o
    0x0800e150   0x00000084   Code   RO         6037    i.mpu_set_lpf       inv_mpu.o
    0x0800e1d4   0x0000009c   Code   RO         6038    i.mpu_set_sample_rate  inv_mpu.o
    0x0800e270   0x000000d0   Code   RO         6039    i.mpu_set_sensors   inv_mpu.o
    0x0800e340   0x00000080   Code   RO         6040    i.mpu_write_mem     inv_mpu.o
    0x0800e3c0   0x00000048   Code   RO         7135    i.power_ctrl_configuration  power_ctrl.o
    0x0800e408   0x00000020   Code   RO         7136    i.power_ctrl_off    power_ctrl.o
    0x0800e428   0x00000020   Code   RO         7137    i.power_ctrl_on     power_ctrl.o
    0x0800e448   0x00000098   Code   RO         8651    i.prvAddCurrentTaskToDelayedList  tasks.o
    0x0800e4e0   0x000000b8   Code   RO         8652    i.prvAddNewTaskToReadyList  tasks.o
    0x0800e598   0x00000064   Code   RO         9028    i.prvCheckForValidListAndQueue  timers.o
    0x0800e5fc   0x00000064   Code   RO         8653    i.prvCheckTasksWaitingTermination  tasks.o
    0x0800e660   0x0000002a   Code   RO         8406    i.prvCopyDataFromQueue  queue.o
    0x0800e68a   0x0000007c   Code   RO         8407    i.prvCopyDataToQueue  queue.o
    0x0800e706   0x00000012   Code   RO         8654    i.prvDeleteTCB      tasks.o
    0x0800e718   0x00000028   Code   RO         9029    i.prvGetNextExpireTime  timers.o
    0x0800e740   0x0000007c   Code   RO         9253    i.prvHeapInit       heap_4.o
    0x0800e7bc   0x00000028   Code   RO         8655    i.prvIdleTask       tasks.o
    0x0800e7e4   0x0000002e   Code   RO         8409    i.prvInitialiseNewQueue  queue.o
    0x0800e812   0x000000b4   Code   RO         8656    i.prvInitialiseNewTask  tasks.o
    0x0800e8c6   0x00000002   PAD
    0x0800e8c8   0x00000068   Code   RO         8657    i.prvInitialiseTaskLists  tasks.o
    0x0800e930   0x00000068   Code   RO         9254    i.prvInsertBlockIntoFreeList  heap_4.o
    0x0800e998   0x00000058   Code   RO         9031    i.prvInsertTimerInActiveList  timers.o
    0x0800e9f0   0x0000001a   Code   RO         8410    i.prvIsQueueEmpty   queue.o
    0x0800ea0a   0x0000001e   Code   RO         8411    i.prvIsQueueFull    queue.o
    0x0800ea28   0x00000090   Code   RO         8412    i.prvNotifyQueueSetContainer  queue.o
    0x0800eab8   0x00000064   Code   RO         9032    i.prvProcessExpiredTimer  timers.o
    0x0800eb1c   0x000000f8   Code   RO         9033    i.prvProcessReceivedCommands  timers.o
    0x0800ec14   0x00000074   Code   RO         9034    i.prvProcessTimerOrBlockTask  timers.o
    0x0800ec88   0x00000034   Code   RO         8659    i.prvResetNextTaskUnblockTime  tasks.o
    0x0800ecbc   0x0000002c   Code   RO         9035    i.prvSampleTimeNow  timers.o
    0x0800ece8   0x000000a0   Code   RO         9036    i.prvSwitchTimerLists  timers.o
    0x0800ed88   0x00000040   Code   RO         9171    i.prvTaskExitError  port.o
    0x0800edc8   0x0000001a   Code   RO         9037    i.prvTimerTask      timers.o
    0x0800ede2   0x00000092   Code   RO         8413    i.prvUnlockQueue    queue.o
    0x0800ee74   0x0000013c   Code   RO         9255    i.pvPortMalloc      heap_4.o
    0x0800efb0   0x00000020   Code   RO         8664    i.pvTaskIncrementMutexHeldCount  tasks.o
    0x0800efd0   0x0000002c   Code   RO         9172    i.pxPortInitialiseStack  port.o
    0x0800effc   0x00000014   Code   RO         5760    i.remote_control_init  remote_control.o
    0x0800f010   0x0000008c   Code   RO         5449    i.ring_release_correction  chassis_task.o
    0x0800f09c   0x0000009a   Code   RO         6041    i.run_self_test     inv_mpu.o
    0x0800f136   0x00000002   PAD
    0x0800f138   0x00000238   Code   RO         7601    i.sensor_update     motor_ctrl.o
    0x0800f370   0x00000180   Code   RO         7859    i.servo             servo.o
    0x0800f4f0   0x00000090   Code   RO         6042    i.set_int_enable    inv_mpu.o
    0x0800f580   0x0000006e   Code   RO         9706    i.sqrt              m_wm.l(sqrt_full.o)
    0x0800f5ee   0x00000002   PAD
    0x0800f5f0   0x0000002c   Code   RO         5830    i.startTast         start_task.o
    0x0800f61c   0x00000070   Code   RO         5831    i.start_task        start_task.o
    0x0800f68c   0x0000002c   Code   RO         7602    i.stop              motor_ctrl.o
    0x0800f6b8   0x00000054   Code   RO         7603    i.stop_delay        motor_ctrl.o
    0x0800f70c   0x00000128   Code   RO         7604    i.stop_forward      motor_ctrl.o
    0x0800f834   0x00000058   Code   RO         5832    i.system_update     start_task.o
    0x0800f88c   0x0000002c   Code   RO         5450    i.turn_flag         chassis_task.o
    0x0800f8b8   0x000000c4   Code   RO         5451    i.update_uncorrect_flag  chassis_task.o
    0x0800f97c   0x00000128   Code   RO         7393    i.usart6_init       usart6.o
    0x0800faa4   0x00000028   Code   RO         8357    i.uxListRemove      list.o
    0x0800facc   0x0000001a   Code   RO         8358    i.vListInitialise   list.o
    0x0800fae6   0x00000006   Code   RO         8359    i.vListInitialiseItem  list.o
    0x0800faec   0x00000034   Code   RO         8360    i.vListInsert       list.o
    0x0800fb20   0x00000018   Code   RO         8361    i.vListInsertEnd    list.o
    0x0800fb38   0x00000054   Code   RO         9174    i.vPortEnterCritical  port.o
    0x0800fb8c   0x0000003c   Code   RO         9175    i.vPortExitCritical  port.o
    0x0800fbc8   0x00000094   Code   RO         9256    i.vPortFree         heap_4.o
    0x0800fc5c   0x00000002   Code   RO         5665    i.vPortSetupTimerInterrupt  freertos_middleware.o
    0x0800fc5e   0x00000002   PAD
    0x0800fc60   0x00000078   Code   RO         9176    i.vPortValidateInterruptPriority  port.o
    0x0800fcd8   0x0000002c   Code   RO         8419    i.vQueueAddToRegistry  queue.o
    0x0800fd04   0x0000004a   Code   RO         8423    i.vQueueWaitForMessageRestricted  queue.o
    0x0800fd4e   0x00000002   PAD
    0x0800fd50   0x0000005c   Code   RO         8673    i.vTaskDelay        tasks.o
    0x0800fdac   0x000000d4   Code   RO         8674    i.vTaskDelayUntil   tasks.o
    0x0800fe80   0x000000f4   Code   RO         8675    i.vTaskDelete       tasks.o
    0x0800ff74   0x0000000c   Code   RO         8679    i.vTaskMissedYield  tasks.o
    0x0800ff80   0x00000038   Code   RO         8681    i.vTaskPlaceOnEventList  tasks.o
    0x0800ffb8   0x00000040   Code   RO         8682    i.vTaskPlaceOnEventListRestricted  tasks.o
    0x0800fff8   0x000000b0   Code   RO         8684    i.vTaskPriorityInherit  tasks.o
    0x080100a8   0x00000030   Code   RO         8688    i.vTaskSetTimeOutState  tasks.o
    0x080100d8   0x00000094   Code   RO         8689    i.vTaskStartScheduler  tasks.o
    0x0801016c   0x00000010   Code   RO         8691    i.vTaskSuspendAll   tasks.o
    0x0801017c   0x0000008c   Code   RO         8692    i.vTaskSwitchContext  tasks.o
    0x08010208   0x0000013c   Code   RO         9177    i.xPortStartScheduler  port.o
    0x08010344   0x00000034   Code   RO         9178    i.xPortSysTickHandler  port.o
    0x08010378   0x00000058   Code   RO         8428    i.xQueueGenericCreate  queue.o
    0x080103d0   0x000001c4   Code   RO         8429    i.xQueueGenericReceive  queue.o
    0x08010594   0x00000098   Code   RO         8430    i.xQueueGenericReset  queue.o
    0x0801062c   0x000001c8   Code   RO         8431    i.xQueueGenericSend  queue.o
    0x080107f4   0x00000108   Code   RO         8432    i.xQueueGenericSendFromISR  queue.o
    0x080108fc   0x0000008c   Code   RO         8693    i.xTaskCheckForTimeOut  tasks.o
    0x08010988   0x00000060   Code   RO         8694    i.xTaskCreate       tasks.o
    0x080109e8   0x00000020   Code   RO         8699    i.xTaskGetSchedulerState  tasks.o
    0x08010a08   0x0000000c   Code   RO         8700    i.xTaskGetTickCount  tasks.o
    0x08010a14   0x00000148   Code   RO         8702    i.xTaskIncrementTick  tasks.o
    0x08010b5c   0x000000c8   Code   RO         8705    i.xTaskPriorityDisinherit  tasks.o
    0x08010c24   0x00000098   Code   RO         8706    i.xTaskRemoveFromEventList  tasks.o
    0x08010cbc   0x00000104   Code   RO         8708    i.xTaskResumeAll    tasks.o
    0x08010dc0   0x00000054   Code   RO         9041    i.xTimerCreateTimerTask  timers.o
    0x08010e14   0x00000084   Code   RO         9042    i.xTimerGenericCommand  timers.o
    0x08010e98   0x00000018   Code   RO         9648    x$fpl$basic         g_wm.l(basic.o)
    0x08010eb0   0x000002c4   Code   RO         9564    x$fpl$d2f           g_wm.l(d2f_clz.o)
    0x08011174   0x0000024c   Code   RO         9566    x$fpl$dadd          g_wm.l(daddsub_clz.o)
    0x080113c0   0x00000018   Code   RO         9650    x$fpl$dcmpinf       g_wm.l(dcmpi.o)
    0x080113d8   0x0000037c   Code   RO         9573    x$fpl$ddiv          g_wm.l(ddiv_clz.o)
    0x08011754   0x000000dc   Code   RO         9576    x$fpl$dfixu         g_wm.l(dfixu.o)
    0x08011830   0x0000002e   Code   RO         9581    x$fpl$dflt          g_wm.l(dflt_clz.o)
    0x0801185e   0x0000001a   Code   RO         9582    x$fpl$dfltn         g_wm.l(dflt_clz.o)
    0x08011878   0x00000078   Code   RO         9586    x$fpl$dleqf         g_wm.l(dleqf.o)
    0x080118f0   0x000001c0   Code   RO         9588    x$fpl$dmul          g_wm.l(dmul_clz.o)
    0x08011ab0   0x00000102   Code   RO         9652    x$fpl$dnaninf       g_wm.l(dnaninf.o)
    0x08011bb2   0x00000070   Code   RO         9654    x$fpl$drenorm       g_wm.l(drenorm_clz.o)
    0x08011c22   0x0000000c   Code   RO         9656    x$fpl$dretinf       g_wm.l(dretinf.o)
    0x08011c2e   0x00000062   Code   RO         9590    x$fpl$drleqf        g_wm.l(drleqf.o)
    0x08011c90   0x00000050   Code   RO         9567    x$fpl$drsb          g_wm.l(daddsub_clz.o)
    0x08011ce0   0x00000208   Code   RO         9748    x$fpl$dsqrt         g_wm.l(dsqrt_umaalclz.o)
    0x08011ee8   0x0000029c   Code   RO         9568    x$fpl$dsub          g_wm.l(daddsub_clz.o)
    0x08012184   0x0000017a   Code   RO         9658    x$fpl$dunder        g_wm.l(dunder_clz.o)
    0x080122fe   0x00000002   PAD
    0x08012300   0x000001ec   Code   RO         9660    x$fpl$exception     g_wm.l(except.o)
    0x080124ec   0x0000007a   Code   RO         9592    x$fpl$f2d           g_wm.l(f2d.o)
    0x08012566   0x000000f2   Code   RO         9662    x$fpl$fnaninf       g_wm.l(fnaninf.o)
    0x08012658   0x0000000a   Code   RO         9837    x$fpl$fpinit        g_wm.l(fpinit.o)
    0x08012662   0x0000000a   Code   RO         9664    x$fpl$fretinf       g_wm.l(fretinf.o)
    0x0801266c   0x0000013c   Code   RO         9666    x$fpl$funder        g_wm.l(funder_clz.o)
    0x080127a8   0x000000b2   Code   RO         9750    x$fpl$retnan        g_wm.l(retnan.o)
    0x0801285a   0x0000007e   Code   RO         9668    x$fpl$trapveneer    g_wm.l(trapv.o)
    0x080128d8   0x00000000   Code   RO         9670    x$fpl$usenofp       g_wm.l(usenofp.o)
    0x080128d8   0x0000000c   Data   RO         5453    .constdata          chassis_task.o
    0x080128e4   0x00000050   Data   RO         6044    .constdata          inv_mpu.o
    0x08012934   0x00000bf6   Data   RO         6364    .constdata          inv_mpu_dmp_motion_driver.o
    0x0801352a   0x00000302   Data   RO         8042    .constdata          crc.o
    0x0801382c   0x00000011   Data   RO         9536    .constdata          c_w.l(__printf_flags_wp.o)
    0x0801383d   0x00000003   PAD
    0x08013840   0x00000050   Data   RO         9597    .constdata          m_wm.l(asin.o)
    0x08013890   0x00000098   Data   RO         9674    .constdata          m_wm.l(atan.o)
    0x08013928   0x00000008   Data   RO         9703    .constdata          m_wm.l(qnan.o)
    0x08013930   0x0000004d   Data   RO         6045    .conststring        inv_mpu.o
    0x0801397d   0x00000003   PAD
    0x08013980   0x00000020   Data   RO         9888    Region$$Table       anon$$obj.o


    Execution Region RW_IRAM1 (Base: 0x20000000, Size: 0x000214c0, Max: 0x00030000, ABSOLUTE, COMPRESSED[0x000000f8])

    Base Addr    Size         Type   Attr      Idx    E Section Name        Object

    0x20000000   0x00000014   Data   RW          196    .data               system_stm32f4xx.o
    0x20000014   0x00000010   Data   RW         3145    .data               stm32f4xx_rcc.o
    0x20000024   0x00000348   Data   RW         5454    .data               chassis_task.o
    0x2000036c   0x00000004   PAD
    0x20000370   0x00000008   Data   RW         5666    .data               freertos_middleware.o
    0x20000378   0x00000002   Data   RW         5764    .data               remote_control.o
    0x2000037a   0x00000002   PAD
    0x2000037c   0x00000040   Data   RW         5833    .data               start_task.o
    0x200003bc   0x00000048   Data   RW         5904    .data               gimbal_task.o
    0x20000404   0x00000035   Data   RW         6046    .data               inv_mpu.o
    0x20000439   0x00000003   PAD
    0x2000043c   0x00000008   Data   RW         6803    .data               delay.o
    0x20000444   0x0000000c   Data   RW         7395    .data               usart6.o
    0x20000450   0x00000027   Data   RW         7455    .data               vision.o
    0x20000477   0x00000001   PAD
    0x20000478   0x00000098   Data   RW         7607    .data               motor_ctrl.o
    0x20000510   0x00000008   Data   RW         7861    .data               servo.o
    0x20000518   0x00000002   Data   RW         8043    .data               crc.o
    0x2000051a   0x00000002   PAD
    0x2000051c   0x0000000e   Data   RW         8147    .data               main.o
    0x2000052a   0x00000002   PAD
    0x2000052c   0x0000003c   Data   RW         8711    .data               tasks.o
    0x20000568   0x00000014   Data   RW         9048    .data               timers.o
    0x2000057c   0x0000000c   Data   RW         9179    .data               port.o
    0x20000588   0x00000018   Data   RW         9261    .data               heap_4.o
    0x200005a0   0x0000027c   Zero   RW         5452    .bss                chassis_task.o
    0x2000081c   0x00000060   Zero   RW         5763    .bss                remote_control.o
    0x2000087c   0x00000010   Zero   RW         6363    .bss                inv_mpu_dmp_motion_driver.o
    0x2000088c   0x00000190   Zero   RW         7336    .bss                uart7.o
    0x20000a1c   0x00000258   Zero   RW         7394    .bss                usart6.o
    0x20000c74   0x0000007d   Zero   RW         7454    .bss                vision.o
    0x20000cf1   0x00000009   Zero   RW         7606    .bss                motor_ctrl.o
    0x20000cfa   0x00000002   PAD
    0x20000cfc   0x00000018   Zero   RW         7860    .bss                servo.o
    0x20000d14   0x00000040   Zero   RW         8443    .bss                queue.o
    0x20000d54   0x000002e4   Zero   RW         8710    .bss                tasks.o
    0x20001038   0x00000028   Zero   RW         9047    .bss                timers.o
    0x20001060   0x00020000   Zero   RW         9260    .bss                heap_4.o
    0x20021060   0x00000060   Zero   RW         9753    .bss                c_w.l(libspace.o)
    0x200210c0   0x00000000   Zero   RW         5983    HEAP                startup_stm32f427xx.o
    0x200210c0   0x00000400   Zero   RW         5982    STACK               startup_stm32f427xx.o


==============================================================================

Image component sizes


      Code (inc. data)   RO Data    RW Data    ZI Data      Debug   Object Name

       548         16          0          0          0       2014   can.o
       588         20          0          0          0      12912   can_receive.o
      9330       1508         12        840        636      25967   chassis_task.o
       200         14        770          2          0       3317   crc.o
         0          0          0          0          0       4696   croutine.o
       268         26          0          8          0       2139   delay.o
         0          0          0          0          0      11840   event_groups.o
        66          8          0          8          0       2394   freertos_middleware.o
        60         12          0         72          0       4097   gimbal_task.o
       692         62          0         24     131072       4451   heap_4.o
      6938        318        157         53          0      31716   inv_mpu.o
      3128        138       3062          0         16      20986   inv_mpu_dmp_motion_driver.o
       688         34          0          0          0        923   key.o
       212         30          0          0          0       2113   led.o
        42          0          0          0          0        674   limit.o
       148          0          0          0          0       3238   list.o
       230         18          0         14          0       1390   main.o
       180         24          0          0          0       2049   misc.o
     18716       1638          0        152          9      26803   motor_ctrl.o
       688          0          0          0          0       6919   mpu6050.o
       692        108          0          0          0       4470   myiic.o
       592          8          0          0          0       2390   pid.o
       922         86          0         12          0      10834   port.o
       136         18          0          0          0       1800   power_ctrl.o
      2088         22          0          0         64      16789   queue.o
       332         20          0          0          0       1262   rc.o
       466         28          0          2         96       4760   remote_control.o
      4748        746          0          8         24      17359   servo.o
       300         96          0         64          0       3874   start_task.o
        76         28        428          0       1024        852   startup_stm32f427xx.o
      1566         16          0          0          0       6302   stm32f4xx_can.o
       584         40          0          0          0       6620   stm32f4xx_dma.o
       250          0          0          0          0       4039   stm32f4xx_gpio.o
        20          0          0          0          0     322749   stm32f4xx_it.o
       392         48          0         16          0       5789   stm32f4xx_rcc.o
      1324        120          0          0          0      10715   stm32f4xx_tim.o
       680         42          0          0          0       5994   stm32f4xx_usart.o
       392         32          0         20          0       1837   system_stm32f4xx.o
      3290        422          0         60        740      24277   tasks.o
       412         18          0          0          0       1400   timer.o
      1138        116          0         20         40      17215   timers.o
       200         14          0          0        400       1875   uart7.o
       492         32          0         12        600       5074   usart6.o
       120         26          0         39        125       3562   vision.o

    ----------------------------------------------------------------------
     63974       5952       4464       1440     134848     652476   Object Totals
         0          0         32          0          0          0   (incl. Generated)
        40          0          3         14          2          0   (incl. Padding)

    ----------------------------------------------------------------------

      Code (inc. data)   RO Data    RW Data    ZI Data      Debug   Library Member Name

        90          0          0          0          0          0   __dczerorl2.o
         8          0          0          0          0         68   __main.o
       312          4         17          0          0         92   __printf_flags_wp.o
        14          0          0          0          0         68   __printf_wp.o
         0          0          0          0          0          0   __rtentry.o
        12          0          0          0          0          0   __rtentry2.o
         6          0          0          0          0          0   __rtentry4.o
        52          8          0          0          0          0   __scatter.o
        28          0          0          0          0          0   __scatter_zi.o
        48          4          0          0          0         84   _fptrap.o
        48          6          0          0          0         96   _printf_char_common.o
        36          4          0          0          0         80   _printf_char_file.o
         6          0          0          0          0          0   _printf_d.o
       120         16          0          0          0         92   _printf_dec.o
       178          0          0          0          0         88   _printf_intcommon.o
         0          0          0          0          0          0   _printf_percent.o
         4          0          0          0          0          0   _printf_percent_end.o
        22          0          0          0          0        100   _rserrno.o
        16          0          0          0          0         68   aeabi_memset.o
        10          0          0          0          0         68   defsig_exit.o
       172        110          0          0          0         76   defsig_fpe_inner.o
        14          0          0          0          0         80   defsig_fpe_outer.o
        50          0          0          0          0         88   defsig_general.o
        12          0          0          0          0         72   exit.o
         8          0          0          0          0         68   ferror.o
         6          0          0          0          0        152   heapauxi.o
         2          0          0          0          0          0   libinit.o
         6          0          0          0          0          0   libinit2.o
         2          0          0          0          0          0   libshutdown.o
         2          0          0          0          0          0   libshutdown2.o
         8          4          0          0         96         68   libspace.o
        72          0          0          0          0         76   llsdiv.o
       238          0          0          0          0        100   lludivv7m.o
        88          0          0          0          0         76   memcmp.o
        24          4          0          0          0         84   noretval__2printf.o
         8          4          0          0          0         68   rt_errno_addr_intlibspace.o
        68          0          0          0          0         68   rt_memclr.o
        78          0          0          0          0         80   rt_memclr_w.o
       138          0          0          0          0         68   rt_memcpy_v6.o
       100          0          0          0          0         80   rt_memcpy_w.o
         2          0          0          0          0          0   rtexit.o
        10          0          0          0          0          0   rtexit2.o
        74          0          0          0          0         80   sys_stackheap_outer.o
         2          0          0          0          0         68   use_no_semi.o
         2          0          0          0          0         68   use_no_semi_2.o
        24          0          0          0          0        164   basic.o
       708         16          0          0          0        140   d2f_clz.o
      1336         32          0          0          0        532   daddsub_clz.o
        24          0          0          0          0        116   dcmpi.o
       892        152          0          0          0        292   ddiv_clz.o
       220         16          0          0          0        192   dfixu.o
        72          0          0          0          0        232   dflt_clz.o
       120          8          0          0          0        140   dleqf.o
       448         16          0          0          0        164   dmul_clz.o
       258          4          0          0          0        156   dnaninf.o
       112          0          0          0          0        160   drenorm_clz.o
        12          0          0          0          0        116   dretinf.o
        98          0          0          0          0        128   drleqf.o
       520         56          0          0          0        180   dsqrt_umaalclz.o
       378          0          0          0          0        168   dunder_clz.o
       492         36          0          0          0        148   except.o
       122          8          0          0          0        132   f2d.o
       242          4          0          0          0        144   fnaninf.o
        10          0          0          0          0        116   fpinit.o
        10          0          0          0          0        116   fretinf.o
       316          0          0          0          0        132   funder_clz.o
       178          0          0          0          0        116   retnan.o
       126          0          0          0          0        148   trapv.o
         0          0          0          0          0          0   usenofp.o
       864         94         80          0          0        280   asin.o
       744        106        152          0          0        352   atan.o
       496         64          0          0          0        192   atan2.o
       104         16          0          0          0        496   dunder.o
        44          0          0          0          0        248   fabs.o
        48          0          0          0          0        124   fpclassify.o
       248          0          0          0          0        152   poly.o
         0          0          8          0          0          0   qnan.o
       110          0          0          0          0        148   sqrt_full.o

    ----------------------------------------------------------------------
     11590        792        260          0         96       8348   Library Totals
        18          0          3          0          0          0   (incl. Padding)

    ----------------------------------------------------------------------

      Code (inc. data)   RO Data    RW Data    ZI Data      Debug   Library Name

      2196        164         17          0         96       2424   c_w.l
      6718        348          0          0          0       3932   g_wm.l
      2658        280        240          0          0       1992   m_wm.l

    ----------------------------------------------------------------------
     11590        792        260          0         96       8348   Library Totals

    ----------------------------------------------------------------------

==============================================================================


      Code (inc. data)   RO Data    RW Data    ZI Data      Debug   

     75564       6744       4724       1440     134944     622372   Grand Totals
     75564       6744       4724        248     134944     622372   ELF Image Totals (compressed)
     75564       6744       4724        248          0          0   ROM Totals

==============================================================================

    Total RO  Size (Code + RO Data)                80288 (  78.41kB)
    Total RW  Size (RW Data + ZI Data)            136384 ( 133.19kB)
    Total ROM Size (Code + RO Data + RW Data)      80536 (  78.65kB)

==============================================================================

