Component: ARM Compiler 5.05 update 2 (build 169) Tool: armlink [4d0f33]

==============================================================================

Section Cross References

    system_stm32f4xx.o(i.SystemCoreClockUpdate) refers to system_stm32f4xx.o(.data) for SystemCoreClock
    system_stm32f4xx.o(i.SystemInit) refers to system_stm32f4xx.o(i.SetSysClock) for SetSysClock
    stm32f4xx_adc.o(i.ADC_DeInit) refers to stm32f4xx_rcc.o(i.RCC_APB2PeriphResetCmd) for RCC_APB2PeriphResetCmd
    stm32f4xx_can.o(i.CAN_DeInit) refers to stm32f4xx_rcc.o(i.RCC_APB1PeriphResetCmd) for RCC_APB1PeriphResetCmd
    stm32f4xx_can.o(i.CAN_GetITStatus) refers to stm32f4xx_can.o(i.CheckITStatus) for CheckITStatus
    stm32f4xx_cryp.o(i.CRYP_DeInit) refers to stm32f4xx_rcc.o(i.RCC_AHB2PeriphResetCmd) for RCC_AHB2PeriphResetCmd
    stm32f4xx_cryp_aes.o(i.CRYP_AES_CBC) refers to stm32f4xx_cryp.o(i.CRYP_KeyStructInit) for CRYP_KeyStructInit
    stm32f4xx_cryp_aes.o(i.CRYP_AES_CBC) refers to stm32f4xx_cryp.o(i.CRYP_FIFOFlush) for CRYP_FIFOFlush
    stm32f4xx_cryp_aes.o(i.CRYP_AES_CBC) refers to stm32f4xx_cryp.o(i.CRYP_Init) for CRYP_Init
    stm32f4xx_cryp_aes.o(i.CRYP_AES_CBC) refers to stm32f4xx_cryp.o(i.CRYP_KeyInit) for CRYP_KeyInit
    stm32f4xx_cryp_aes.o(i.CRYP_AES_CBC) refers to stm32f4xx_cryp.o(i.CRYP_Cmd) for CRYP_Cmd
    stm32f4xx_cryp_aes.o(i.CRYP_AES_CBC) refers to stm32f4xx_cryp.o(i.CRYP_GetFlagStatus) for CRYP_GetFlagStatus
    stm32f4xx_cryp_aes.o(i.CRYP_AES_CBC) refers to stm32f4xx_cryp.o(i.CRYP_IVInit) for CRYP_IVInit
    stm32f4xx_cryp_aes.o(i.CRYP_AES_CBC) refers to stm32f4xx_cryp.o(i.CRYP_GetCmdStatus) for CRYP_GetCmdStatus
    stm32f4xx_cryp_aes.o(i.CRYP_AES_CBC) refers to stm32f4xx_cryp.o(i.CRYP_DataIn) for CRYP_DataIn
    stm32f4xx_cryp_aes.o(i.CRYP_AES_CBC) refers to stm32f4xx_cryp.o(i.CRYP_DataOut) for CRYP_DataOut
    stm32f4xx_cryp_aes.o(i.CRYP_AES_CCM) refers to stm32f4xx_cryp.o(i.CRYP_KeyStructInit) for CRYP_KeyStructInit
    stm32f4xx_cryp_aes.o(i.CRYP_AES_CCM) refers to stm32f4xx_cryp.o(i.CRYP_FIFOFlush) for CRYP_FIFOFlush
    stm32f4xx_cryp_aes.o(i.CRYP_AES_CCM) refers to stm32f4xx_cryp.o(i.CRYP_KeyInit) for CRYP_KeyInit
    stm32f4xx_cryp_aes.o(i.CRYP_AES_CCM) refers to stm32f4xx_cryp.o(i.CRYP_IVInit) for CRYP_IVInit
    stm32f4xx_cryp_aes.o(i.CRYP_AES_CCM) refers to stm32f4xx_cryp.o(i.CRYP_Init) for CRYP_Init
    stm32f4xx_cryp_aes.o(i.CRYP_AES_CCM) refers to stm32f4xx_cryp.o(i.CRYP_PhaseConfig) for CRYP_PhaseConfig
    stm32f4xx_cryp_aes.o(i.CRYP_AES_CCM) refers to stm32f4xx_cryp.o(i.CRYP_DataIn) for CRYP_DataIn
    stm32f4xx_cryp_aes.o(i.CRYP_AES_CCM) refers to stm32f4xx_cryp.o(i.CRYP_Cmd) for CRYP_Cmd
    stm32f4xx_cryp_aes.o(i.CRYP_AES_CCM) refers to stm32f4xx_cryp.o(i.CRYP_GetCmdStatus) for CRYP_GetCmdStatus
    stm32f4xx_cryp_aes.o(i.CRYP_AES_CCM) refers to stm32f4xx_cryp.o(i.CRYP_GetFlagStatus) for CRYP_GetFlagStatus
    stm32f4xx_cryp_aes.o(i.CRYP_AES_CCM) refers to stm32f4xx_cryp.o(i.CRYP_DataOut) for CRYP_DataOut
    stm32f4xx_cryp_aes.o(i.CRYP_AES_CTR) refers to stm32f4xx_cryp.o(i.CRYP_KeyStructInit) for CRYP_KeyStructInit
    stm32f4xx_cryp_aes.o(i.CRYP_AES_CTR) refers to stm32f4xx_cryp.o(i.CRYP_KeyInit) for CRYP_KeyInit
    stm32f4xx_cryp_aes.o(i.CRYP_AES_CTR) refers to stm32f4xx_cryp.o(i.CRYP_Init) for CRYP_Init
    stm32f4xx_cryp_aes.o(i.CRYP_AES_CTR) refers to stm32f4xx_cryp.o(i.CRYP_IVInit) for CRYP_IVInit
    stm32f4xx_cryp_aes.o(i.CRYP_AES_CTR) refers to stm32f4xx_cryp.o(i.CRYP_FIFOFlush) for CRYP_FIFOFlush
    stm32f4xx_cryp_aes.o(i.CRYP_AES_CTR) refers to stm32f4xx_cryp.o(i.CRYP_Cmd) for CRYP_Cmd
    stm32f4xx_cryp_aes.o(i.CRYP_AES_CTR) refers to stm32f4xx_cryp.o(i.CRYP_GetCmdStatus) for CRYP_GetCmdStatus
    stm32f4xx_cryp_aes.o(i.CRYP_AES_CTR) refers to stm32f4xx_cryp.o(i.CRYP_DataIn) for CRYP_DataIn
    stm32f4xx_cryp_aes.o(i.CRYP_AES_CTR) refers to stm32f4xx_cryp.o(i.CRYP_GetFlagStatus) for CRYP_GetFlagStatus
    stm32f4xx_cryp_aes.o(i.CRYP_AES_CTR) refers to stm32f4xx_cryp.o(i.CRYP_DataOut) for CRYP_DataOut
    stm32f4xx_cryp_aes.o(i.CRYP_AES_ECB) refers to stm32f4xx_cryp.o(i.CRYP_KeyStructInit) for CRYP_KeyStructInit
    stm32f4xx_cryp_aes.o(i.CRYP_AES_ECB) refers to stm32f4xx_cryp.o(i.CRYP_FIFOFlush) for CRYP_FIFOFlush
    stm32f4xx_cryp_aes.o(i.CRYP_AES_ECB) refers to stm32f4xx_cryp.o(i.CRYP_Init) for CRYP_Init
    stm32f4xx_cryp_aes.o(i.CRYP_AES_ECB) refers to stm32f4xx_cryp.o(i.CRYP_KeyInit) for CRYP_KeyInit
    stm32f4xx_cryp_aes.o(i.CRYP_AES_ECB) refers to stm32f4xx_cryp.o(i.CRYP_Cmd) for CRYP_Cmd
    stm32f4xx_cryp_aes.o(i.CRYP_AES_ECB) refers to stm32f4xx_cryp.o(i.CRYP_GetFlagStatus) for CRYP_GetFlagStatus
    stm32f4xx_cryp_aes.o(i.CRYP_AES_ECB) refers to stm32f4xx_cryp.o(i.CRYP_GetCmdStatus) for CRYP_GetCmdStatus
    stm32f4xx_cryp_aes.o(i.CRYP_AES_ECB) refers to stm32f4xx_cryp.o(i.CRYP_DataIn) for CRYP_DataIn
    stm32f4xx_cryp_aes.o(i.CRYP_AES_ECB) refers to stm32f4xx_cryp.o(i.CRYP_DataOut) for CRYP_DataOut
[...]
    TIM8_BRK_TIM12_IRQHandler                0x08000369   Thumb Code     0  startup_stm32f427xx.o(.text)
    TIM8_CC_IRQHandler                       0x08000369   Thumb Code     0  startup_stm32f427xx.o(.text)
    TIM8_TRG_COM_TIM14_IRQHandler            0x08000369   Thumb Code     0  startup_stm32f427xx.o(.text)
    TIM8_UP_TIM13_IRQHandler                 0x08000369   Thumb Code     0  startup_stm32f427xx.o(.text)
    UART4_IRQHandler                         0x08000369   Thumb Code     0  startup_stm32f427xx.o(.text)
    UART5_IRQHandler                         0x08000369   Thumb Code     0  startup_stm32f427xx.o(.text)
    UART8_IRQHandler                         0x08000369   Thumb Code     0  startup_stm32f427xx.o(.text)
    USART2_IRQHandler                        0x08000369   Thumb Code     0  startup_stm32f427xx.o(.text)
    USART3_IRQHandler                        0x08000369   Thumb Code     0  startup_stm32f427xx.o(.text)
    WWDG_IRQHandler                          0x08000369   Thumb Code     0  startup_stm32f427xx.o(.text)
    __user_initial_stackheap                 0x0800036d   Thumb Code     0  startup_stm32f427xx.o(.text)
    __use_no_semihosting                     0x08000391   Thumb Code     2  use_no_semi_2.o(.text)
    __aeabi_memcpy                           0x08000393   Thumb Code     0  rt_memcpy_v6.o(.text)
    __rt_memcpy                              0x08000393   Thumb Code   138  rt_memcpy_v6.o(.text)
    _memcpy_lastbytes                        0x080003f9   Thumb Code     0  rt_memcpy_v6.o(.text)
    __aeabi_memset                           0x0800041d   Thumb Code    16  aeabi_memset.o(.text)
    __aeabi_memclr                           0x0800042d   Thumb Code     0  rt_memclr.o(.text)
    __rt_memclr                              0x0800042d   Thumb Code    68  rt_memclr.o(.text)
    _memset                                  0x08000431   Thumb Code     0  rt_memclr.o(.text)
    __use_two_region_memory                  0x08000471   Thumb Code     2  heapauxi.o(.text)
    __rt_heap_escrow$2region                 0x08000473   Thumb Code     2  heapauxi.o(.text)
    __rt_heap_expand$2region                 0x08000475   Thumb Code     2  heapauxi.o(.text)
    __I$use$semihosting                      0x08000477   Thumb Code     0  use_no_semi.o(.text)
    __use_no_semihosting_swi                 0x08000477   Thumb Code     2  use_no_semi.o(.text)
    __aeabi_memcpy4                          0x08000479   Thumb Code     0  rt_memcpy_w.o(.text)
    __aeabi_memcpy8                          0x08000479   Thumb Code     0  rt_memcpy_w.o(.text)
    __rt_memcpy_w                            0x08000479   Thumb Code   100  rt_memcpy_w.o(.text)
    _memcpy_lastbytes_aligned                0x080004c1   Thumb Code     0  rt_memcpy_w.o(.text)
    __aeabi_memclr4                          0x080004dd   Thumb Code     0  rt_memclr_w.o(.text)
    __aeabi_memclr8                          0x080004dd   Thumb Code     0  rt_memclr_w.o(.text)
    __rt_memclr_w                            0x080004dd   Thumb Code    78  rt_memclr_w.o(.text)
    _memset_w                                0x080004e1   Thumb Code     0  rt_memclr_w.o(.text)
    _fp_trap                                 0x0800052d   Thumb Code    44  _fptrap.o(.text)
    __user_libspace                          0x0800055d   Thumb Code     8  libspace.o(.text)
    __user_perproc_libspace                  0x0800055d   Thumb Code     0  libspace.o(.text)
    __user_perthread_libspace                0x0800055d   Thumb Code     0  libspace.o(.text)
    __user_setup_stackheap                   0x08000565   Thumb Code    74  sys_stackheap_outer.o(.text)
    exit                                     0x080005af   Thumb Code    12  exit.o(.text)
    __rt_SIGFPE                              0x080005bb   Thumb Code    14  defsig_fpe_outer.o(.text)
    __sig_exit                               0x080005c9   Thumb Code    10  defsig_exit.o(.text)
    __rt_SIGFPE_inner                        0x080005d5   Thumb Code    62  defsig_fpe_inner.o(.text)
    __default_signal_display                 0x08000681   Thumb Code    50  defsig_general.o(.text)
    AUTO_mode                                0x080006b5   Thumb Code   482  chassis_task.o(i.AUTO_mode)
    Adjust                                   0x080008d1   Thumb Code   574  motor_ctrl.o(i.Adjust)
    BSP_init                                 0x08000b55   Thumb Code   112  main.o(i.BSP_init)
    BStep                                    0x08000bc5   Thumb Code    80  motor_ctrl.o(i.BStep)
    Back                                     0x08000c25   Thumb Code   210  motor_ctrl.o(i.Back)
    Back1                                    0x08000d0d   Thumb Code   210  motor_ctrl.o(i.Back1)
    Back112                                  0x08000dfd   Thumb Code   210  motor_ctrl.o(i.Back112)
    Back12                                   0x08000eed   Thumb Code   210  motor_ctrl.o(i.Back12)
    BusFault_Handler                         0x08000fd9   Thumb Code     4  stm32f4xx_it.o(i.BusFault_Handler)
    CAN1_RX0_IRQHandler                      0x08000fdd   Thumb Code   408  can_receive.o(i.CAN1_RX0_IRQHandler)
    CAN1_mode_init                           0x08001179   Thumb Code   264  can.o(i.CAN1_mode_init)
    CAN2_RX0_IRQHandler                      0x08001289   Thumb Code    36  can_receive.o(i.CAN2_RX0_IRQHandler)
    CAN2_mode_init                           0x080012b1   Thumb Code   268  can.o(i.CAN2_mode_init)
    CAN_CMD_CHASSIS                          0x080013c5   Thumb Code    94  can_receive.o(i.CAN_CMD_CHASSIS)
    CAN_ClearITPendingBit                    0x08001429   Thumb Code   162  stm32f4xx_can.o(i.CAN_ClearITPendingBit)
    CAN_FilterInit                           0x080014d1   Thumb Code   258  stm32f4xx_can.o(i.CAN_FilterInit)
    CAN_GetITStatus                          0x080015d9   Thumb Code   284  stm32f4xx_can.o(i.CAN_GetITStatus)
    CAN_ITConfig                             0x080016f9   Thumb Code    18  stm32f4xx_can.o(i.CAN_ITConfig)
    CAN_Init                                 0x0800170b   Thumb Code   276  stm32f4xx_can.o(i.CAN_Init)
    CAN_Receive                              0x0800181f   Thumb Code   240  stm32f4xx_can.o(i.CAN_Receive)
    CAN_Transmit                             0x0800190f   Thumb Code   294  stm32f4xx_can.o(i.CAN_Transmit)
    CHASSIS_CANSend                          0x08001a35   Thumb Code    72  chassis_task.o(i.CHASSIS_CANSend)
    CHASSIS_REST                             0x08001a81   Thumb Code    50  chassis_task.o(i.CHASSIS_REST)
    CHASSIS_UpdateMotorAngle                 0x08001ac5   Thumb Code    20  chassis_task.o(i.CHASSIS_UpdateMotorAngle)
    CHASSIS_UpdateMotorCur                   0x08001add   Thumb Code    20  chassis_task.o(i.CHASSIS_UpdateMotorCur)
    CHASSIS_UpdateMotorSpeed                 0x08001af5   Thumb Code    20  chassis_task.o(i.CHASSIS_UpdateMotorSpeed)
    Chassis_GetOffsetAngle                   0x08001b0d   Thumb Code   292  chassis_task.o(i.Chassis_GetOffsetAngle)
    Chassis_Init                             0x08001c51   Thumb Code   292  chassis_task.o(i.Chassis_Init)
    Chassis_MotorOutput                      0x08001dc1   Thumb Code    62  chassis_task.o(i.Chassis_MotorOutput)
    Chassis_Motor_Angle_PID                  0x08001e05   Thumb Code   390  chassis_task.o(i.Chassis_Motor_Angle_PID)
    Chassis_Motor_Speed_PID                  0x08001fc5   Thumb Code   540  chassis_task.o(i.Chassis_Motor_Speed_PID)
    Chassis_Omni_Move_Calculate              0x08002221   Thumb Code   614  chassis_task.o(i.Chassis_Omni_Move_Calculate)
    Chassis_Set_Contorl                      0x080024b5   Thumb Code  1576  chassis_task.o(i.Chassis_Set_Contorl)
    DMA_ClearFlag                            0x08002af5   Thumb Code    38  stm32f4xx_dma.o(i.DMA_ClearFlag)
    DMA_Cmd                                  0x08002b29   Thumb Code    22  stm32f4xx_dma.o(i.DMA_Cmd)
    DMA_DeInit                               0x08002b41   Thumb Code   324  stm32f4xx_dma.o(i.DMA_DeInit)
    DMA_DoubleBufferModeCmd                  0x08002c99   Thumb Code    22  stm32f4xx_dma.o(i.DMA_DoubleBufferModeCmd)
    DMA_DoubleBufferModeConfig               0x08002caf   Thumb Code    24  stm32f4xx_dma.o(i.DMA_DoubleBufferModeConfig)
    DMA_GetCurrDataCounter                   0x08002cc7   Thumb Code     8  stm32f4xx_dma.o(i.DMA_GetCurrDataCounter)
    DMA_GetCurrentMemoryTarget               0x08002ccf   Thumb Code    20  stm32f4xx_dma.o(i.DMA_GetCurrentMemoryTarget)
    DMA_Init                                 0x08002ce5   Thumb Code    82  stm32f4xx_dma.o(i.DMA_Init)
    DMA_SetCurrDataCounter                   0x08002d3d   Thumb Code     4  stm32f4xx_dma.o(i.DMA_SetCurrDataCounter)
    DebugMon_Handler                         0x08002d41   Thumb Code     2  stm32f4xx_it.o(i.DebugMon_Handler)
    Forward                                  0x08002d45   Thumb Code   918  motor_ctrl.o(i.Forward)
    GIMBAL_UpdateAngle                       0x08003135   Thumb Code    16  gimbal_task.o(i.GIMBAL_UpdateAngle)
    GIMBAL_UpdateCurrent                     0x08003149   Thumb Code    16  gimbal_task.o(i.GIMBAL_UpdateCurrent)
    GIMBAL_UpdateSpeed                       0x0800315d   Thumb Code    16  gimbal_task.o(i.GIMBAL_UpdateSpeed)
    GPIO_Init                                0x08003171   Thumb Code   144  stm32f4xx_gpio.o(i.GPIO_Init)
    GPIO_PinAFConfig                         0x08003201   Thumb Code    70  stm32f4xx_gpio.o(i.GPIO_PinAFConfig)
    GPIO_ReadInputDataBit                    0x08003247   Thumb Code    18  stm32f4xx_gpio.o(i.GPIO_ReadInputDataBit)
    GPIO_ResetBits                           0x08003259   Thumb Code     4  stm32f4xx_gpio.o(i.GPIO_ResetBits)
    GPIO_SetBits                             0x0800325d   Thumb Code     4  stm32f4xx_gpio.o(i.GPIO_SetBits)
    GPIO_WriteBit                            0x08003261   Thumb Code    10  stm32f4xx_gpio.o(i.GPIO_WriteBit)
    Get                                      0x0800326d   Thumb Code   120  servo.o(i.Get)
    Get_CRC16_Check_Sum                      0x080032fd   Thumb Code    46  crc.o(i.Get_CRC16_Check_Sum)
    Get_CRC8_Check_Sum                       0x08003331   Thumb Code    32  crc.o(i.Get_CRC8_Check_Sum)
    Gyro_turn                                0x08003355   Thumb Code   270  chassis_task.o(i.Gyro_turn)
    Gyro_turn1                               0x080034a1   Thumb Code   214  chassis_task.o(i.Gyro_turn1)
    HardFault_Handler                        0x080035b5   Thumb Code     4  stm32f4xx_it.o(i.HardFault_Handler)
    High                                     0x080035b9   Thumb Code  1686  motor_ctrl.o(i.High)
    Low                                      0x08003c81   Thumb Code  1686  motor_ctrl.o(i.Low)
    Low2                                     0x08004341   Thumb Code  1686  motor_ctrl.o(i.Low2)
    Low3                                     0x08004a05   Thumb Code  1686  motor_ctrl.o(i.Low3)
    Low4                                     0x080050cd   Thumb Code    12  motor_ctrl.o(i.Low4)
    Low_Forward_AdvanceStop                  0x080050d9   Thumb Code   660  motor_ctrl.o(i.Low_Forward_AdvanceStop)
    MPU_Update                               0x080053d1   Thumb Code    82  chassis_task.o(i.MPU_Update)
    MPU_Update_Starting                      0x08005445   Thumb Code   134  chassis_task.o(i.MPU_Update_Starting)
    MemManage_Handler                        0x080054e9   Thumb Code     4  stm32f4xx_it.o(i.MemManage_Handler)
    Mid                                      0x080054ed   Thumb Code  1686  motor_ctrl.o(i.Mid)
    MotorAngleSum                            0x08005bb1   Thumb Code   350  chassis_task.o(i.MotorAngleSum)
    NMI_Handler                              0x08005d25   Thumb Code     2  stm32f4xx_it.o(i.NMI_Handler)
    NVIC_Init                                0x08005d29   Thumb Code   106  misc.o(i.NVIC_Init)
    NVIC_PriorityGroupConfig                 0x08005da1   Thumb Code    10  misc.o(i.NVIC_PriorityGroupConfig)
    Nor                                      0x08005db5   Thumb Code   120  servo.o(i.Nor)
    Normal                                   0x08005e45   Thumb Code   120  servo.o(i.Normal)
    Normal2                                  0x08005ed5   Thumb Code   120  servo.o(i.Normal2)
    PID_Calc                                 0x08005f65   Thumb Code   492  pid.o(i.PID_Calc)
    PID_Init                                 0x08006155   Thumb Code    92  pid.o(i.PID_Init)
    Place1                                   0x080061b5   Thumb Code   120  servo.o(i.Place1)
    Place11                                  0x08006245   Thumb Code   120  servo.o(i.Place11)
    Place2                                   0x080062d1   Thumb Code   120  servo.o(i.Place2)
    Place21                                  0x08006361   Thumb Code   120  servo.o(i.Place21)
    Place22                                  0x080063f1   Thumb Code   120  servo.o(i.Place22)
    Place222                                 0x08006481   Thumb Code   120  servo.o(i.Place222)
    Place3                                   0x0800650d   Thumb Code   120  servo.o(i.Place3)
    Place31                                  0x0800659d   Thumb Code   120  servo.o(i.Place31)
    Place32                                  0x0800662d   Thumb Code   120  servo.o(i.Place32)
    Place333                                 0x080066bd   Thumb Code   120  servo.o(i.Place333)
    Placec1                                  0x0800674d   Thumb Code   120  servo.o(i.Placec1)
    Placec2                                  0x080067dd   Thumb Code   120  servo.o(i.Placec2)
    Placec3                                  0x0800686d   Thumb Code   120  servo.o(i.Placec3)
    Placec4                                  0x080068fd   Thumb Code   120  servo.o(i.Placec4)
    RCC_AHB1PeriphClockCmd                   0x0800698d   Thumb Code    26  stm32f4xx_rcc.o(i.RCC_AHB1PeriphClockCmd)
    RCC_APB1PeriphClockCmd                   0x080069ad   Thumb Code    26  stm32f4xx_rcc.o(i.RCC_APB1PeriphClockCmd)
    RCC_APB1PeriphResetCmd                   0x080069cd   Thumb Code    26  stm32f4xx_rcc.o(i.RCC_APB1PeriphResetCmd)
    RCC_APB2PeriphClockCmd                   0x080069ed   Thumb Code    26  stm32f4xx_rcc.o(i.RCC_APB2PeriphClockCmd)
    RCC_APB2PeriphResetCmd                   0x08006a0d   Thumb Code    26  stm32f4xx_rcc.o(i.RCC_APB2PeriphResetCmd)
    RCC_GetClocksFreq                        0x08006a2d   Thumb Code   214  stm32f4xx_rcc.o(i.RCC_GetClocksFreq)
    RC_Init                                  0x08006b15   Thumb Code   312  rc.o(i.RC_Init)
    Raise                                    0x08006c61   Thumb Code   120  servo.o(i.Raise)
    Raise2                                   0x08006cf1   Thumb Code   120  servo.o(i.Raise2)
    SYSTEM_GetSystemState                    0x08006e59   Thumb Code     6  start_task.o(i.SYSTEM_GetSystemState)
    Servo_Init                               0x08006e65   Thumb Code    26  servo.o(i.Servo_Init)
    Servo_Ramp                               0x08006e85   Thumb Code   196  servo.o(i.Servo_Ramp)
    Step                                     0x08007075   Thumb Code    62  motor_ctrl.o(i.Step)
    Step1                                    0x080070c1   Thumb Code    62  motor_ctrl.o(i.Step1)
    SysTick_CLKSourceConfig                  0x0800710d   Thumb Code    40  misc.o(i.SysTick_CLKSourceConfig)
    SysTick_Handler                          0x08007135   Thumb Code    16  freertos_middleware.o(i.SysTick_Handler)
    SystemInit                               0x08007145   Thumb Code    88  system_stm32f4xx.o(i.SystemInit)
    System_control                           0x080071ad   Thumb Code    40  start_task.o(i.System_control)
    TIM3_IRQHandler                          0x080071d9   Thumb Code    40  freertos_middleware.o(i.TIM3_IRQHandler)
    TIM5_Init                                0x08007209   Thumb Code   278  timer.o(i.TIM5_Init)
    TIM5_Servo                               0x0800732d   Thumb Code   330  servo.o(i.TIM5_Servo)
    TIM6_DAC_IRQHandler                      0x080074ad   Thumb Code    30  can_receive.o(i.TIM6_DAC_IRQHandler)
    TIM6_Init                                0x080074d1   Thumb Code   116  timer.o(i.TIM6_Init)
    TIM_ARRPreloadConfig                     0x08007549   Thumb Code    24  stm32f4xx_tim.o(i.TIM_ARRPreloadConfig)
    TIM_ClearFlag                            0x08007561   Thumb Code     6  stm32f4xx_tim.o(i.TIM_ClearFlag)
    TIM_Cmd                                  0x08007567   Thumb Code    24  stm32f4xx_tim.o(i.TIM_Cmd)
    TIM_CtrlPWMOutputs                       0x0800757f   Thumb Code    30  stm32f4xx_tim.o(i.TIM_CtrlPWMOutputs)
    TIM_DeInit                               0x0800759d   Thumb Code   346  stm32f4xx_tim.o(i.TIM_DeInit)
    TIM_GetITStatus                          0x0800772d   Thumb Code    34  stm32f4xx_tim.o(i.TIM_GetITStatus)
    TIM_ITConfig                             0x0800774f   Thumb Code    18  stm32f4xx_tim.o(i.TIM_ITConfig)
    TIM_OC1Init                              0x08007761   Thumb Code   114  stm32f4xx_tim.o(i.TIM_OC1Init)
    TIM_OC1PreloadConfig                     0x080077dd   Thumb Code    18  stm32f4xx_tim.o(i.TIM_OC1PreloadConfig)
    TIM_OC2Init                              0x080077f1   Thumb Code   154  stm32f4xx_tim.o(i.TIM_OC2Init)
    TIM_OC2PreloadConfig                     0x08007895   Thumb Code    26  stm32f4xx_tim.o(i.TIM_OC2PreloadConfig)
    TIM_OC3Init                              0x080078b1   Thumb Code   150  stm32f4xx_tim.o(i.TIM_OC3Init)
    TIM_OC3PreloadConfig                     0x08007951   Thumb Code    18  stm32f4xx_tim.o(i.TIM_OC3PreloadConfig)
    TIM_OC4Init                              0x08007965   Thumb Code   112  stm32f4xx_tim.o(i.TIM_OC4Init)
    TIM_OC4PreloadConfig                     0x080079dd   Thumb Code    26  stm32f4xx_tim.o(i.TIM_OC4PreloadConfig)
    TIM_TimeBaseInit                         0x080079f9   Thumb Code   104  stm32f4xx_tim.o(i.TIM_TimeBaseInit)
    UART7_IRQHandler                         0x08007a7d   Thumb Code   186  uart7.o(i.UART7_IRQHandler)
    USART1_IRQHandler                        0x08007b45   Thumb Code   204  remote_control.o(i.USART1_IRQHandler)
    USART6_IRQHandler                        0x08007c29   Thumb Code   140  usart6.o(i.USART6_IRQHandler)
    USART_ClearFlag                          0x08007cc1   Thumb Code    18  stm32f4xx_usart.o(i.USART_ClearFlag)
    USART_Cmd                                0x08007cd3   Thumb Code    24  stm32f4xx_usart.o(i.USART_Cmd)
    USART_DMACmd                             0x08007ceb   Thumb Code    18  stm32f4xx_usart.o(i.USART_DMACmd)
    USART_DeInit                             0x08007cfd   Thumb Code   206  stm32f4xx_usart.o(i.USART_DeInit)
    USART_GetITStatus                        0x08007ded   Thumb Code    84  stm32f4xx_usart.o(i.USART_GetITStatus)
    USART_ITConfig                           0x08007e41   Thumb Code    74  stm32f4xx_usart.o(i.USART_ITConfig)
    USART_Init                               0x08007e8d   Thumb Code   204  stm32f4xx_usart.o(i.USART_Init)
    USART_ReceiveData                        0x08007f61   Thumb Code    10  stm32f4xx_usart.o(i.USART_ReceiveData)
    UsageFault_Handler                       0x08007f6b   Thumb Code     4  stm32f4xx_it.o(i.UsageFault_Handler)
    Verify_CRC16_Check_Sum                   0x08007f71   Thumb Code    60  crc.o(i.Verify_CRC16_Check_Sum)
    Verify_CRC8_Check_Sum                    0x08007fb1   Thumb Code    48  crc.o(i.Verify_CRC8_Check_Sum)
    Vision_Read_Data                         0x08007fe1   Thumb Code    94  vision.o(i.Vision_Read_Data)
    __hardfp_fabs                            0x08008059   Thumb Code    20  fabs.o(i.__hardfp_fabs)
    _sys_exit                                0x0800806d   Thumb Code     8  usart6.o(i._sys_exit)
    _ttywrch                                 0x08008075   Thumb Code     8  usart6.o(i._ttywrch)
    arm_flag                                 0x0800807d   Thumb Code    32  chassis_task.o(i.arm_flag)
    back                                     0x080080a5   Thumb Code  1682  motor_ctrl.o(i.back)
    chassis_feedback_update                  0x08008769   Thumb Code    30  chassis_task.o(i.chassis_feedback_update)
    chassis_task                             0x0800878d   Thumb Code    58  chassis_task.o(i.chassis_task)
    constrain_float                          0x080087c7   Thumb Code    42  limit.o(i.constrain_float)
    delay_init                               0x080087f1   Thumb Code    90  delay.o(i.delay_init)
    delay_ms                                 0x0800885d   Thumb Code    76  delay.o(i.delay_ms)
    delay_us                                 0x080088ad   Thumb Code    76  delay.o(i.delay_us)
    flow_led_off                             0x080088fd   Thumb Code    20  led.o(i.flow_led_off)
    forward_flag                             0x08008915   Thumb Code    36  chassis_task.o(i.forward_flag)
    go_back                                  0x08008941   Thumb Code    38  motor_ctrl.o(i.go_back)
    go_high                                  0x08008971   Thumb Code    34  motor_ctrl.o(i.go_high)
    go_low                                   0x0800899d   Thumb Code    34  motor_ctrl.o(i.go_low)
    go_low2                                  0x080089c9   Thumb Code    34  motor_ctrl.o(i.go_low2)
    go_low3                                  0x080089f5   Thumb Code    34  motor_ctrl.o(i.go_low3)
    go_mid                                   0x08008a21   Thumb Code    34  motor_ctrl.o(i.go_mid)
    judge                                    0x08008a4d   Thumb Code  2008  chassis_task.o(i.judge)
    key_Init                                 0x08009225   Thumb Code   654  key.o(i.key_Init)
    led_configuration                        0x080094d5   Thumb Code   134  led.o(i.led_configuration)
    led_green_off                            0x08009569   Thumb Code    14  led.o(i.led_green_off)
    led_red_off                              0x0800957d   Thumb Code    14  led.o(i.led_red_off)
    low_Forward                              0x08009591   Thumb Code   660  motor_ctrl.o(i.low_Forward)
    low_Forward0                             0x08009885   Thumb Code   660  motor_ctrl.o(i.low_Forward0)
    low_Forward1                             0x08009b79   Thumb Code   660  motor_ctrl.o(i.low_Forward1)
    low_Forward11                            0x08009e71   Thumb Code   270  motor_ctrl.o(i.low_Forward11)
    main                                     0x08009fad   Thumb Code    22  main.o(i.main)
    motor_speed                              0x08009fc5   Thumb Code    26  motor_ctrl.o(i.motor_speed)
    power_ctrl_configuration                 0x08009ff1   Thumb Code    66  power_ctrl.o(i.power_ctrl_configuration)
    power_ctrl_off                           0x0800a039   Thumb Code    26  power_ctrl.o(i.power_ctrl_off)
    power_ctrl_on                            0x0800a059   Thumb Code    26  power_ctrl.o(i.power_ctrl_on)
    pvPortMalloc                             0x0800aaa5   Thumb Code   296  heap_4.o(i.pvPortMalloc)
    pvTaskIncrementMutexHeldCount            0x0800abe1   Thumb Code    26  tasks.o(i.pvTaskIncrementMutexHeldCount)
    pxPortInitialiseStack                    0x0800ac01   Thumb Code    38  port.o(i.pxPortInitialiseStack)
    remote_control_init                      0x0800ac2d   Thumb Code    16  remote_control.o(i.remote_control_init)
    ring_release_correction                  0x0800ac41   Thumb Code   110  chassis_task.o(i.ring_release_correction)
    sensor_update                            0x0800accd   Thumb Code   464  motor_ctrl.o(i.sensor_update)
    servo                                    0x0800af05   Thumb Code   330  servo.o(i.servo)
    startTast                                0x0800b085   Thumb Code    24  start_task.o(i.startTast)
    start_task                               0x0800b0b1   Thumb Code    64  start_task.o(i.start_task)
    stop                                     0x0800b121   Thumb Code    34  motor_ctrl.o(i.stop)
    stop_delay                               0x0800b14d   Thumb Code    68  motor_ctrl.o(i.stop_delay)
    stop_forward                             0x0800b1a1   Thumb Code   220  motor_ctrl.o(i.stop_forward)
    system_update                            0x0800b2a1   Thumb Code    70  start_task.o(i.system_update)
    turn_flag                                0x0800b2f9   Thumb Code    36  chassis_task.o(i.turn_flag)
    update_uncorrect_flag                    0x0800b325   Thumb Code   162  chassis_task.o(i.update_uncorrect_flag)
    usart6_init                              0x0800b3e5   Thumb Code   300  usart6.o(i.usart6_init)
    uxListRemove                             0x0800b521   Thumb Code    40  list.o(i.uxListRemove)
    vListInitialise                          0x0800b549   Thumb Code    26  list.o(i.vListInitialise)
    vListInitialiseItem                      0x0800b563   Thumb Code     6  list.o(i.vListInitialiseItem)
    vListInsert                              0x0800b569   Thumb Code    52  list.o(i.vListInsert)
    vListInsertEnd                           0x0800b59d   Thumb Code    24  list.o(i.vListInsertEnd)
    vPortEnterCritical                       0x0800b5b5   Thumb Code    76  port.o(i.vPortEnterCritical)
    vPortExitCritical                        0x0800b609   Thumb Code    56  port.o(i.vPortExitCritical)
    vPortFree                                0x0800b645   Thumb Code   140  heap_4.o(i.vPortFree)
    vPortSetupTimerInterrupt                 0x0800b6d9   Thumb Code     2  freertos_middleware.o(i.vPortSetupTimerInterrupt)
    vPortValidateInterruptPriority           0x0800b6dd   Thumb Code   106  port.o(i.vPortValidateInterruptPriority)
    vQueueAddToRegistry                      0x0800b755   Thumb Code    38  queue.o(i.vQueueAddToRegistry)
    vQueueWaitForMessageRestricted           0x0800b781   Thumb Code    74  queue.o(i.vQueueWaitForMessageRestricted)
    vTaskDelay                               0x0800b7cd   Thumb Code    82  tasks.o(i.vTaskDelay)
    vTaskDelayUntil                          0x0800b829   Thumb Code   200  tasks.o(i.vTaskDelayUntil)
    vTaskDelete                              0x0800b8fd   Thumb Code   202  tasks.o(i.vTaskDelete)
    vTaskMissedYield                         0x0800b9f1   Thumb Code     8  tasks.o(i.vTaskMissedYield)
    vTaskPlaceOnEventList                    0x0800b9fd   Thumb Code    52  tasks.o(i.vTaskPlaceOnEventList)
    vTaskPlaceOnEventListRestricted          0x0800ba35   Thumb Code    60  tasks.o(i.vTaskPlaceOnEventListRestricted)
    vTaskPriorityInherit                     0x0800ba75   Thumb Code   164  tasks.o(i.vTaskPriorityInherit)
    vTaskSetTimeOutState                     0x0800bb25   Thumb Code    38  tasks.o(i.vTaskSetTimeOutState)
    vTaskStartScheduler                      0x0800bb55   Thumb Code   118  tasks.o(i.vTaskStartScheduler)
    vTaskSuspendAll                          0x0800bbe9   Thumb Code    12  tasks.o(i.vTaskSuspendAll)
    vTaskSwitchContext                       0x0800bbf9   Thumb Code   118  tasks.o(i.vTaskSwitchContext)
    xPortStartScheduler                      0x0800bc85   Thumb Code   288  port.o(i.xPortStartScheduler)
    xPortSysTickHandler                      0x0800bdc1   Thumb Code    46  port.o(i.xPortSysTickHandler)
    xQueueGenericCreate                      0x0800bdf5   Thumb Code    88  queue.o(i.xQueueGenericCreate)
    xQueueGenericReceive                     0x0800be4d   Thumb Code   446  queue.o(i.xQueueGenericReceive)
    xQueueGenericReset                       0x0800c011   Thumb Code   146  queue.o(i.xQueueGenericReset)
    xQueueGenericSend                        0x0800c0a9   Thumb Code   452  queue.o(i.xQueueGenericSend)
    xQueueGenericSendFromISR                 0x0800c271   Thumb Code   264  queue.o(i.xQueueGenericSendFromISR)
    xTaskCheckForTimeOut                     0x0800c379   Thumb Code   132  tasks.o(i.xTaskCheckForTimeOut)
    xTaskCreate                              0x0800c405   Thumb Code    96  tasks.o(i.xTaskCreate)
    xTaskGetSchedulerState                   0x0800c465   Thumb Code    24  tasks.o(i.xTaskGetSchedulerState)
    xTaskGetTickCount                        0x0800c485   Thumb Code     6  tasks.o(i.xTaskGetTickCount)
    xTaskIncrementTick                       0x0800c491   Thumb Code   282  tasks.o(i.xTaskIncrementTick)
    xTaskPriorityDisinherit                  0x0800c5d9   Thumb Code   188  tasks.o(i.xTaskPriorityDisinherit)
    xTaskRemoveFromEventList                 0x0800c6a1   Thumb Code   128  tasks.o(i.xTaskRemoveFromEventList)
    xTaskResumeAll                           0x0800c739   Thumb Code   224  tasks.o(i.xTaskResumeAll)
    xTimerCreateTimerTask                    0x0800c83d   Thumb Code    64  timers.o(i.xTimerCreateTimerTask)
    xTimerGenericCommand                     0x0800c891   Thumb Code   126  timers.o(i.xTimerGenericCommand)
    __aeabi_d2f                              0x0800c915   Thumb Code     0  d2f_clz.o(x$fpl$d2f)
    _d2f                                     0x0800c915   Thumb Code   700  d2f_clz.o(x$fpl$d2f)
    __aeabi_dadd                             0x0800cbd9   Thumb Code     0  daddsub_clz.o(x$fpl$dadd)
    _dadd                                    0x0800cbd9   Thumb Code   580  daddsub_clz.o(x$fpl$dadd)
    __fpl_dcmp_Inf                           0x0800ce25   Thumb Code    24  dcmpi.o(x$fpl$dcmpinf)
    __aeabi_ddiv                             0x0800ce3d   Thumb Code     0  ddiv_clz.o(x$fpl$ddiv)
    _ddiv                                    0x0800ce3d   Thumb Code   748  ddiv_clz.o(x$fpl$ddiv)
    __aeabi_d2uiz                            0x0800d1b9   Thumb Code     0  dfixu.o(x$fpl$dfixu)
    _dfixu                                   0x0800d1b9   Thumb Code   212  dfixu.o(x$fpl$dfixu)
    __aeabi_i2d                              0x0800d295   Thumb Code     0  dflt_clz.o(x$fpl$dflt)
    _dflt                                    0x0800d295   Thumb Code    46  dflt_clz.o(x$fpl$dflt)
    __dflt_normalise                         0x0800d2c3   Thumb Code    26  dflt_clz.o(x$fpl$dfltn)
    __aeabi_cdcmple                          0x0800d2dd   Thumb Code     0  dleqf.o(x$fpl$dleqf)
    _dcmple                                  0x0800d2dd   Thumb Code   120  dleqf.o(x$fpl$dleqf)
    __fpl_dcmple_InfNaN                      0x0800d335   Thumb Code     0  dleqf.o(x$fpl$dleqf)
    __aeabi_dmul                             0x0800d355   Thumb Code     0  dmul_clz.o(x$fpl$dmul)
    _dmul                                    0x0800d355   Thumb Code   440  dmul_clz.o(x$fpl$dmul)
    __fpl_dnaninf                            0x0800d515   Thumb Code   258  dnaninf.o(x$fpl$dnaninf)
    __fpl_drenorm2                           0x0800d617   Thumb Code   106  drenorm_clz.o(x$fpl$drenorm)
    __fpl_drenorm1                           0x0800d681   Thumb Code     6  drenorm_clz.o(x$fpl$drenorm)
    __fpl_dretinf                            0x0800d687   Thumb Code    12  dretinf.o(x$fpl$dretinf)
    __aeabi_cdrcmple                         0x0800d693   Thumb Code     0  drleqf.o(x$fpl$drleqf)
    _drcmple                                 0x0800d693   Thumb Code    98  drleqf.o(x$fpl$drleqf)
    __aeabi_dsub                             0x0800d6f5   Thumb Code     0  daddsub_clz.o(x$fpl$dsub)
    _dsub                                    0x0800d6f5   Thumb Code   664  daddsub_clz.o(x$fpl$dsub)
    __dunder                                 0x0800d991   Thumb Code   314  dunder_clz.o(x$fpl$dunder)
    __dunder_d                               0x0800dacb   Thumb Code    64  dunder_clz.o(x$fpl$dunder)
    __fpl_exception                          0x0800db0d   Thumb Code   454  except.o(x$fpl$exception)
    __aeabi_f2d                              0x0800dcf9   Thumb Code     0  f2d.o(x$fpl$f2d)
    _f2d                                     0x0800dcf9   Thumb Code   122  f2d.o(x$fpl$f2d)
    __fpl_fnaninf                            0x0800dd73   Thumb Code   242  fnaninf.o(x$fpl$fnaninf)
    _fp_init                                 0x0800de65   Thumb Code    10  fpinit.o(x$fpl$fpinit)
    __fplib_config_fpu_vfp                   0x0800de6d   Thumb Code     0  fpinit.o(x$fpl$fpinit)
    __fplib_config_pureend_doubles           0x0800de6d   Thumb Code     0  fpinit.o(x$fpl$fpinit)
    __fpl_fretinf                            0x0800de6f   Thumb Code    10  fretinf.o(x$fpl$fretinf)
    __funder                                 0x0800de79   Thumb Code   254  funder_clz.o(x$fpl$funder)
    __funder_d                               0x0800df77   Thumb Code    62  funder_clz.o(x$fpl$funder)
    __fpl_return_NaN                         0x0800dfb5   Thumb Code   178  retnan.o(x$fpl$retnan)
    _fp_trapveneer                           0x0800e067   Thumb Code    36  trapv.o(x$fpl$trapveneer)
    __fpl_cmpreturn                          0x0800e08b   Thumb Code    90  trapv.o(x$fpl$trapveneer)
    __I$use$fp                               0x0800e0e4   Number         0  usenofp.o(x$fpl$usenofp)
    CRC8_INIT                                0x0800e0f0   Data           1  crc.o(.constdata)
    CRC8_TAB                                 0x0800e0f1   Data         256  crc.o(.constdata)
    wCRC_Table                               0x0800e1f2   Data         512  crc.o(.constdata)
    Region$$Table$$Base                      0x0800e3f4   Number         0  anon$$obj.o(Region$$Table)
    Region$$Table$$Limit                     0x0800e414   Number         0  anon$$obj.o(Region$$Table)
    SystemCoreClock                          0x20000000   Data           4  system_stm32f4xx.o(.data)
    AHBPrescTable                            0x20000004   Data          16  system_stm32f4xx.o(.data)
    uncorrect_flag                           0x20000024   Data           1  chassis_task.o(.data)
    current_angle                            0x20000028   Data           4  chassis_task.o(.data)
    lujin                                    0x2000002c   Data         652  chassis_task.o(.data)
    gettime                                  0x200002b8   Data           4  chassis_task.o(.data)
    i                                        0x200002bc   Data           4  chassis_task.o(.data)
    target                                   0x200002c0   Data           4  chassis_task.o(.data)
    mode_change                              0x200002c4   Data           1  chassis_task.o(.data)
    Chassis_Move_Z                           0x200002c8   Data           4  chassis_task.o(.data)
    Target_Angle                             0x200002cc   Data           4  chassis_task.o(.data)
    Chassis_Standard_Move_Max                0x200002d0   Data           4  chassis_task.o(.data)
    Chassis_Revolve_Move_Max                 0x200002d4   Data           4  chassis_task.o(.data)
    Chassis_Final_Output_Max                 0x200002d8   Data           4  chassis_task.o(.data)
    vz_min_speed                             0x200002dc   Data           4  chassis_task.o(.data)
    vz_max_speed                             0x200002e0   Data           4  chassis_task.o(.data)
    kRc_Mech_Chassis_Standard                0x200002e4   Data           4  chassis_task.o(.data)
    kRc_Mech_Chassis_Revolve                 0x200002e8   Data           4  chassis_task.o(.data)
    Angle_Measure_Prev                       0x200002ec   Data           8  chassis_task.o(.data)
    Chasssis_Final_Output                    0x200002f4   Data           4  chassis_task.o(.data)
    iTermPosiMax                             0x200002f8   Data           4  chassis_task.o(.data)
    Chassis_Gyro_Error                       0x200002fc   Data           4  chassis_task.o(.data)
    ChassisMode                              0x20000300   Data           1  chassis_task.o(.data)
    angleMpuPitch                            0x20000304   Data           4  chassis_task.o(.data)
    angleMpuYaw                              0x20000308   Data           4  chassis_task.o(.data)
    angleMpuRoll                             0x2000030c   Data           4  chassis_task.o(.data)
    palstanceMpuPitch                        0x20000310   Data           2  chassis_task.o(.data)
    palstanceMpuYaw                          0x20000312   Data           2  chassis_task.o(.data)
    palstanceMpuRoll                         0x20000314   Data           2  chassis_task.o(.data)
    AngleMpuYaw_Start                        0x20000318   Data           4  chassis_task.o(.data)
    Cloud_Angle_Measure_Yaw                  0x2000031c   Data           4  chassis_task.o(.data)
    Cloud_Palstance_Measure_Yaw              0x20000320   Data           4  chassis_task.o(.data)
    Angle_error                              0x20000324   Data           4  chassis_task.o(.data)
    mpu_data_cnt                             0x20000328   Data           1  chassis_task.o(.data)
    mpu_angle_data_cnt1                      0x20000329   Data           1  chassis_task.o(.data)
    mpu_angle_data_cnt2                      0x2000032a   Data           1  chassis_task.o(.data)
    Raw_angleMpuYaw                          0x2000032c   Data           4  chassis_task.o(.data)
    FreeRTOSRunTimeTicks                     0x20000338   Data           8  freertos_middleware.o(.data)
    ChassisTask_Handler                      0x20000344   Data           4  start_task.o(.data)
    remoteMode                               0x20000350   Data           1  start_task.o(.data)
    systemState                              0x20000351   Data           1  start_task.o(.data)
    key                                      0x20000354   Data           4  start_task.o(.data)
    rbutton                                  0x20000358   Data           4  start_task.o(.data)
    bbutton                                  0x2000035c   Data           4  start_task.o(.data)
    rplan1                                   0x20000360   Data           4  start_task.o(.data)
    rplan2                                   0x20000364   Data           4  start_task.o(.data)
    rplan3                                   0x20000368   Data           4  start_task.o(.data)
    bplan1                                   0x2000036c   Data           4  start_task.o(.data)
    bplan2                                   0x20000370   Data           4  start_task.o(.data)
    bplan3                                   0x20000374   Data           4  start_task.o(.data)
    key1                                     0x20000378   Data           4  start_task.o(.data)
    Gimbalmode                               0x20000384   Data           1  gimbal_task.o(.data)
    Cloud_Angle_Measure                      0x20000388   Data           4  gimbal_task.o(.data)
    Cloud_Speed_Measure                      0x2000038c   Data           4  gimbal_task.o(.data)
    Cloud_Current_Measure                    0x20000390   Data           4  gimbal_task.o(.data)
    Cloud_Final_Output                       0x20000394   Data           4  gimbal_task.o(.data)
    kRc_Mech_Cloud_Standard                  0x20000398   Data           4  gimbal_task.o(.data)
    Cloud_Angle_Target_Sum                   0x2000039c   Data           4  gimbal_task.o(.data)
    Cloud_Angle_Measure_Sum                  0x200003a0   Data           4  gimbal_task.o(.data)
    Cloud_Angle_Measure_Prev                 0x200003a4   Data           4  gimbal_task.o(.data)
    Cloud_Buff_Target_Sum                    0x200003a8   Data           4  gimbal_task.o(.data)
    Cloud_Angle_Error                        0x200003ac   Data           8  gimbal_task.o(.data)
    pTermCloudAngle                          0x200003b4   Data           8  gimbal_task.o(.data)
    iTermCloudAngle                          0x200003bc   Data           8  gimbal_task.o(.data)
    pidTermCloudAngle                        0x200003c4   Data           8  gimbal_task.o(.data)
    Vision_Comps_Yaw                         0x200003d4   Data           4  vision.o(.data)
    Vision_Comps_Pitch                       0x200003d8   Data           4  vision.o(.data)
    Vision_Comps_Pitch_Dist                  0x200003dc   Data           4  vision.o(.data)
    Vision_Get_New_Data                      0x200003e0   Data           1  vision.o(.data)
    VisionSendHeader                         0x200003e1   Data           3  vision.o(.data)
    VisionSendData                           0x200003e4   Data           8  vision.o(.data)
    RGBHeader                                0x200003ec   Data           1  vision.o(.data)
    Vision_New_Data                          0x200003ed   Data           1  vision.o(.data)
    b                                        0x200003f0   Data           4  vision.o(.data)
    a                                        0x200003f4   Data           4  vision.o(.data)
    Vision_Time                              0x200003f8   Data           2  vision.o(.data)
    Vision_Ping                              0x200003fa   Data           1  vision.o(.data)
    lf                                       0x200003fc   Data           4  motor_ctrl.o(.data)
    rf                                       0x20000400   Data           4  motor_ctrl.o(.data)
    lb                                       0x20000404   Data           4  motor_ctrl.o(.data)
    rb                                       0x20000408   Data           4  motor_ctrl.o(.data)
    num                                      0x2000040c   Data           4  motor_ctrl.o(.data)
    f1                                       0x20000410   Data           4  motor_ctrl.o(.data)
    f2                                       0x20000414   Data           4  motor_ctrl.o(.data)
    f3                                       0x20000418   Data           4  motor_ctrl.o(.data)
    f4                                       0x2000041c   Data           4  motor_ctrl.o(.data)
    f5                                       0x20000420   Data           4  motor_ctrl.o(.data)
    f6                                       0x20000424   Data           4  motor_ctrl.o(.data)
    f7                                       0x20000428   Data           4  motor_ctrl.o(.data)
    f8                                       0x2000042c   Data           4  motor_ctrl.o(.data)
    b1                                       0x20000430   Data           4  motor_ctrl.o(.data)
    b2                                       0x20000434   Data           4  motor_ctrl.o(.data)
    b3                                       0x20000438   Data           4  motor_ctrl.o(.data)
    b4                                       0x2000043c   Data           4  motor_ctrl.o(.data)
    b5                                       0x20000440   Data           4  motor_ctrl.o(.data)
    b6                                       0x20000444   Data           4  motor_ctrl.o(.data)
    b7                                       0x20000448   Data           4  motor_ctrl.o(.data)
    b8                                       0x2000044c   Data           4  motor_ctrl.o(.data)
    l1                                       0x20000450   Data           4  motor_ctrl.o(.data)
    l2                                       0x20000454   Data           4  motor_ctrl.o(.data)
    l3                                       0x20000458   Data           4  motor_ctrl.o(.data)
    l4                                       0x2000045c   Data           4  motor_ctrl.o(.data)
    l5                                       0x20000460   Data           4  motor_ctrl.o(.data)
    r1                                       0x20000464   Data           4  motor_ctrl.o(.data)
    r2                                       0x20000468   Data           4  motor_ctrl.o(.data)
    r3                                       0x2000046c   Data           4  motor_ctrl.o(.data)
    r4                                       0x20000470   Data           4  motor_ctrl.o(.data)
    r5                                       0x20000474   Data           4  motor_ctrl.o(.data)
    in                                       0x20000478   Data           4  motor_ctrl.o(.data)
    flagH                                    0x2000047c   Data           4  motor_ctrl.o(.data)
    flaghh                                   0x20000480   Data           4  motor_ctrl.o(.data)
    CRC_INIT                                 0x20000498   Data           2  crc.o(.data)
    pxCurrentTCB                             0x2000049c   Data           4  tasks.o(.data)
    Chassis_Speed_Target                     0x20000510   Data          16  chassis_task.o(.bss)
    Chassis_Speed_Error                      0x20000520   Data          16  chassis_task.o(.bss)
    Chassis_Speed_Measure                    0x20000530   Data          16  chassis_task.o(.bss)
    Chassis_Current_Measure                  0x20000540   Data          16  chassis_task.o(.bss)
    Chassis_Speed_Error_Sum                  0x20000550   Data          16  chassis_task.o(.bss)
    Chassis_Speed_Error_NOW                  0x20000560   Data          16  chassis_task.o(.bss)
    Chassis_Speed_Error_LAST                 0x20000570   Data          16  chassis_task.o(.bss)
    Chassis_Speed_kpid                       0x20000580   Data          48  chassis_task.o(.bss)
    pTermChassis                             0x200005b0   Data          16  chassis_task.o(.bss)
    iTermChassis                             0x200005c0   Data          16  chassis_task.o(.bss)
    dTermChassis                             0x200005d0   Data          16  chassis_task.o(.bss)
    pidTermChassis                           0x200005e0   Data          16  chassis_task.o(.bss)
    Angle_Measure_Sum                        0x200005f0   Data          16  chassis_task.o(.bss)
    Chassis_Angle_Measure                    0x20000600   Data          16  chassis_task.o(.bss)
    Angle_Target_Sum                         0x20000610   Data          16  chassis_task.o(.bss)
    Chassis_Buff_Target_Sum                  0x20000620   Data          16  chassis_task.o(.bss)
    Angle_Error                              0x20000630   Data          32  chassis_task.o(.bss)
    pTermAngle                               0x20000650   Data          32  chassis_task.o(.bss)
    iTermAngle                               0x20000670   Data          32  chassis_task.o(.bss)
    pidTermAngle                             0x20000690   Data          32  chassis_task.o(.bss)
    Chassis_Angle_kpid                       0x200006b0   Data          96  chassis_task.o(.bss)
    chassis_angle_pid                        0x20000710   Data          72  chassis_task.o(.bss)
    angleMpu                                 0x20000758   Data          24  chassis_task.o(.bss)
    Chassis_Final_Output                     0x20000770   Data          16  chassis_task.o(.bss)
    Servo_Output                             0x20000780   Data          12  chassis_task.o(.bss)
    rc_ctrl                                  0x2000078c   Data          24  remote_control.o(.bss)
    Vision_Buffer                            0x200007ec   Data         400  uart7.o(.bss)
    USART_RX_BUF                             0x2000097c   Data         200  usart6.o(.bss)
    Judge_Buf                                0x20000a44   Data         110  usart6.o(.bss)
    VisionRecvData                           0x20000ab2   Data          22  vision.o(.bss)
    VisionRecvDataTest                       0x20000ac8   Data          53  vision.o(.bss)
    vision_send_pack                         0x20000afd   Data          50  vision.o(.bss)
    flag                                     0x20000b2f   Data           9  motor_ctrl.o(.bss)
    Servo_Real                               0x20000b38   Data          12  servo.o(.bss)
    Servo_Target                             0x20000b44   Data          12  servo.o(.bss)
    xQueueRegistry                           0x20000b50   Data          64  queue.o(.bss)
    __libspace_start                         0x20020e9c   Data          96  libspace.o(.bss)
    __temporary_stack_top$libspace           0x20020efc   Data           0  libspace.o(.bss)



==============================================================================

Memory Map of the image

  Image Entry point : 0x080001ad

  Load Region LR_IROM1 (Base: 0x08000000, Size: 0x0000e924, Max: 0x00200000, ABSOLUTE, COMPRESSED[0x0000e4d8])

    Execution Region ER_IROM1 (Base: 0x08000000, Size: 0x0000e414, Max: 0x00200000, ABSOLUTE)

    Base Addr    Size         Type   Attr      Idx    E Section Name        Object

    0x08000000   0x000001ac   Data   RO         5994    RESET               startup_stm32f427xx.o
    0x080001ac   0x00000008   Code   RO         9511  * !!!main             c_w.l(__main.o)
    0x080001b4   0x00000034   Code   RO         9841    !!!scatter          c_w.l(__scatter.o)
    0x080001e8   0x0000005a   Code   RO         9839    !!dczerorl2         c_w.l(__dczerorl2.o)
    0x08000242   0x00000002   PAD
    0x08000244   0x0000001c   Code   RO         9843    !!handler_zi        c_w.l(__scatter_zi.o)
    0x08000260   0x00000002   Code   RO         9719    .ARM.Collect$$libinit$$00000000  c_w.l(libinit.o)
    0x08000262   0x00000004   Code   RO         9728    .ARM.Collect$$libinit$$00000001  c_w.l(libinit2.o)
    0x08000266   0x00000000   Code   RO         9731    .ARM.Collect$$libinit$$00000004  c_w.l(libinit2.o)
    0x08000266   0x00000000   Code   RO         9734    .ARM.Collect$$libinit$$0000000A  c_w.l(libinit2.o)
    0x08000266   0x00000000   Code   RO         9736    .ARM.Collect$$libinit$$0000000C  c_w.l(libinit2.o)
    0x08000266   0x00000000   Code   RO         9738    .ARM.Collect$$libinit$$0000000E  c_w.l(libinit2.o)
    0x08000266   0x00000000   Code   RO         9741    .ARM.Collect$$libinit$$00000011  c_w.l(libinit2.o)
    0x08000266   0x00000000   Code   RO         9743    .ARM.Collect$$libinit$$00000013  c_w.l(libinit2.o)
    0x08000266   0x00000000   Code   RO         9745    .ARM.Collect$$libinit$$00000015  c_w.l(libinit2.o)
    0x08000266   0x00000000   Code   RO         9747    .ARM.Collect$$libinit$$00000017  c_w.l(libinit2.o)
    0x08000266   0x00000000   Code   RO         9749    .ARM.Collect$$libinit$$00000019  c_w.l(libinit2.o)
    0x08000266   0x00000000   Code   RO         9751    .ARM.Collect$$libinit$$0000001B  c_w.l(libinit2.o)
    0x08000266   0x00000000   Code   RO         9753    .ARM.Collect$$libinit$$0000001D  c_w.l(libinit2.o)
    0x08000266   0x00000000   Code   RO         9755    .ARM.Collect$$libinit$$0000001F  c_w.l(libinit2.o)
    0x08000266   0x00000000   Code   RO         9757    .ARM.Collect$$libinit$$00000021  c_w.l(libinit2.o)
    0x08000266   0x00000000   Code   RO         9759    .ARM.Collect$$libinit$$00000023  c_w.l(libinit2.o)
    0x08000266   0x00000000   Code   RO         9761    .ARM.Collect$$libinit$$00000025  c_w.l(libinit2.o)
    0x08000266   0x00000000   Code   RO         9765    .ARM.Collect$$libinit$$0000002C  c_w.l(libinit2.o)
    0x08000266   0x00000000   Code   RO         9767    .ARM.Collect$$libinit$$0000002E  c_w.l(libinit2.o)
    0x08000266   0x00000000   Code   RO         9769    .ARM.Collect$$libinit$$00000030  c_w.l(libinit2.o)
    0x08000266   0x00000000   Code   RO         9771    .ARM.Collect$$libinit$$00000032  c_w.l(libinit2.o)
    0x08000266   0x00000002   Code   RO         9772    .ARM.Collect$$libinit$$00000033  c_w.l(libinit2.o)
    0x08000268   0x00000002   Code   RO         9796    .ARM.Collect$$libshutdown$$00000000  c_w.l(libshutdown.o)
    0x0800026a   0x00000000   Code   RO         9823    .ARM.Collect$$libshutdown$$00000003  c_w.l(libshutdown2.o)
    0x0800026a   0x00000000   Code   RO         9826    .ARM.Collect$$libshutdown$$00000006  c_w.l(libshutdown2.o)
    0x0800026a   0x00000000   Code   RO         9829    .ARM.Collect$$libshutdown$$00000009  c_w.l(libshutdown2.o)
    0x0800026a   0x00000000   Code   RO         9831    .ARM.Collect$$libshutdown$$0000000B  c_w.l(libshutdown2.o)
    0x0800026a   0x00000000   Code   RO         9834    .ARM.Collect$$libshutdown$$0000000E  c_w.l(libshutdown2.o)
    0x0800026a   0x00000002   Code   RO         9835    .ARM.Collect$$libshutdown$$0000000F  c_w.l(libshutdown2.o)
    0x0800026c   0x00000000   Code   RO         9577    .ARM.Collect$$rtentry$$00000000  c_w.l(__rtentry.o)
    0x0800026c   0x00000000   Code   RO         9666    .ARM.Collect$$rtentry$$00000002  c_w.l(__rtentry2.o)
    0x0800026c   0x00000006   Code   RO         9678    .ARM.Collect$$rtentry$$00000004  c_w.l(__rtentry4.o)
    0x08000272   0x00000000   Code   RO         9668    .ARM.Collect$$rtentry$$00000009  c_w.l(__rtentry2.o)
    0x08000272   0x00000004   Code   RO         9669    .ARM.Collect$$rtentry$$0000000A  c_w.l(__rtentry2.o)
    0x08000276   0x00000000   Code   RO         9671    .ARM.Collect$$rtentry$$0000000C  c_w.l(__rtentry2.o)
    0x08000276   0x00000008   Code   RO         9672    .ARM.Collect$$rtentry$$0000000D  c_w.l(__rtentry2.o)
    0x0800027e   0x00000002   Code   RO         9720    .ARM.Collect$$rtexit$$00000000  c_w.l(rtexit.o)
    0x08000280   0x00000000   Code   RO         9774    .ARM.Collect$$rtexit$$00000002  c_w.l(rtexit2.o)
    0x08000280   0x00000004   Code   RO         9775    .ARM.Collect$$rtexit$$00000003  c_w.l(rtexit2.o)
    0x08000284   0x00000006   Code   RO         9776    .ARM.Collect$$rtexit$$00000004  c_w.l(rtexit2.o)
    0x0800028a   0x00000002   PAD
    0x0800028c   0x000000b6   Code   RO         9119    .emb_text           port.o
    0x08000342   0x00000002   PAD
    0x08000344   0x0000004c   Code   RO         5995    .text               startup_stm32f427xx.o
    0x08000390   0x00000002   Code   RO         9431    .text               c_w.l(use_no_semi_2.o)
    0x08000392   0x0000008a   Code   RO         9503    .text               c_w.l(rt_memcpy_v6.o)
    0x0800041c   0x00000010   Code   RO         9505    .text               c_w.l(aeabi_memset.o)
    0x0800042c   0x00000044   Code   RO         9507    .text               c_w.l(rt_memclr.o)
    0x08000470   0x00000006   Code   RO         9509    .text               c_w.l(heapauxi.o)
    0x08000476   0x00000002   Code   RO         9575    .text               c_w.l(use_no_semi.o)
    0x08000478   0x00000064   Code   RO         9593    .text               c_w.l(rt_memcpy_w.o)
    0x080004dc   0x0000004e   Code   RO         9595    .text               c_w.l(rt_memclr_w.o)
    0x0800052a   0x00000002   PAD
    0x0800052c   0x00000030   Code   RO         9689    .text               c_w.l(_fptrap.o)
    0x0800055c   0x00000008   Code   RO         9701    .text               c_w.l(libspace.o)
    0x08000564   0x0000004a   Code   RO         9704    .text               c_w.l(sys_stackheap_outer.o)
    0x080005ae   0x0000000c   Code   RO         9708    .text               c_w.l(exit.o)
    0x080005ba   0x0000000e   Code   RO         9710    .text               c_w.l(defsig_fpe_outer.o)
    0x080005c8   0x0000000a   Code   RO         9724    .text               c_w.l(defsig_exit.o)
    0x080005d2   0x00000002   PAD
    0x080005d4   0x000000ac   Code   RO         9726    .text               c_w.l(defsig_fpe_inner.o)
    0x08000680   0x00000032   Code   RO         9782    .text               c_w.l(defsig_general.o)
    0x080006b2   0x00000002   PAD
    0x080006b4   0x0000021c   Code   RO         5430    i.AUTO_mode         chassis_task.o
    0x080008d0   0x00000284   Code   RO         7577    i.Adjust            motor_ctrl.o
    0x08000b54   0x00000070   Code   RO         8098    i.BSP_init          main.o
    0x08000bc4   0x00000060   Code   RO         7578    i.BStep             motor_ctrl.o
    0x08000c24   0x000000e8   Code   RO         7579    i.Back              motor_ctrl.o
    0x08000d0c   0x000000f0   Code   RO         7580    i.Back1             motor_ctrl.o
    0x08000dfc   0x000000f0   Code   RO         7581    i.Back112           motor_ctrl.o
    0x08000eec   0x000000ec   Code   RO         7582    i.Back12            motor_ctrl.o
    0x08000fd8   0x00000004   Code   RO            4    i.BusFault_Handler  stm32f4xx_it.o
    0x08000fdc   0x0000019c   Code   RO         5299    i.CAN1_RX0_IRQHandler  can_receive.o
    0x08001178   0x00000110   Code   RO         6780    i.CAN1_mode_init    can.o
    0x08001288   0x00000028   Code   RO         5300    i.CAN2_RX0_IRQHandler  can_receive.o
    0x080012b0   0x00000114   Code   RO         6781    i.CAN2_mode_init    can.o
    0x080013c4   0x00000064   Code   RO         5301    i.CAN_CMD_CHASSIS   can_receive.o
    0x08001428   0x000000a8   Code   RO          530    i.CAN_ClearITPendingBit  stm32f4xx_can.o
    0x080014d0   0x00000108   Code   RO          534    i.CAN_FilterInit    stm32f4xx_can.o
    0x080015d8   0x00000120   Code   RO          536    i.CAN_GetITStatus   stm32f4xx_can.o
    0x080016f8   0x00000012   Code   RO          540    i.CAN_ITConfig      stm32f4xx_can.o
    0x0800170a   0x00000114   Code   RO          541    i.CAN_Init          stm32f4xx_can.o
    0x0800181e   0x000000f0   Code   RO          544    i.CAN_Receive       stm32f4xx_can.o
    0x0800190e   0x00000126   Code   RO          549    i.CAN_Transmit      stm32f4xx_can.o
    0x08001a34   0x0000004c   Code   RO         5431    i.CHASSIS_CANSend   chassis_task.o
    0x08001a80   0x00000044   Code   RO         5432    i.CHASSIS_REST      chassis_task.o
    0x08001ac4   0x00000018   Code   RO         5433    i.CHASSIS_UpdateMotorAngle  chassis_task.o
    0x08001adc   0x00000018   Code   RO         5434    i.CHASSIS_UpdateMotorCur  chassis_task.o
    0x08001af4   0x00000018   Code   RO         5435    i.CHASSIS_UpdateMotorSpeed  chassis_task.o
    0x08001b0c   0x00000144   Code   RO         5436    i.Chassis_GetOffsetAngle  chassis_task.o
    0x08001c50   0x00000170   Code   RO         5437    i.Chassis_Init      chassis_task.o
    0x08001dc0   0x00000044   Code   RO         5438    i.Chassis_MotorOutput  chassis_task.o
    0x08001e04   0x000001c0   Code   RO         5439    i.Chassis_Motor_Angle_PID  chassis_task.o
    0x08001fc4   0x0000025c   Code   RO         5440    i.Chassis_Motor_Speed_PID  chassis_task.o
    0x08002220   0x00000294   Code   RO         5441    i.Chassis_Omni_Move_Calculate  chassis_task.o
    0x080024b4   0x0000062c   Code   RO         5442    i.Chassis_Set_Contorl  chassis_task.o
    0x08002ae0   0x00000012   Code   RO          552    i.CheckITStatus     stm32f4xx_can.o
    0x08002af2   0x00000002   PAD
    0x08002af4   0x00000034   Code   RO         1307    i.DMA_ClearFlag     stm32f4xx_dma.o
    0x08002b28   0x00000016   Code   RO         1309    i.DMA_Cmd           stm32f4xx_dma.o
    0x08002b3e   0x00000002   PAD
    0x08002b40   0x00000158   Code   RO         1310    i.DMA_DeInit        stm32f4xx_dma.o
    0x08002c98   0x00000016   Code   RO         1311    i.DMA_DoubleBufferModeCmd  stm32f4xx_dma.o
    0x08002cae   0x00000018   Code   RO         1312    i.DMA_DoubleBufferModeConfig  stm32f4xx_dma.o
    0x08002cc6   0x00000008   Code   RO         1315    i.DMA_GetCurrDataCounter  stm32f4xx_dma.o
    0x08002cce   0x00000014   Code   RO         1316    i.DMA_GetCurrentMemoryTarget  stm32f4xx_dma.o
    0x08002ce2   0x00000002   PAD
    0x08002ce4   0x00000058   Code   RO         1321    i.DMA_Init          stm32f4xx_dma.o
    0x08002d3c   0x00000004   Code   RO         1324    i.DMA_SetCurrDataCounter  stm32f4xx_dma.o
    0x08002d40   0x00000002   Code   RO            5    i.DebugMon_Handler  stm32f4xx_it.o
    0x08002d42   0x00000002   PAD
    0x08002d44   0x000003f0   Code   RO         7583    i.Forward           motor_ctrl.o
    0x08003134   0x00000014   Code   RO         5908    i.GIMBAL_UpdateAngle  gimbal_task.o
    0x08003148   0x00000014   Code   RO         5909    i.GIMBAL_UpdateCurrent  gimbal_task.o
    0x0800315c   0x00000014   Code   RO         5910    i.GIMBAL_UpdateSpeed  gimbal_task.o
    0x08003170   0x00000090   Code   RO         2154    i.GPIO_Init         stm32f4xx_gpio.o
    0x08003200   0x00000046   Code   RO         2155    i.GPIO_PinAFConfig  stm32f4xx_gpio.o
    0x08003246   0x00000012   Code   RO         2158    i.GPIO_ReadInputDataBit  stm32f4xx_gpio.o
    0x08003258   0x00000004   Code   RO         2161    i.GPIO_ResetBits    stm32f4xx_gpio.o
    0x0800325c   0x00000004   Code   RO         2162    i.GPIO_SetBits      stm32f4xx_gpio.o
    0x08003260   0x0000000a   Code   RO         2166    i.GPIO_WriteBit     stm32f4xx_gpio.o
    0x0800326a   0x00000002   PAD
    0x0800326c   0x00000090   Code   RO         7819    i.Get               servo.o
    0x080032fc   0x00000034   Code   RO         7991    i.Get_CRC16_Check_Sum  crc.o
    0x08003330   0x00000024   Code   RO         7992    i.Get_CRC8_Check_Sum  crc.o
    0x08003354   0x0000014c   Code   RO         5444    i.Gyro_turn         chassis_task.o
    0x080034a0   0x00000114   Code   RO         5445    i.Gyro_turn1        chassis_task.o
    0x080035b4   0x00000004   Code   RO            6    i.HardFault_Handler  stm32f4xx_it.o
    0x080035b8   0x000006c8   Code   RO         7584    i.High              motor_ctrl.o
    0x08003c80   0x000006c0   Code   RO         7585    i.Low               motor_ctrl.o
    0x08004340   0x000006c4   Code   RO         7586    i.Low2              motor_ctrl.o
    0x08004a04   0x000006c8   Code   RO         7587    i.Low3              motor_ctrl.o
    0x080050cc   0x0000000c   Code   RO         7588    i.Low4              motor_ctrl.o
    0x080050d8   0x000002f8   Code   RO         7590    i.Low_Forward_AdvanceStop  motor_ctrl.o
    0x080053d0   0x00000074   Code   RO         5446    i.MPU_Update        chassis_task.o
    0x08005444   0x000000a4   Code   RO         5447    i.MPU_Update_Starting  chassis_task.o
    0x080054e8   0x00000004   Code   RO            7    i.MemManage_Handler  stm32f4xx_it.o
    0x080054ec   0x000006c4   Code   RO         7591    i.Mid               motor_ctrl.o
    0x08005bb0   0x00000174   Code   RO         5448    i.MotorAngleSum     chassis_task.o
    0x08005d24   0x00000002   Code   RO            8    i.NMI_Handler       stm32f4xx_it.o
    0x08005d26   0x00000002   PAD
    0x08005d28   0x00000078   Code   RO          234    i.NVIC_Init         misc.o
    0x08005da0   0x00000014   Code   RO          235    i.NVIC_PriorityGroupConfig  misc.o
    0x08005db4   0x00000090   Code   RO         7820    i.Nor               servo.o
    0x08005e44   0x00000090   Code   RO         7821    i.Normal            servo.o
    0x08005ed4   0x00000090   Code   RO         7822    i.Normal2           servo.o
    0x08005f64   0x000001f0   Code   RO         5721    i.PID_Calc          pid.o
    0x08006154   0x00000060   Code   RO         5722    i.PID_Init          pid.o
    0x080061b4   0x00000090   Code   RO         7823    i.Place1            servo.o
    0x08006244   0x0000008c   Code   RO         7824    i.Place11           servo.o
    0x080062d0   0x00000090   Code   RO         7825    i.Place2            servo.o
    0x08006360   0x00000090   Code   RO         7826    i.Place21           servo.o
    0x080063f0   0x00000090   Code   RO         7827    i.Place22           servo.o
    0x08006480   0x0000008c   Code   RO         7828    i.Place222          servo.o
    0x0800650c   0x00000090   Code   RO         7829    i.Place3            servo.o
    0x0800659c   0x00000090   Code   RO         7830    i.Place31           servo.o
    0x0800662c   0x00000090   Code   RO         7831    i.Place32           servo.o
    0x080066bc   0x00000090   Code   RO         7832    i.Place333          servo.o
    0x0800674c   0x00000090   Code   RO         7833    i.Placec1           servo.o
    0x080067dc   0x00000090   Code   RO         7834    i.Placec2           servo.o
    0x0800686c   0x00000090   Code   RO         7835    i.Placec3           servo.o
    0x080068fc   0x00000090   Code   RO         7836    i.Placec4           servo.o
    0x0800698c   0x00000020   Code   RO         3092    i.RCC_AHB1PeriphClockCmd  stm32f4xx_rcc.o
    0x080069ac   0x00000020   Code   RO         3101    i.RCC_APB1PeriphClockCmd  stm32f4xx_rcc.o
    0x080069cc   0x00000020   Code   RO         3103    i.RCC_APB1PeriphResetCmd  stm32f4xx_rcc.o
    0x080069ec   0x00000020   Code   RO         3104    i.RCC_APB2PeriphClockCmd  stm32f4xx_rcc.o
    0x08006a0c   0x00000020   Code   RO         3106    i.RCC_APB2PeriphResetCmd  stm32f4xx_rcc.o
    0x08006a2c   0x000000e8   Code   RO         3113    i.RCC_GetClocksFreq  stm32f4xx_rcc.o
    0x08006b14   0x0000014c   Code   RO         7190    i.RC_Init           rc.o
    0x08006c60   0x00000090   Code   RO         7837    i.Raise             servo.o
    0x08006cf0   0x0000008c   Code   RO         7838    i.Raise2            servo.o
    0x08006d7c   0x000000da   Code   RO         5767    i.SBUS_TO_RC        remote_control.o
    0x08006e56   0x00000002   PAD
    0x08006e58   0x0000000c   Code   RO         5837    i.SYSTEM_GetSystemState  start_task.o
    0x08006e64   0x00000020   Code   RO         7839    i.Servo_Init        servo.o
    0x08006e84   0x000000d0   Code   RO         7840    i.Servo_Ramp        servo.o
    0x08006f54   0x00000120   Code   RO          193    i.SetSysClock       system_stm32f4xx.o
    0x08007074   0x0000004c   Code   RO         7592    i.Step              motor_ctrl.o
    0x080070c0   0x0000004c   Code   RO         7593    i.Step1             motor_ctrl.o
    0x0800710c   0x00000028   Code   RO          238    i.SysTick_CLKSourceConfig  misc.o
    0x08007134   0x00000010   Code   RO         5673    i.SysTick_Handler   freertos_middleware.o
    0x08007144   0x00000068   Code   RO          195    i.SystemInit        system_stm32f4xx.o
    0x080071ac   0x0000002c   Code   RO         5838    i.System_control    start_task.o
    0x080071d8   0x00000030   Code   RO         5674    i.TIM3_IRQHandler   freertos_middleware.o
    0x08007208   0x00000124   Code   RO         7296    i.TIM5_Init         timer.o
    0x0800732c   0x00000180   Code   RO         7841    i.TIM5_Servo        servo.o
    0x080074ac   0x00000024   Code   RO         5304    i.TIM6_DAC_IRQHandler  can_receive.o
    0x080074d0   0x00000078   Code   RO         7297    i.TIM6_Init         timer.o
    0x08007548   0x00000018   Code   RO         4479    i.TIM_ARRPreloadConfig  stm32f4xx_tim.o
    0x08007560   0x00000006   Code   RO         4485    i.TIM_ClearFlag     stm32f4xx_tim.o
    0x08007566   0x00000018   Code   RO         4491    i.TIM_Cmd           stm32f4xx_tim.o
    0x0800757e   0x0000001e   Code   RO         4493    i.TIM_CtrlPWMOutputs  stm32f4xx_tim.o
    0x0800759c   0x00000190   Code   RO         4496    i.TIM_DeInit        stm32f4xx_tim.o
    0x0800772c   0x00000022   Code   RO         4512    i.TIM_GetITStatus   stm32f4xx_tim.o
    0x0800774e   0x00000012   Code   RO         4516    i.TIM_ITConfig      stm32f4xx_tim.o
    0x08007760   0x0000007c   Code   RO         4520    i.TIM_OC1Init       stm32f4xx_tim.o
    0x080077dc   0x00000012   Code   RO         4523    i.TIM_OC1PreloadConfig  stm32f4xx_tim.o
    0x080077ee   0x00000002   PAD
    0x080077f0   0x000000a4   Code   RO         4525    i.TIM_OC2Init       stm32f4xx_tim.o
    0x08007894   0x0000001a   Code   RO         4528    i.TIM_OC2PreloadConfig  stm32f4xx_tim.o
    0x080078ae   0x00000002   PAD
    0x080078b0   0x000000a0   Code   RO         4530    i.TIM_OC3Init       stm32f4xx_tim.o
    0x08007950   0x00000012   Code   RO         4533    i.TIM_OC3PreloadConfig  stm32f4xx_tim.o
    0x08007962   0x00000002   PAD
    0x08007964   0x00000078   Code   RO         4535    i.TIM_OC4Init       stm32f4xx_tim.o
    0x080079dc   0x0000001a   Code   RO         4537    i.TIM_OC4PreloadConfig  stm32f4xx_tim.o
    0x080079f6   0x00000002   PAD
    0x080079f8   0x00000084   Code   RO         4563    i.TIM_TimeBaseInit  stm32f4xx_tim.o
    0x08007a7c   0x000000c8   Code   RO         7341    i.UART7_IRQHandler  uart7.o
    0x08007b44   0x000000e4   Code   RO         5768    i.USART1_IRQHandler  remote_control.o
    0x08007c28   0x00000098   Code   RO         7399    i.USART6_IRQHandler  usart6.o
    0x08007cc0   0x00000012   Code   RO         5041    i.USART_ClearFlag   stm32f4xx_usart.o
    0x08007cd2   0x00000018   Code   RO         5045    i.USART_Cmd         stm32f4xx_usart.o
    0x08007cea   0x00000012   Code   RO         5046    i.USART_DMACmd      stm32f4xx_usart.o
    0x08007cfc   0x000000f0   Code   RO         5047    i.USART_DeInit      stm32f4xx_usart.o
    0x08007dec   0x00000054   Code   RO         5049    i.USART_GetITStatus  stm32f4xx_usart.o
    0x08007e40   0x0000004a   Code   RO         5051    i.USART_ITConfig    stm32f4xx_usart.o
    0x08007e8a   0x00000002   PAD
    0x08007e8c   0x000000d4   Code   RO         5052    i.USART_Init        stm32f4xx_usart.o
    0x08007f60   0x0000000a   Code   RO         5059    i.USART_ReceiveData  stm32f4xx_usart.o
    0x08007f6a   0x00000004   Code   RO            9    i.UsageFault_Handler  stm32f4xx_it.o
    0x08007f6e   0x00000002   PAD
    0x08007f70   0x00000040   Code   RO         7993    i.Verify_CRC16_Check_Sum  crc.o
    0x08007fb0   0x00000030   Code   RO         7994    i.Verify_CRC8_Check_Sum  crc.o
    0x08007fe0   0x00000078   Code   RO         7462    i.Vision_Read_Data  vision.o
    0x08008058   0x00000014   Code   RO         9569    i.__hardfp_fabs     m_wm.l(fabs.o)
    0x0800806c   0x00000008   Code   RO         7400    i._sys_exit         usart6.o
    0x08008074   0x00000008   Code   RO         7401    i._ttywrch          usart6.o
    0x0800807c   0x00000028   Code   RO         5450    i.arm_flag          chassis_task.o
    0x080080a4   0x000006c4   Code   RO         7594    i.back              motor_ctrl.o
    0x08008768   0x00000024   Code   RO         5451    i.chassis_feedback_update  chassis_task.o
    0x0800878c   0x0000003a   Code   RO         5452    i.chassis_task      chassis_task.o
    0x080087c6   0x0000002a   Code   RO         7089    i.constrain_float   limit.o
    0x080087f0   0x0000006c   Code   RO         6810    i.delay_init        delay.o
    0x0800885c   0x00000050   Code   RO         6811    i.delay_ms          delay.o
    0x080088ac   0x00000050   Code   RO         6812    i.delay_us          delay.o
    0x080088fc   0x00000018   Code   RO         7007    i.flow_led_off      led.o
    0x08008914   0x0000002c   Code   RO         5453    i.forward_flag      chassis_task.o
    0x08008940   0x00000030   Code   RO         7595    i.go_back           motor_ctrl.o
    0x08008970   0x0000002c   Code   RO         7596    i.go_high           motor_ctrl.o
    0x0800899c   0x0000002c   Code   RO         7597    i.go_low            motor_ctrl.o
    0x080089c8   0x0000002c   Code   RO         7598    i.go_low2           motor_ctrl.o
    0x080089f4   0x0000002c   Code   RO         7599    i.go_low3           motor_ctrl.o
    0x08008a20   0x0000002c   Code   RO         7600    i.go_mid            motor_ctrl.o
    0x08008a4c   0x000007d8   Code   RO         5454    i.judge             chassis_task.o
    0x08009224   0x000002b0   Code   RO         6944    i.key_Init          key.o
    0x080094d4   0x00000094   Code   RO         7010    i.led_configuration  led.o
    0x08009568   0x00000014   Code   RO         7011    i.led_green_off     led.o
    0x0800957c   0x00000014   Code   RO         7014    i.led_red_off       led.o
    0x08009590   0x000002f4   Code   RO         7602    i.low_Forward       motor_ctrl.o
    0x08009884   0x000002f4   Code   RO         7603    i.low_Forward0      motor_ctrl.o
    0x08009b78   0x000002f8   Code   RO         7604    i.low_Forward1      motor_ctrl.o
    0x08009e70   0x0000013c   Code   RO         7605    i.low_Forward11     motor_ctrl.o
    0x08009fac   0x00000016   Code   RO         8099    i.main              main.o
    0x08009fc2   0x00000002   PAD
    0x08009fc4   0x0000002c   Code   RO         7606    i.motor_speed       motor_ctrl.o
    0x08009ff0   0x00000048   Code   RO         7145    i.power_ctrl_configuration  power_ctrl.o
    0x0800a038   0x00000020   Code   RO         7146    i.power_ctrl_off    power_ctrl.o
    0x0800a058   0x00000020   Code   RO         7147    i.power_ctrl_on     power_ctrl.o
    0x0800a078   0x00000098   Code   RO         8600    i.prvAddCurrentTaskToDelayedList  tasks.o
    0x0800a110   0x000000b8   Code   RO         8601    i.prvAddNewTaskToReadyList  tasks.o
    0x0800a1c8   0x00000064   Code   RO         8977    i.prvCheckForValidListAndQueue  timers.o
    0x0800a22c   0x00000064   Code   RO         8602    i.prvCheckTasksWaitingTermination  tasks.o
    0x0800a290   0x0000002a   Code   RO         8355    i.prvCopyDataFromQueue  queue.o
    0x0800a2ba   0x0000007c   Code   RO         8356    i.prvCopyDataToQueue  queue.o
    0x0800a336   0x00000012   Code   RO         8603    i.prvDeleteTCB      tasks.o
    0x0800a348   0x00000028   Code   RO         8978    i.prvGetNextExpireTime  timers.o
    0x0800a370   0x0000007c   Code   RO         9202    i.prvHeapInit       heap_4.o
    0x0800a3ec   0x00000028   Code   RO         8604    i.prvIdleTask       tasks.o
    0x0800a414   0x0000002e   Code   RO         8358    i.prvInitialiseNewQueue  queue.o
    0x0800a442   0x000000b4   Code   RO         8605    i.prvInitialiseNewTask  tasks.o
    0x0800a4f6   0x00000002   PAD
    0x0800a4f8   0x00000068   Code   RO         8606    i.prvInitialiseTaskLists  tasks.o
    0x0800a560   0x00000068   Code   RO         9203    i.prvInsertBlockIntoFreeList  heap_4.o
    0x0800a5c8   0x00000058   Code   RO         8980    i.prvInsertTimerInActiveList  timers.o
    0x0800a620   0x0000001a   Code   RO         8359    i.prvIsQueueEmpty   queue.o
    0x0800a63a   0x0000001e   Code   RO         8360    i.prvIsQueueFull    queue.o
    0x0800a658   0x00000090   Code   RO         8361    i.prvNotifyQueueSetContainer  queue.o
    0x0800a6e8   0x00000064   Code   RO         8981    i.prvProcessExpiredTimer  timers.o
    0x0800a74c   0x000000f8   Code   RO         8982    i.prvProcessReceivedCommands  timers.o
    0x0800a844   0x00000074   Code   RO         8983    i.prvProcessTimerOrBlockTask  timers.o
    0x0800a8b8   0x00000034   Code   RO         8608    i.prvResetNextTaskUnblockTime  tasks.o
    0x0800a8ec   0x0000002c   Code   RO         8984    i.prvSampleTimeNow  timers.o
    0x0800a918   0x000000a0   Code   RO         8985    i.prvSwitchTimerLists  timers.o
    0x0800a9b8   0x00000040   Code   RO         9120    i.prvTaskExitError  port.o
    0x0800a9f8   0x0000001a   Code   RO         8986    i.prvTimerTask      timers.o
    0x0800aa12   0x00000092   Code   RO         8362    i.prvUnlockQueue    queue.o
    0x0800aaa4   0x0000013c   Code   RO         9204    i.pvPortMalloc      heap_4.o
    0x0800abe0   0x00000020   Code   RO         8613    i.pvTaskIncrementMutexHeldCount  tasks.o
    0x0800ac00   0x0000002c   Code   RO         9121    i.pxPortInitialiseStack  port.o
    0x0800ac2c   0x00000014   Code   RO         5770    i.remote_control_init  remote_control.o
    0x0800ac40   0x0000008c   Code   RO         5455    i.ring_release_correction  chassis_task.o
    0x0800accc   0x00000238   Code   RO         7608    i.sensor_update     motor_ctrl.o
    0x0800af04   0x00000180   Code   RO         7842    i.servo             servo.o
    0x0800b084   0x0000002c   Code   RO         5840    i.startTast         start_task.o
    0x0800b0b0   0x00000070   Code   RO         5841    i.start_task        start_task.o
    0x0800b120   0x0000002c   Code   RO         7609    i.stop              motor_ctrl.o
    0x0800b14c   0x00000054   Code   RO         7610    i.stop_delay        motor_ctrl.o
    0x0800b1a0   0x00000100   Code   RO         7611    i.stop_forward      motor_ctrl.o
    0x0800b2a0   0x00000058   Code   RO         5842    i.system_update     start_task.o
    0x0800b2f8   0x0000002c   Code   RO         5456    i.turn_flag         chassis_task.o
    0x0800b324   0x000000c0   Code   RO         5457    i.update_uncorrect_flag  chassis_task.o
    0x0800b3e4   0x0000013c   Code   RO         7403    i.usart6_init       usart6.o
    0x0800b520   0x00000028   Code   RO         8306    i.uxListRemove      list.o
    0x0800b548   0x0000001a   Code   RO         8307    i.vListInitialise   list.o
    0x0800b562   0x00000006   Code   RO         8308    i.vListInitialiseItem  list.o
    0x0800b568   0x00000034   Code   RO         8309    i.vListInsert       list.o
    0x0800b59c   0x00000018   Code   RO         8310    i.vListInsertEnd    list.o
    0x0800b5b4   0x00000054   Code   RO         9123    i.vPortEnterCritical  port.o
    0x0800b608   0x0000003c   Code   RO         9124    i.vPortExitCritical  port.o
    0x0800b644   0x00000094   Code   RO         9205    i.vPortFree         heap_4.o
    0x0800b6d8   0x00000002   Code   RO         5675    i.vPortSetupTimerInterrupt  freertos_middleware.o
    0x0800b6da   0x00000002   PAD
    0x0800b6dc   0x00000078   Code   RO         9125    i.vPortValidateInterruptPriority  port.o
    0x0800b754   0x0000002c   Code   RO         8368    i.vQueueAddToRegistry  queue.o
    0x0800b780   0x0000004a   Code   RO         8372    i.vQueueWaitForMessageRestricted  queue.o
    0x0800b7ca   0x00000002   PAD
    0x0800b7cc   0x0000005c   Code   RO         8622    i.vTaskDelay        tasks.o
    0x0800b828   0x000000d4   Code   RO         8623    i.vTaskDelayUntil   tasks.o
    0x0800b8fc   0x000000f4   Code   RO         8624    i.vTaskDelete       tasks.o
    0x0800b9f0   0x0000000c   Code   RO         8628    i.vTaskMissedYield  tasks.o
    0x0800b9fc   0x00000038   Code   RO         8630    i.vTaskPlaceOnEventList  tasks.o
    0x0800ba34   0x00000040   Code   RO         8631    i.vTaskPlaceOnEventListRestricted  tasks.o
    0x0800ba74   0x000000b0   Code   RO         8633    i.vTaskPriorityInherit  tasks.o
    0x0800bb24   0x00000030   Code   RO         8637    i.vTaskSetTimeOutState  tasks.o
    0x0800bb54   0x00000094   Code   RO         8638    i.vTaskStartScheduler  tasks.o
    0x0800bbe8   0x00000010   Code   RO         8640    i.vTaskSuspendAll   tasks.o
    0x0800bbf8   0x0000008c   Code   RO         8641    i.vTaskSwitchContext  tasks.o
    0x0800bc84   0x0000013c   Code   RO         9126    i.xPortStartScheduler  port.o
    0x0800bdc0   0x00000034   Code   RO         9127    i.xPortSysTickHandler  port.o
    0x0800bdf4   0x00000058   Code   RO         8377    i.xQueueGenericCreate  queue.o
    0x0800be4c   0x000001c4   Code   RO         8378    i.xQueueGenericReceive  queue.o
    0x0800c010   0x00000098   Code   RO         8379    i.xQueueGenericReset  queue.o
    0x0800c0a8   0x000001c8   Code   RO         8380    i.xQueueGenericSend  queue.o
    0x0800c270   0x00000108   Code   RO         8381    i.xQueueGenericSendFromISR  queue.o
    0x0800c378   0x0000008c   Code   RO         8642    i.xTaskCheckForTimeOut  tasks.o
    0x0800c404   0x00000060   Code   RO         8643    i.xTaskCreate       tasks.o
    0x0800c464   0x00000020   Code   RO         8648    i.xTaskGetSchedulerState  tasks.o
    0x0800c484   0x0000000c   Code   RO         8649    i.xTaskGetTickCount  tasks.o
    0x0800c490   0x00000148   Code   RO         8651    i.xTaskIncrementTick  tasks.o
    0x0800c5d8   0x000000c8   Code   RO         8654    i.xTaskPriorityDisinherit  tasks.o
    0x0800c6a0   0x00000098   Code   RO         8655    i.xTaskRemoveFromEventList  tasks.o
    0x0800c738   0x00000104   Code   RO         8657    i.xTaskResumeAll    tasks.o
    0x0800c83c   0x00000054   Code   RO         8990    i.xTimerCreateTimerTask  timers.o
    0x0800c890   0x00000084   Code   RO         8991    i.xTimerGenericCommand  timers.o
    0x0800c914   0x000002c4   Code   RO         9513    x$fpl$d2f           g_wm.l(d2f_clz.o)
    0x0800cbd8   0x0000024c   Code   RO         9515    x$fpl$dadd          g_wm.l(daddsub_clz.o)
    0x0800ce24   0x00000018   Code   RO         9599    x$fpl$dcmpinf       g_wm.l(dcmpi.o)
    0x0800ce3c   0x0000037c   Code   RO         9522    x$fpl$ddiv          g_wm.l(ddiv_clz.o)
    0x0800d1b8   0x000000dc   Code   RO         9525    x$fpl$dfixu         g_wm.l(dfixu.o)
    0x0800d294   0x0000002e   Code   RO         9530    x$fpl$dflt          g_wm.l(dflt_clz.o)
    0x0800d2c2   0x0000001a   Code   RO         9531    x$fpl$dfltn         g_wm.l(dflt_clz.o)
    0x0800d2dc   0x00000078   Code   RO         9535    x$fpl$dleqf         g_wm.l(dleqf.o)
    0x0800d354   0x000001c0   Code   RO         9537    x$fpl$dmul          g_wm.l(dmul_clz.o)
    0x0800d514   0x00000102   Code   RO         9601    x$fpl$dnaninf       g_wm.l(dnaninf.o)
    0x0800d616   0x00000070   Code   RO         9603    x$fpl$drenorm       g_wm.l(drenorm_clz.o)
    0x0800d686   0x0000000c   Code   RO         9605    x$fpl$dretinf       g_wm.l(dretinf.o)
    0x0800d692   0x00000062   Code   RO         9539    x$fpl$drleqf        g_wm.l(drleqf.o)
    0x0800d6f4   0x0000029c   Code   RO         9517    x$fpl$dsub          g_wm.l(daddsub_clz.o)
    0x0800d990   0x0000017a   Code   RO         9607    x$fpl$dunder        g_wm.l(dunder_clz.o)
    0x0800db0a   0x00000002   PAD
    0x0800db0c   0x000001ec   Code   RO         9609    x$fpl$exception     g_wm.l(except.o)
    0x0800dcf8   0x0000007a   Code   RO         9541    x$fpl$f2d           g_wm.l(f2d.o)
    0x0800dd72   0x000000f2   Code   RO         9611    x$fpl$fnaninf       g_wm.l(fnaninf.o)
    0x0800de64   0x0000000a   Code   RO         9786    x$fpl$fpinit        g_wm.l(fpinit.o)
    0x0800de6e   0x0000000a   Code   RO         9613    x$fpl$fretinf       g_wm.l(fretinf.o)
    0x0800de78   0x0000013c   Code   RO         9615    x$fpl$funder        g_wm.l(funder_clz.o)
    0x0800dfb4   0x000000b2   Code   RO         9699    x$fpl$retnan        g_wm.l(retnan.o)
    0x0800e066   0x0000007e   Code   RO         9617    x$fpl$trapveneer    g_wm.l(trapv.o)
    0x0800e0e4   0x00000000   Code   RO         9619    x$fpl$usenofp       g_wm.l(usenofp.o)
    0x0800e0e4   0x0000000c   Data   RO         5459    .constdata          chassis_task.o
    0x0800e0f0   0x00000302   Data   RO         7995    .constdata          crc.o
    0x0800e3f2   0x00000002   PAD
    0x0800e3f4   0x00000020   Data   RO         9837    Region$$Table       anon$$obj.o


    Execution Region RW_IRAM1 (Base: 0x20000000, Size: 0x00021300, Max: 0x00030000, ABSOLUTE, COMPRESSED[0x000000c4])

    Base Addr    Size         Type   Attr      Idx    E Section Name        Object

    0x20000000   0x00000014   Data   RW          196    .data               system_stm32f4xx.o
    0x20000014   0x00000010   Data   RW         3145    .data               stm32f4xx_rcc.o
    0x20000024   0x00000310   Data   RW         5460    .data               chassis_task.o
    0x20000334   0x00000004   PAD
    0x20000338   0x00000008   Data   RW         5676    .data               freertos_middleware.o
    0x20000340   0x00000002   Data   RW         5774    .data               remote_control.o
    0x20000342   0x00000002   PAD
    0x20000344   0x00000040   Data   RW         5843    .data               start_task.o
    0x20000384   0x00000048   Data   RW         5914    .data               gimbal_task.o
    0x200003cc   0x00000008   Data   RW         6813    .data               delay.o
    0x200003d4   0x00000027   Data   RW         7465    .data               vision.o
    0x200003fb   0x00000001   PAD
    0x200003fc   0x00000094   Data   RW         7614    .data               motor_ctrl.o
    0x20000490   0x00000008   Data   RW         7844    .data               servo.o
    0x20000498   0x00000002   Data   RW         7996    .data               crc.o
    0x2000049a   0x00000002   PAD
    0x2000049c   0x0000003c   Data   RW         8660    .data               tasks.o
    0x200004d8   0x00000014   Data   RW         8997    .data               timers.o
    0x200004ec   0x0000000c   Data   RW         9128    .data               port.o
    0x200004f8   0x00000018   Data   RW         9210    .data               heap_4.o
    0x20000510   0x0000027c   Zero   RW         5458    .bss                chassis_task.o
    0x2000078c   0x00000060   Zero   RW         5773    .bss                remote_control.o
    0x200007ec   0x00000190   Zero   RW         7346    .bss                uart7.o
    0x2000097c   0x00000136   Zero   RW         7404    .bss                usart6.o
    0x20000ab2   0x0000007d   Zero   RW         7464    .bss                vision.o
    0x20000b2f   0x00000009   Zero   RW         7613    .bss                motor_ctrl.o
    0x20000b38   0x00000018   Zero   RW         7843    .bss                servo.o
    0x20000b50   0x00000040   Zero   RW         8392    .bss                queue.o
    0x20000b90   0x000002e4   Zero   RW         8659    .bss                tasks.o
    0x20000e74   0x00000028   Zero   RW         8996    .bss                timers.o
    0x20000e9c   0x00020000   Zero   RW         9209    .bss                heap_4.o
    0x20020e9c   0x00000060   Zero   RW         9702    .bss                c_w.l(libspace.o)
    0x20020efc   0x00000004   PAD
    0x20020f00   0x00000000   Zero   RW         5993    HEAP                startup_stm32f427xx.o
    0x20020f00   0x00000400   Zero   RW         5992    STACK               startup_stm32f427xx.o


==============================================================================

Image component sizes


      Code (inc. data)   RO Data    RW Data    ZI Data      Debug   Object Name

       548         16          0          0          0       2022   can.o
       588         20          0          0          0      12944   can_receive.o
      8630       1032         12        784        636      25704   chassis_task.o
       200         14        770          2          0       3341   crc.o
         0          0          0          0          0       4704   croutine.o
       268         26          0          8          0       2155   delay.o
         0          0          0          0          0      11848   event_groups.o
        66          8          0          8          0       2414   freertos_middleware.o
        60         12          0         72          0       4121   gimbal_task.o
       692         62          0         24     131072       4471   heap_4.o
       688         34          0          0          0        927   key.o
       212         30          0          0          0       2129   led.o
        42          0          0          0          0        678   limit.o
       148          0          0          0          0       3258   list.o
       134          0          0          0          0       1130   main.o
       180         24          0          0          0       2065   misc.o
     17868       1538          0        148          9      24761   motor_ctrl.o
       592          8          0          0          0       2406   pid.o
       922         86          0         12          0      10874   port.o
       136         18          0          0          0       1812   power_ctrl.o
      2088         22          0          0         64      16849   queue.o
       332         20          0          0          0       1270   rc.o
       466         28          0          2         96       4780   remote_control.o
      3876        594          0          8         24      14377   servo.o
       300         96          0         64          0       3902   start_task.o
        76         28        428          0       1024        856   startup_stm32f427xx.o
      1566         16          0          0          0       6338   stm32f4xx_can.o
       584         40          0          0          0       6660   stm32f4xx_dma.o
       250          0          0          0          0       4067   stm32f4xx_gpio.o
        20          0          0          0          0     322793   stm32f4xx_it.o
       392         48          0         16          0       5821   stm32f4xx_rcc.o
      1324        120          0          0          0      10783   stm32f4xx_tim.o
       680         42          0          0          0       6030   stm32f4xx_usart.o
       392         32          0         20          0       1853   system_stm32f4xx.o
      3290        422          0         60        740      24393   tasks.o
       412         18          0          0          0       1408   timer.o
      1138        116          0         20         40      17275   timers.o
       200         14          0          0        400       1883   uart7.o
       484         28          0          0        310       4538   usart6.o
       120         26          0         39        125       3574   vision.o

    ----------------------------------------------------------------------
     50000       4638       1244       1296     134540     583214   Object Totals
         0          0         32          0          0          0   (incl. Generated)
        36          0          2          9          0          0   (incl. Padding)

    ----------------------------------------------------------------------

      Code (inc. data)   RO Data    RW Data    ZI Data      Debug   Library Member Name

        90          0          0          0          0          0   __dczerorl2.o
         8          0          0          0          0         68   __main.o
         0          0          0          0          0          0   __rtentry.o
        12          0          0          0          0          0   __rtentry2.o
         6          0          0          0          0          0   __rtentry4.o
        52          8          0          0          0          0   __scatter.o
        28          0          0          0          0          0   __scatter_zi.o
        48          4          0          0          0         84   _fptrap.o
        16          0          0          0          0         68   aeabi_memset.o
        10          0          0          0          0         68   defsig_exit.o
       172        110          0          0          0         76   defsig_fpe_inner.o
        14          0          0          0          0         80   defsig_fpe_outer.o
        50          0          0          0          0         88   defsig_general.o
        12          0          0          0          0         72   exit.o
         6          0          0          0          0        152   heapauxi.o
         2          0          0          0          0          0   libinit.o
         6          0          0          0          0          0   libinit2.o
         2          0          0          0          0          0   libshutdown.o
         2          0          0          0          0          0   libshutdown2.o
         8          4          0          0         96         68   libspace.o
        68          0          0          0          0         68   rt_memclr.o
        78          0          0          0          0         80   rt_memclr_w.o
       138          0          0          0          0         68   rt_memcpy_v6.o
       100          0          0          0          0         80   rt_memcpy_w.o
         2          0          0          0          0          0   rtexit.o
        10          0          0          0          0          0   rtexit2.o
        74          0          0          0          0         80   sys_stackheap_outer.o
         2          0          0          0          0         68   use_no_semi.o
         2          0          0          0          0         68   use_no_semi_2.o
       708         16          0          0          0        140   d2f_clz.o
      1256         28          0          0          0        408   daddsub_clz.o
        24          0          0          0          0        116   dcmpi.o
       892        152          0          0          0        292   ddiv_clz.o
       220         16          0          0          0        192   dfixu.o
        72          0          0          0          0        232   dflt_clz.o
       120          8          0          0          0        140   dleqf.o
       448         16          0          0          0        164   dmul_clz.o
       258          4          0          0          0        156   dnaninf.o
       112          0          0          0          0        160   drenorm_clz.o
        12          0          0          0          0        116   dretinf.o
        98          0          0          0          0        128   drleqf.o
       378          0          0          0          0        168   dunder_clz.o
       492         36          0          0          0        148   except.o
       122          8          0          0          0        132   f2d.o
       242          4          0          0          0        144   fnaninf.o
        10          0          0          0          0        116   fpinit.o
        10          0          0          0          0        116   fretinf.o
       316          0          0          0          0        132   funder_clz.o
       178          0          0          0          0        116   retnan.o
       126          0          0          0          0        148   trapv.o
         0          0          0          0          0          0   usenofp.o
        20          0          0          0          0        124   fabs.o

    ----------------------------------------------------------------------
      7144        414          0          0        100       4924   Library Totals
        12          0          0          0          4          0   (incl. Padding)

    ----------------------------------------------------------------------

      Code (inc. data)   RO Data    RW Data    ZI Data      Debug   Library Name

      1018        126          0          0         96       1336   c_w.l
      6094        288          0          0          0       3464   g_wm.l
        20          0          0          0          0        124   m_wm.l

    ----------------------------------------------------------------------
      7144        414          0          0        100       4924   Library Totals

    ----------------------------------------------------------------------

==============================================================================


      Code (inc. data)   RO Data    RW Data    ZI Data      Debug   

     57144       5052       1244       1296     134640     560162   Grand Totals
     57144       5052       1244        196     134640     560162   ELF Image Totals (compressed)
     57144       5052       1244        196          0          0   ROM Totals

==============================================================================

    Total RO  Size (Code + RO Data)                58388 (  57.02kB)
    Total RW  Size (RW Data + ZI Data)            135936 ( 132.75kB)
    Total ROM Size (Code + RO Data + RW Data)      58584 (  57.21kB)

==============================================================================

