Component: ARM Compiler 5.05 update 1 (build 106) Tool: armlink [4d0efa]

==============================================================================

Section Cross References

    system_stm32f4xx.o(i.SystemCoreClockUpdate) refers to system_stm32f4xx.o(.data) for SystemCoreClock
    system_stm32f4xx.o(i.SystemInit) refers to system_stm32f4xx.o(i.SetSysClock) for SetSysClock
    stm32f4xx_adc.o(i.ADC_DeInit) refers to stm32f4xx_rcc.o(i.RCC_APB2PeriphResetCmd) for RCC_APB2PeriphResetCmd
    stm32f4xx_can.o(i.CAN_DeInit) refers to stm32f4xx_rcc.o(i.RCC_APB1PeriphResetCmd) for RCC_APB1PeriphResetCmd
    stm32f4xx_can.o(i.CAN_GetITStatus) refers to stm32f4xx_can.o(i.CheckITStatus) for CheckITStatus
    stm32f4xx_cryp.o(i.CRYP_DeInit) refers to stm32f4xx_rcc.o(i.RCC_AHB2PeriphResetCmd) for RCC_AHB2PeriphResetCmd
    stm32f4xx_cryp_aes.o(i.CRYP_AES_CBC) refers to stm32f4xx_cryp.o(i.CRYP_KeyStructInit) for CRYP_KeyStructInit
    stm32f4xx_cryp_aes.o(i.CRYP_AES_CBC) refers to stm32f4xx_cryp.o(i.CRYP_FIFOFlush) for CRYP_FIFOFlush
    stm32f4xx_cryp_aes.o(i.CRYP_AES_CBC) refers to stm32f4xx_cryp.o(i.CRYP_Init) for CRYP_Init
    stm32f4xx_cryp_aes.o(i.CRYP_AES_CBC) refers to stm32f4xx_cryp.o(i.CRYP_KeyInit) for CRYP_KeyInit
    stm32f4xx_cryp_aes.o(i.CRYP_AES_CBC) refers to stm32f4xx_cryp.o(i.CRYP_Cmd) for CRYP_Cmd
    stm32f4xx_cryp_aes.o(i.CRYP_AES_CBC) refers to stm32f4xx_cryp.o(i.CRYP_GetFlagStatus) for CRYP_GetFlagStatus
    stm32f4xx_cryp_aes.o(i.CRYP_AES_CBC) refers to stm32f4xx_cryp.o(i.CRYP_IVInit) for CRYP_IVInit
    stm32f4xx_cryp_aes.o(i.CRYP_AES_CBC) refers to stm32f4xx_cryp.o(i.CRYP_GetCmdStatus) for CRYP_GetCmdStatus
    stm32f4xx_cryp_aes.o(i.CRYP_AES_CBC) refers to stm32f4xx_cryp.o(i.CRYP_DataIn) for CRYP_DataIn
    stm32f4xx_cryp_aes.o(i.CRYP_AES_CBC) refers to stm32f4xx_cryp.o(i.CRYP_DataOut) for CRYP_DataOut
    stm32f4xx_cryp_aes.o(i.CRYP_AES_CCM) refers to stm32f4xx_cryp.o(i.CRYP_KeyStructInit) for CRYP_KeyStructInit
    stm32f4xx_cryp_aes.o(i.CRYP_AES_CCM) refers to stm32f4xx_cryp.o(i.CRYP_FIFOFlush) for CRYP_FIFOFlush
    stm32f4xx_cryp_aes.o(i.CRYP_AES_CCM) refers to stm32f4xx_cryp.o(i.CRYP_KeyInit) for CRYP_KeyInit
    stm32f4xx_cryp_aes.o(i.CRYP_AES_CCM) refers to stm32f4xx_cryp.o(i.CRYP_IVInit) for CRYP_IVInit
    stm32f4xx_cryp_aes.o(i.CRYP_AES_CCM) refers to stm32f4xx_cryp.o(i.CRYP_Init) for CRYP_Init
    stm32f4xx_cryp_aes.o(i.CRYP_AES_CCM) refers to stm32f4xx_cryp.o(i.CRYP_PhaseConfig) for CRYP_PhaseConfig
    stm32f4xx_cryp_aes.o(i.CRYP_AES_CCM) refers to stm32f4xx_cryp.o(i.CRYP_DataIn) for CRYP_DataIn
    stm32f4xx_cryp_aes.o(i.CRYP_AES_CCM) refers to stm32f4xx_cryp.o(i.CRYP_Cmd) for CRYP_Cmd
    stm32f4xx_cryp_aes.o(i.CRYP_AES_CCM) refers to stm32f4xx_cryp.o(i.CRYP_GetCmdStatus) for CRYP_GetCmdStatus
    stm32f4xx_cryp_aes.o(i.CRYP_AES_CCM) refers to stm32f4xx_cryp.o(i.CRYP_GetFlagStatus) for CRYP_GetFlagStatus
    stm32f4xx_cryp_aes.o(i.CRYP_AES_CCM) refers to stm32f4xx_cryp.o(i.CRYP_DataOut) for CRYP_DataOut
    stm32f4xx_cryp_aes.o(i.CRYP_AES_CTR) refers to stm32f4xx_cryp.o(i.CRYP_KeyStructInit) for CRYP_KeyStructInit
    stm32f4xx_cryp_aes.o(i.CRYP_AES_CTR) refers to stm32f4xx_cryp.o(i.CRYP_KeyInit) for CRYP_KeyInit
    stm32f4xx_cryp_aes.o(i.CRYP_AES_CTR) refers to stm32f4xx_cryp.o(i.CRYP_Init) for CRYP_Init
    stm32f4xx_cryp_aes.o(i.CRYP_AES_CTR) refers to stm32f4xx_cryp.o(i.CRYP_IVInit) for CRYP_IVInit
    stm32f4xx_cryp_aes.o(i.CRYP_AES_CTR) refers to stm32f4xx_cryp.o(i.CRYP_FIFOFlush) for CRYP_FIFOFlush
    stm32f4xx_cryp_aes.o(i.CRYP_AES_CTR) refers to stm32f4xx_cryp.o(i.CRYP_Cmd) for CRYP_Cmd
    stm32f4xx_cryp_aes.o(i.CRYP_AES_CTR) refers to stm32f4xx_cryp.o(i.CRYP_GetCmdStatus) for CRYP_GetCmdStatus
    stm32f4xx_cryp_aes.o(i.CRYP_AES_CTR) refers to stm32f4xx_cryp.o(i.CRYP_DataIn) for CRYP_DataIn
    stm32f4xx_cryp_aes.o(i.CRYP_AES_CTR) refers to stm32f4xx_cryp.o(i.CRYP_GetFlagStatus) for CRYP_GetFlagStatus
    stm32f4xx_cryp_aes.o(i.CRYP_AES_CTR) refers to stm32f4xx_cryp.o(i.CRYP_DataOut) for CRYP_DataOut
    stm32f4xx_cryp_aes.o(i.CRYP_AES_ECB) refers to stm32f4xx_cryp.o(i.CRYP_KeyStructInit) for CRYP_KeyStructInit
    stm32f4xx_cryp_aes.o(i.CRYP_AES_ECB) refers to stm32f4xx_cryp.o(i.CRYP_FIFOFlush) for CRYP_FIFOFlush
    stm32f4xx_cryp_aes.o(i.CRYP_AES_ECB) refers to stm32f4xx_cryp.o(i.CRYP_Init) for CRYP_Init
    stm32f4xx_cryp_aes.o(i.CRYP_AES_ECB) refers to stm32f4xx_cryp.o(i.CRYP_KeyInit) for CRYP_KeyInit
    stm32f4xx_cryp_aes.o(i.CRYP_AES_ECB) refers to stm32f4xx_cryp.o(i.CRYP_Cmd) for CRYP_Cmd
    stm32f4xx_cryp_aes.o(i.CRYP_AES_ECB) refers to stm32f4xx_cryp.o(i.CRYP_GetFlagStatus) for CRYP_GetFlagStatus
    stm32f4xx_cryp_aes.o(i.CRYP_AES_ECB) refers to stm32f4xx_cryp.o(i.CRYP_GetCmdStatus) for CRYP_GetCmdStatus
    stm32f4xx_cryp_aes.o(i.CRYP_AES_ECB) refers to stm32f4xx_cryp.o(i.CRYP_DataIn) for CRYP_DataIn
    stm32f4xx_cryp_aes.o(i.CRYP_AES_ECB) refers to stm32f4xx_cryp.o(i.CRYP_DataOut) for CRYP_DataOut
[...]
    TIM_OC4PreloadConfig                     0x08006615   Thumb Code    26  stm32f4xx_tim.o(i.TIM_OC4PreloadConfig)
    TIM_TimeBaseInit                         0x08006631   Thumb Code   104  stm32f4xx_tim.o(i.TIM_TimeBaseInit)
    UART7_IRQHandler                         0x080066b5   Thumb Code   186  uart7.o(i.UART7_IRQHandler)
    USART1_IRQHandler                        0x0800677d   Thumb Code   204  remote_control.o(i.USART1_IRQHandler)
    USART6_IRQHandler                        0x08006861   Thumb Code   140  usart6.o(i.USART6_IRQHandler)
    USART_ClearFlag                          0x080068f9   Thumb Code    18  stm32f4xx_usart.o(i.USART_ClearFlag)
    USART_Cmd                                0x0800690b   Thumb Code    24  stm32f4xx_usart.o(i.USART_Cmd)
    USART_DMACmd                             0x08006923   Thumb Code    18  stm32f4xx_usart.o(i.USART_DMACmd)
    USART_DeInit                             0x08006935   Thumb Code   206  stm32f4xx_usart.o(i.USART_DeInit)
    USART_GetITStatus                        0x08006a25   Thumb Code    84  stm32f4xx_usart.o(i.USART_GetITStatus)
    USART_ITConfig                           0x08006a79   Thumb Code    74  stm32f4xx_usart.o(i.USART_ITConfig)
    USART_Init                               0x08006ac5   Thumb Code   204  stm32f4xx_usart.o(i.USART_Init)
    USART_ReceiveData                        0x08006b99   Thumb Code    10  stm32f4xx_usart.o(i.USART_ReceiveData)
    UsageFault_Handler                       0x08006ba3   Thumb Code     4  stm32f4xx_it.o(i.UsageFault_Handler)
    Verify_CRC16_Check_Sum                   0x08006ba9   Thumb Code    60  crc.o(i.Verify_CRC16_Check_Sum)
    Verify_CRC8_Check_Sum                    0x08006be9   Thumb Code    48  crc.o(i.Verify_CRC8_Check_Sum)
    Vision_Read_Data                         0x08006c19   Thumb Code    94  vision.o(i.Vision_Read_Data)
    __ARM_fpclassify                         0x08006c91   Thumb Code    48  fpclassify.o(i.__ARM_fpclassify)
    __hardfp_asin                            0x08006cc1   Thumb Code   770  asin.o(i.__hardfp_asin)
    __hardfp_atan                            0x08007021   Thumb Code   622  atan.o(i.__hardfp_atan)
    __hardfp_atan2                           0x080072f9   Thumb Code   432  atan2.o(i.__hardfp_atan2)
    __hardfp_fabs                            0x080074e9   Thumb Code    20  fabs.o(i.__hardfp_fabs)
    __kernel_poly                            0x080074fd   Thumb Code   248  poly.o(i.__kernel_poly)
    __mathlib_dbl_infnan                     0x080075f5   Thumb Code    20  dunder.o(i.__mathlib_dbl_infnan)
    __mathlib_dbl_infnan2                    0x08007609   Thumb Code    20  dunder.o(i.__mathlib_dbl_infnan2)
    __mathlib_dbl_invalid                    0x08007621   Thumb Code    24  dunder.o(i.__mathlib_dbl_invalid)
    __mathlib_dbl_underflow                  0x08007641   Thumb Code    24  dunder.o(i.__mathlib_dbl_underflow)
    _is_digit                                0x08007661   Thumb Code    14  __printf_wp.o(i._is_digit)
    _sys_exit                                0x0800766f   Thumb Code     8  usart6.o(i._sys_exit)
    _ttywrch                                 0x08007677   Thumb Code     8  usart6.o(i._ttywrch)
    arm_flag                                 0x08007741   Thumb Code    32  chassis_task.o(i.arm_flag)
    atan                                     0x08007769   Thumb Code    16  atan.o(i.atan)
    back                                     0x08007779   Thumb Code  1360  motor_ctrl.o(i.back)
    boom                                     0x08007ce5   Thumb Code   154  servo.o(i.boom)
    boom2                                    0x08007d99   Thumb Code   154  servo.o(i.boom2)
    chassis_feedback_update                  0x08007e4d   Thumb Code    30  chassis_task.o(i.chassis_feedback_update)
    chassis_task                             0x08007e71   Thumb Code    58  chassis_task.o(i.chassis_task)
    constrain_float                          0x08007eab   Thumb Code    42  limit.o(i.constrain_float)
    delay_init                               0x08007f39   Thumb Code    90  delay.o(i.delay_init)
    delay_ms                                 0x08007fa5   Thumb Code    76  delay.o(i.delay_ms)
    delay_us                                 0x08007ff5   Thumb Code    76  delay.o(i.delay_us)
    dmp_enable_6x_lp_quat                    0x08008045   Thumb Code    60  inv_mpu_dmp_motion_driver.o(i.dmp_enable_6x_lp_quat)
    dmp_enable_feature                       0x08008081   Thumb Code   530  inv_mpu_dmp_motion_driver.o(i.dmp_enable_feature)
    dmp_enable_gyro_cal                      0x0800829d   Thumb Code    62  inv_mpu_dmp_motion_driver.o(i.dmp_enable_gyro_cal)
    dmp_enable_lp_quat                       0x080082f5   Thumb Code    60  inv_mpu_dmp_motion_driver.o(i.dmp_enable_lp_quat)
    dmp_load_motion_driver_firmware          0x08008331   Thumb Code    20  inv_mpu_dmp_motion_driver.o(i.dmp_load_motion_driver_firmware)
    dmp_read_fifo                            0x08008349   Thumb Code   456  inv_mpu_dmp_motion_driver.o(i.dmp_read_fifo)
    dmp_set_accel_bias                       0x08008515   Thumb Code   300  inv_mpu_dmp_motion_driver.o(i.dmp_set_accel_bias)
    dmp_set_fifo_rate                        0x08008645   Thumb Code    96  inv_mpu_dmp_motion_driver.o(i.dmp_set_fifo_rate)
    dmp_set_gyro_bias                        0x080086b5   Thumb Code   294  inv_mpu_dmp_motion_driver.o(i.dmp_set_gyro_bias)
    dmp_set_orientation                      0x080087e5   Thumb Code   290  inv_mpu_dmp_motion_driver.o(i.dmp_set_orientation)
    dmp_set_shake_reject_thresh              0x0800891d   Thumb Code    56  inv_mpu_dmp_motion_driver.o(i.dmp_set_shake_reject_thresh)
    dmp_set_shake_reject_time                0x08008955   Thumb Code    38  inv_mpu_dmp_motion_driver.o(i.dmp_set_shake_reject_time)
    dmp_set_shake_reject_timeout             0x0800897b   Thumb Code    38  inv_mpu_dmp_motion_driver.o(i.dmp_set_shake_reject_timeout)
    dmp_set_tap_axes                         0x080089a1   Thumb Code    70  inv_mpu_dmp_motion_driver.o(i.dmp_set_tap_axes)
    dmp_set_tap_count                        0x080089e7   Thumb Code    38  inv_mpu_dmp_motion_driver.o(i.dmp_set_tap_count)
    dmp_set_tap_thresh                       0x08008a0d   Thumb Code   412  inv_mpu_dmp_motion_driver.o(i.dmp_set_tap_thresh)
    dmp_set_tap_time                         0x08008bcd   Thumb Code    38  inv_mpu_dmp_motion_driver.o(i.dmp_set_tap_time)
    dmp_set_tap_time_multi                   0x08008bf3   Thumb Code    38  inv_mpu_dmp_motion_driver.o(i.dmp_set_tap_time_multi)
    fabs                                     0x08008c19   Thumb Code    24  fabs.o(i.fabs)
    flow_led_off                             0x08008c31   Thumb Code    20  led.o(i.flow_led_off)
    forward_flag                             0x08008c49   Thumb Code    36  chassis_task.o(i.forward_flag)
    fputc                                    0x08008c75   Thumb Code    24  usart6.o(i.fputc)
    go_back                                  0x080091d1   Thumb Code    38  motor_ctrl.o(i.go_back)
    go_high                                  0x08009201   Thumb Code    34  motor_ctrl.o(i.go_high)
    go_low                                   0x0800922d   Thumb Code    34  motor_ctrl.o(i.go_low)
    go_low2                                  0x08009259   Thumb Code    34  motor_ctrl.o(i.go_low2)
    go_mid                                   0x08009285   Thumb Code    34  motor_ctrl.o(i.go_mid)
    inv_orientation_matrix_to_scalar         0x080093cd   Thumb Code    40  inv_mpu.o(i.inv_orientation_matrix_to_scalar)
    inv_row_2_scale                          0x080093f5   Thumb Code    78  inv_mpu.o(i.inv_row_2_scale)
    judge                                    0x08009445   Thumb Code   810  chassis_task.o(i.judge)
    key_Init                                 0x08009785   Thumb Code   636  key.o(i.key_Init)
    led_configuration                        0x08009a21   Thumb Code   134  led.o(i.led_configuration)
    led_green_off                            0x08009ab5   Thumb Code    14  led.o(i.led_green_off)
    led_red_off                              0x08009ac9   Thumb Code    14  led.o(i.led_red_off)
    low_Forward                              0x08009add   Thumb Code   638  motor_ctrl.o(i.low_Forward)
    low_Forward0                             0x08009db9   Thumb Code   638  motor_ctrl.o(i.low_Forward0)
    low_Forward1                             0x0800a095   Thumb Code   268  motor_ctrl.o(i.low_Forward1)
    low_Forward3                             0x0800a1cd   Thumb Code   638  motor_ctrl.o(i.low_Forward3)
    main                                     0x0800a4a9   Thumb Code    22  main.o(i.main)
    mget_ms                                  0x0800a4bf   Thumb Code     2  inv_mpu.o(i.mget_ms)
    motor_speed                              0x0800a4c1   Thumb Code    26  motor_ctrl.o(i.motor_speed)
    mpu_configure_fifo                       0x0800a4ed   Thumb Code   106  inv_mpu.o(i.mpu_configure_fifo)
    mpu_dmp_get_data                         0x0800a55d   Thumb Code   520  inv_mpu.o(i.mpu_dmp_get_data)
    mpu_dmp_init                             0x0800a775   Thumb Code   156  inv_mpu.o(i.mpu_dmp_init)
    mpu_get_accel_fsr                        0x0800a815   Thumb Code    72  inv_mpu.o(i.mpu_get_accel_fsr)
    mpu_get_accel_sens                       0x0800a861   Thumb Code    78  inv_mpu.o(i.mpu_get_accel_sens)
    mpu_get_fifo_config                      0x0800a8b5   Thumb Code    12  inv_mpu.o(i.mpu_get_fifo_config)
    mpu_get_gyro_fsr                         0x0800a8c5   Thumb Code    64  inv_mpu.o(i.mpu_get_gyro_fsr)
    mpu_get_gyro_sens                        0x0800a909   Thumb Code    74  inv_mpu.o(i.mpu_get_gyro_sens)
    mpu_get_lpf                              0x0800a969   Thumb Code    74  inv_mpu.o(i.mpu_get_lpf)
    mpu_get_sample_rate                      0x0800a9b9   Thumb Code    26  inv_mpu.o(i.mpu_get_sample_rate)
    mpu_init                                 0x0800a9d9   Thumb Code   416  inv_mpu.o(i.mpu_init)
    mpu_load_firmware                        0x0800abc9   Thumb Code   180  inv_mpu.o(i.mpu_load_firmware)
    mpu_lp_accel_mode                        0x0800ac81   Thumb Code   218  inv_mpu.o(i.mpu_lp_accel_mode)
    mpu_read_fifo_stream                     0x0800ad61   Thumb Code   186  inv_mpu.o(i.mpu_read_fifo_stream)
    mpu_read_mem                             0x0800ae21   Thumb Code   122  inv_mpu.o(i.mpu_read_mem)
    mpu_reset_fifo                           0x0800aea1   Thumb Code   450  inv_mpu.o(i.mpu_reset_fifo)
    mpu_run_self_test                        0x0800b069   Thumb Code   278  inv_mpu.o(i.mpu_run_self_test)
    mpu_set_accel_fsr                        0x0800b185   Thumb Code   126  inv_mpu.o(i.mpu_set_accel_fsr)
    mpu_set_bypass                           0x0800b209   Thumb Code   328  inv_mpu.o(i.mpu_set_bypass)
    mpu_set_dmp_state                        0x0800b355   Thumb Code   138  inv_mpu.o(i.mpu_set_dmp_state)
    mpu_set_gyro_fsr                         0x0800b3e5   Thumb Code   132  inv_mpu.o(i.mpu_set_gyro_fsr)
    mpu_set_int_latched                      0x0800b46d   Thumb Code   102  inv_mpu.o(i.mpu_set_int_latched)
    mpu_set_lpf                              0x0800b4d9   Thumb Code   126  inv_mpu.o(i.mpu_set_lpf)
    mpu_set_sample_rate                      0x0800b55d   Thumb Code   152  inv_mpu.o(i.mpu_set_sample_rate)
    mpu_set_sensors                          0x0800b5f9   Thumb Code   202  inv_mpu.o(i.mpu_set_sensors)
    mpu_write_mem                            0x0800b6c9   Thumb Code   122  inv_mpu.o(i.mpu_write_mem)
    power_ctrl_configuration                 0x0800b749   Thumb Code    66  power_ctrl.o(i.power_ctrl_configuration)
    power_ctrl_off                           0x0800b791   Thumb Code    26  power_ctrl.o(i.power_ctrl_off)
    power_ctrl_on                            0x0800b7b1   Thumb Code    26  power_ctrl.o(i.power_ctrl_on)
    pvPortMalloc                             0x0800c1fd   Thumb Code   296  heap_4.o(i.pvPortMalloc)
    pvTaskIncrementMutexHeldCount            0x0800c339   Thumb Code    26  tasks.o(i.pvTaskIncrementMutexHeldCount)
    pxPortInitialiseStack                    0x0800c359   Thumb Code    38  port.o(i.pxPortInitialiseStack)
    remote_control_init                      0x0800c385   Thumb Code    16  remote_control.o(i.remote_control_init)
    run_self_test                            0x0800c399   Thumb Code   154  inv_mpu.o(i.run_self_test)
    sensor_update                            0x0800c435   Thumb Code   412  motor_ctrl.o(i.sensor_update)
    servo                                    0x0800c631   Thumb Code   410  servo.o(i.servo)
    sqrt                                     0x0800c891   Thumb Code   110  sqrt_full.o(i.sqrt)
    startTast                                0x0800c901   Thumb Code    24  start_task.o(i.startTast)
    start_task                               0x0800c92d   Thumb Code    64  start_task.o(i.start_task)
    stop                                     0x0800c99d   Thumb Code    34  motor_ctrl.o(i.stop)
    stop_delay                               0x0800c9c9   Thumb Code    68  motor_ctrl.o(i.stop_delay)
    stop_forward                             0x0800ca1d   Thumb Code   220  motor_ctrl.o(i.stop_forward)
    system_update                            0x0800cb1d   Thumb Code    70  start_task.o(i.system_update)
    turn_flag                                0x0800cb75   Thumb Code    36  chassis_task.o(i.turn_flag)
    usart6_init                              0x0800cba1   Thumb Code   280  usart6.o(i.usart6_init)
    uxListRemove                             0x0800ccc9   Thumb Code    40  list.o(i.uxListRemove)
    vListInitialise                          0x0800ccf1   Thumb Code    26  list.o(i.vListInitialise)
    vListInitialiseItem                      0x0800cd0b   Thumb Code     6  list.o(i.vListInitialiseItem)
    vListInsert                              0x0800cd11   Thumb Code    52  list.o(i.vListInsert)
    vListInsertEnd                           0x0800cd45   Thumb Code    24  list.o(i.vListInsertEnd)
    vPortEnterCritical                       0x0800cd5d   Thumb Code    76  port.o(i.vPortEnterCritical)
    vPortExitCritical                        0x0800cdb1   Thumb Code    56  port.o(i.vPortExitCritical)
    vPortFree                                0x0800cded   Thumb Code   140  heap_4.o(i.vPortFree)
    vPortSetupTimerInterrupt                 0x0800ce81   Thumb Code     2  freertos_middleware.o(i.vPortSetupTimerInterrupt)
    vPortValidateInterruptPriority           0x0800ce85   Thumb Code   106  port.o(i.vPortValidateInterruptPriority)
    vQueueAddToRegistry                      0x0800cefd   Thumb Code    38  queue.o(i.vQueueAddToRegistry)
    vQueueWaitForMessageRestricted           0x0800cf29   Thumb Code    74  queue.o(i.vQueueWaitForMessageRestricted)
    vTaskDelay                               0x0800cf75   Thumb Code    82  tasks.o(i.vTaskDelay)
    vTaskDelayUntil                          0x0800cfd1   Thumb Code   200  tasks.o(i.vTaskDelayUntil)
    vTaskDelete                              0x0800d0a5   Thumb Code   202  tasks.o(i.vTaskDelete)
    vTaskMissedYield                         0x0800d199   Thumb Code     8  tasks.o(i.vTaskMissedYield)
    vTaskPlaceOnEventList                    0x0800d1a5   Thumb Code    52  tasks.o(i.vTaskPlaceOnEventList)
    vTaskPlaceOnEventListRestricted          0x0800d1dd   Thumb Code    60  tasks.o(i.vTaskPlaceOnEventListRestricted)
    vTaskPriorityInherit                     0x0800d21d   Thumb Code   164  tasks.o(i.vTaskPriorityInherit)
    vTaskSetTimeOutState                     0x0800d2cd   Thumb Code    38  tasks.o(i.vTaskSetTimeOutState)
    vTaskStartScheduler                      0x0800d2fd   Thumb Code   118  tasks.o(i.vTaskStartScheduler)
    vTaskSuspendAll                          0x0800d391   Thumb Code    12  tasks.o(i.vTaskSuspendAll)
    vTaskSwitchContext                       0x0800d3a1   Thumb Code   118  tasks.o(i.vTaskSwitchContext)
    xPortStartScheduler                      0x0800d42d   Thumb Code   288  port.o(i.xPortStartScheduler)
    xPortSysTickHandler                      0x0800d569   Thumb Code    46  port.o(i.xPortSysTickHandler)
    xQueueGenericCreate                      0x0800d59d   Thumb Code    88  queue.o(i.xQueueGenericCreate)
    xQueueGenericReceive                     0x0800d5f5   Thumb Code   446  queue.o(i.xQueueGenericReceive)
    xQueueGenericReset                       0x0800d7b9   Thumb Code   146  queue.o(i.xQueueGenericReset)
    xQueueGenericSend                        0x0800d851   Thumb Code   452  queue.o(i.xQueueGenericSend)
    xQueueGenericSendFromISR                 0x0800da19   Thumb Code   264  queue.o(i.xQueueGenericSendFromISR)
    xTaskCheckForTimeOut                     0x0800db21   Thumb Code   132  tasks.o(i.xTaskCheckForTimeOut)
    xTaskCreate                              0x0800dbad   Thumb Code    96  tasks.o(i.xTaskCreate)
    xTaskGetSchedulerState                   0x0800dc0d   Thumb Code    24  tasks.o(i.xTaskGetSchedulerState)
    xTaskGetTickCount                        0x0800dc2d   Thumb Code     6  tasks.o(i.xTaskGetTickCount)
    xTaskIncrementTick                       0x0800dc39   Thumb Code   282  tasks.o(i.xTaskIncrementTick)
    xTaskPriorityDisinherit                  0x0800dd81   Thumb Code   188  tasks.o(i.xTaskPriorityDisinherit)
    xTaskRemoveFromEventList                 0x0800de49   Thumb Code   128  tasks.o(i.xTaskRemoveFromEventList)
    xTaskResumeAll                           0x0800dee1   Thumb Code   224  tasks.o(i.xTaskResumeAll)
    xTimerCreateTimerTask                    0x0800dfe5   Thumb Code    64  timers.o(i.xTimerCreateTimerTask)
    xTimerGenericCommand                     0x0800e039   Thumb Code   126  timers.o(i.xTimerGenericCommand)
    __aeabi_dneg                             0x0800e0bd   Thumb Code     0  basic.o(x$fpl$basic)
    _dneg                                    0x0800e0bd   Thumb Code     6  basic.o(x$fpl$basic)
    __aeabi_fneg                             0x0800e0c3   Thumb Code     0  basic.o(x$fpl$basic)
    _fneg                                    0x0800e0c3   Thumb Code     6  basic.o(x$fpl$basic)
    _dabs                                    0x0800e0c9   Thumb Code     6  basic.o(x$fpl$basic)
    _fabs                                    0x0800e0cf   Thumb Code     6  basic.o(x$fpl$basic)
    __aeabi_d2f                              0x0800e0d5   Thumb Code     0  d2f_clz.o(x$fpl$d2f)
    _d2f                                     0x0800e0d5   Thumb Code   700  d2f_clz.o(x$fpl$d2f)
    __aeabi_dadd                             0x0800e399   Thumb Code     0  daddsub_clz.o(x$fpl$dadd)
    _dadd                                    0x0800e399   Thumb Code   580  daddsub_clz.o(x$fpl$dadd)
    __fpl_dcmp_Inf                           0x0800e5e5   Thumb Code    24  dcmpi.o(x$fpl$dcmpinf)
    __aeabi_ddiv                             0x0800e5fd   Thumb Code     0  ddiv_clz.o(x$fpl$ddiv)
    _ddiv                                    0x0800e5fd   Thumb Code   748  ddiv_clz.o(x$fpl$ddiv)
    __aeabi_d2uiz                            0x0800e979   Thumb Code     0  dfixu.o(x$fpl$dfixu)
    _dfixu                                   0x0800e979   Thumb Code   212  dfixu.o(x$fpl$dfixu)
    __aeabi_i2d                              0x0800ea55   Thumb Code     0  dflt_clz.o(x$fpl$dflt)
    _dflt                                    0x0800ea55   Thumb Code    46  dflt_clz.o(x$fpl$dflt)
    __dflt_normalise                         0x0800ea83   Thumb Code    26  dflt_clz.o(x$fpl$dfltn)
    __aeabi_cdcmple                          0x0800ea9d   Thumb Code     0  dleqf.o(x$fpl$dleqf)
    _dcmple                                  0x0800ea9d   Thumb Code   120  dleqf.o(x$fpl$dleqf)
    __fpl_dcmple_InfNaN                      0x0800eaf5   Thumb Code     0  dleqf.o(x$fpl$dleqf)
    __aeabi_dmul                             0x0800eb15   Thumb Code     0  dmul_clz.o(x$fpl$dmul)
    _dmul                                    0x0800eb15   Thumb Code   440  dmul_clz.o(x$fpl$dmul)
    __fpl_dnaninf                            0x0800ecd5   Thumb Code   258  dnaninf.o(x$fpl$dnaninf)
    __fpl_drenorm2                           0x0800edd7   Thumb Code   106  drenorm_clz.o(x$fpl$drenorm)
    __fpl_drenorm1                           0x0800ee41   Thumb Code     6  drenorm_clz.o(x$fpl$drenorm)
    __fpl_dretinf                            0x0800ee47   Thumb Code    12  dretinf.o(x$fpl$dretinf)
    __aeabi_cdrcmple                         0x0800ee53   Thumb Code     0  drleqf.o(x$fpl$drleqf)
    _drcmple                                 0x0800ee53   Thumb Code    98  drleqf.o(x$fpl$drleqf)
    __aeabi_drsub                            0x0800eeb5   Thumb Code     0  daddsub_clz.o(x$fpl$drsb)
    _drsb                                    0x0800eeb5   Thumb Code    74  daddsub_clz.o(x$fpl$drsb)
    _dsqrt                                   0x0800ef05   Thumb Code   520  dsqrt_umaalclz.o(x$fpl$dsqrt)
    __aeabi_dsub                             0x0800f10d   Thumb Code     0  daddsub_clz.o(x$fpl$dsub)
    _dsub                                    0x0800f10d   Thumb Code   664  daddsub_clz.o(x$fpl$dsub)
    __dunder                                 0x0800f3a9   Thumb Code   314  dunder_clz.o(x$fpl$dunder)
    __dunder_d                               0x0800f4e3   Thumb Code    64  dunder_clz.o(x$fpl$dunder)
    __fpl_exception                          0x0800f525   Thumb Code   454  except.o(x$fpl$exception)
    __aeabi_f2d                              0x0800f711   Thumb Code     0  f2d.o(x$fpl$f2d)
    _f2d                                     0x0800f711   Thumb Code   122  f2d.o(x$fpl$f2d)
    __fpl_fnaninf                            0x0800f78b   Thumb Code   242  fnaninf.o(x$fpl$fnaninf)
    _fp_init                                 0x0800f87d   Thumb Code    10  fpinit.o(x$fpl$fpinit)
    __fplib_config_fpu_vfp                   0x0800f885   Thumb Code     0  fpinit.o(x$fpl$fpinit)
    __fplib_config_pureend_doubles           0x0800f885   Thumb Code     0  fpinit.o(x$fpl$fpinit)
    __fpl_fretinf                            0x0800f887   Thumb Code    10  fretinf.o(x$fpl$fretinf)
    __funder                                 0x0800f891   Thumb Code   254  funder_clz.o(x$fpl$funder)
    __funder_d                               0x0800f98f   Thumb Code    62  funder_clz.o(x$fpl$funder)
    __fpl_return_NaN                         0x0800f9cd   Thumb Code   178  retnan.o(x$fpl$retnan)
    _fp_trapveneer                           0x0800fa7f   Thumb Code    36  trapv.o(x$fpl$trapveneer)
    __fpl_cmpreturn                          0x0800faa3   Thumb Code    90  trapv.o(x$fpl$trapveneer)
    __I$use$fp                               0x0800fafc   Number         0  usenofp.o(x$fpl$usenofp)
    reg                                      0x0800fb08   Data          27  inv_mpu.o(.constdata)
    hw                                       0x0800fb24   Data          12  inv_mpu.o(.constdata)
    test                                     0x0800fb30   Data          40  inv_mpu.o(.constdata)
    CRC8_INIT                                0x0801074e   Data           1  crc.o(.constdata)
    CRC8_TAB                                 0x0801074f   Data         256  crc.o(.constdata)
    wCRC_Table                               0x08010850   Data         512  crc.o(.constdata)
    __mathlib_zero                           0x08010b50   Data           8  qnan.o(.constdata)
    Region$$Table$$Base                      0x08010ba8   Number         0  anon$$obj.o(Region$$Table)
    Region$$Table$$Limit                     0x08010bc8   Number         0  anon$$obj.o(Region$$Table)
    SystemCoreClock                          0x20000000   Data           4  system_stm32f4xx.o(.data)
    AHBPrescTable                            0x20000004   Data          16  system_stm32f4xx.o(.data)
    nbut                                     0x20000024   Data           4  chassis_task.o(.data)
    lujin1                                   0x20000028   Data          72  chassis_task.o(.data)
    lujin2                                   0x20000070   Data          84  chassis_task.o(.data)
    lujin3                                   0x200000c4   Data          72  chassis_task.o(.data)
    lujin4                                   0x2000010c   Data          76  chassis_task.o(.data)
    lujin5                                   0x20000158   Data          20  chassis_task.o(.data)
    lu                                       0x2000016c   Data          20  chassis_task.o(.data)
    cmd                                      0x20000180   Data           4  chassis_task.o(.data)
    i                                        0x20000184   Data           4  chassis_task.o(.data)
    target                                   0x20000188   Data           4  chassis_task.o(.data)
    key1                                     0x2000018c   Data           4  chassis_task.o(.data)
    key2                                     0x20000190   Data           4  chassis_task.o(.data)
    mode_change                              0x20000194   Data           1  chassis_task.o(.data)
    Chassis_Move_Z                           0x20000198   Data           4  chassis_task.o(.data)
    Target_Angle                             0x2000019c   Data           4  chassis_task.o(.data)
    Chassis_Standard_Move_Max                0x200001a0   Data           4  chassis_task.o(.data)
    Chassis_Revolve_Move_Max                 0x200001a4   Data           4  chassis_task.o(.data)
    Chassis_Final_Output_Max                 0x200001a8   Data           4  chassis_task.o(.data)
    vz_min_speed                             0x200001ac   Data           4  chassis_task.o(.data)
    vz_max_speed                             0x200001b0   Data           4  chassis_task.o(.data)
    kRc_Mech_Chassis_Standard                0x200001b4   Data           4  chassis_task.o(.data)
    kRc_Mech_Chassis_Revolve                 0x200001b8   Data           4  chassis_task.o(.data)
    Angle_Measure_Prev                       0x200001bc   Data           8  chassis_task.o(.data)
    Chasssis_Final_Output                    0x200001c4   Data           4  chassis_task.o(.data)
    iTermPosiMax                             0x200001c8   Data           4  chassis_task.o(.data)
    Chassis_Gyro_Error                       0x200001cc   Data           4  chassis_task.o(.data)
    ChassisMode                              0x200001d0   Data           1  chassis_task.o(.data)
    angleMpuPitch                            0x200001d4   Data           4  chassis_task.o(.data)
    angleMpuYaw                              0x200001d8   Data           4  chassis_task.o(.data)
    angleMpuRoll                             0x200001dc   Data           4  chassis_task.o(.data)
    palstanceMpuPitch                        0x200001e0   Data           2  chassis_task.o(.data)
    palstanceMpuYaw                          0x200001e2   Data           2  chassis_task.o(.data)
    palstanceMpuRoll                         0x200001e4   Data           2  chassis_task.o(.data)
    AngleMpuYaw_Start                        0x200001e8   Data           4  chassis_task.o(.data)
    Cloud_Angle_Measure_Yaw                  0x200001ec   Data           4  chassis_task.o(.data)
    Cloud_Palstance_Measure_Yaw              0x200001f0   Data           4  chassis_task.o(.data)
    Angle_error                              0x200001f4   Data           4  chassis_task.o(.data)
    FreeRTOSRunTimeTicks                     0x20000200   Data           8  freertos_middleware.o(.data)
    ChassisTask_Handler                      0x2000020c   Data           4  start_task.o(.data)
    key                                      0x20000218   Data           4  start_task.o(.data)
    sw1                                      0x2000021c   Data           4  start_task.o(.data)
    mode                                     0x20000220   Data           4  start_task.o(.data)
    remoteMode                               0x20000224   Data           1  start_task.o(.data)
    systemState                              0x20000225   Data           1  start_task.o(.data)
    tmp                                      0x20000228   Data           4  start_task.o(.data)
    __stdout                                 0x20000278   Data           4  usart6.o(.data)
    USART_RX_STA                             0x2000027c   Data           2  usart6.o(.data)
    Usart6_Clean_IDLE_Flag                   0x20000280   Data           4  usart6.o(.data)
    Vision_Comps_Yaw                         0x20000284   Data           4  vision.o(.data)
    Vision_Comps_Pitch                       0x20000288   Data           4  vision.o(.data)
    Vision_Comps_Pitch_Dist                  0x2000028c   Data           4  vision.o(.data)
    Vision_Get_New_Data                      0x20000290   Data           1  vision.o(.data)
    VisionSendHeader                         0x20000291   Data           3  vision.o(.data)
    VisionSendData                           0x20000294   Data           8  vision.o(.data)
    RGBHeader                                0x2000029c   Data           1  vision.o(.data)
    Vision_New_Data                          0x2000029d   Data           1  vision.o(.data)
    b                                        0x200002a0   Data           4  vision.o(.data)
    a                                        0x200002a4   Data           4  vision.o(.data)
    Vision_Time                              0x200002a8   Data           2  vision.o(.data)
    Vision_Ping                              0x200002aa   Data           1  vision.o(.data)
    lf                                       0x200002ac   Data           4  motor_ctrl.o(.data)
    rf                                       0x200002b0   Data           4  motor_ctrl.o(.data)
    lb                                       0x200002b4   Data           4  motor_ctrl.o(.data)
    rb                                       0x200002b8   Data           4  motor_ctrl.o(.data)
    num                                      0x200002bc   Data           4  motor_ctrl.o(.data)
    f1                                       0x200002c0   Data           4  motor_ctrl.o(.data)
    f2                                       0x200002c4   Data           4  motor_ctrl.o(.data)
    f3                                       0x200002c8   Data           4  motor_ctrl.o(.data)
    f4                                       0x200002cc   Data           4  motor_ctrl.o(.data)
    f5                                       0x200002d0   Data           4  motor_ctrl.o(.data)
    f6                                       0x200002d4   Data           4  motor_ctrl.o(.data)
    f7                                       0x200002d8   Data           4  motor_ctrl.o(.data)
    f8                                       0x200002dc   Data           4  motor_ctrl.o(.data)
    b1                                       0x200002e0   Data           4  motor_ctrl.o(.data)
    b2                                       0x200002e4   Data           4  motor_ctrl.o(.data)
    b3                                       0x200002e8   Data           4  motor_ctrl.o(.data)
    b4                                       0x200002ec   Data           4  motor_ctrl.o(.data)
    b5                                       0x200002f0   Data           4  motor_ctrl.o(.data)
    b6                                       0x200002f4   Data           4  motor_ctrl.o(.data)
    b7                                       0x200002f8   Data           4  motor_ctrl.o(.data)
    b8                                       0x200002fc   Data           4  motor_ctrl.o(.data)
    l1                                       0x20000300   Data           4  motor_ctrl.o(.data)
    l2                                       0x20000304   Data           4  motor_ctrl.o(.data)
    l3                                       0x20000308   Data           4  motor_ctrl.o(.data)
    l4                                       0x2000030c   Data           4  motor_ctrl.o(.data)
    l5                                       0x20000310   Data           4  motor_ctrl.o(.data)
    r1                                       0x20000314   Data           4  motor_ctrl.o(.data)
    r2                                       0x20000318   Data           4  motor_ctrl.o(.data)
    r3                                       0x2000031c   Data           4  motor_ctrl.o(.data)
    r4                                       0x20000320   Data           4  motor_ctrl.o(.data)
    r5                                       0x20000324   Data           4  motor_ctrl.o(.data)
    in                                       0x20000328   Data           4  motor_ctrl.o(.data)
    CRC_INIT                                 0x20000338   Data           2  crc.o(.data)
    aa                                       0x2000033c   Data           4  main.o(.data)
    pass_flag                                0x20000340   Data           1  main.o(.data)
    pxCurrentTCB                             0x20000350   Data           4  tasks.o(.data)
    Chassis_Speed_Target                     0x200003c4   Data          16  chassis_task.o(.bss)
    Chassis_Speed_Error                      0x200003d4   Data          16  chassis_task.o(.bss)
    Chassis_Speed_Measure                    0x200003e4   Data          16  chassis_task.o(.bss)
    Chassis_Current_Measure                  0x200003f4   Data          16  chassis_task.o(.bss)
    Chassis_Speed_Error_Sum                  0x20000404   Data          16  chassis_task.o(.bss)
    Chassis_Speed_Error_NOW                  0x20000414   Data          16  chassis_task.o(.bss)
    Chassis_Speed_Error_LAST                 0x20000424   Data          16  chassis_task.o(.bss)
    Chassis_Speed_kpid                       0x20000434   Data          48  chassis_task.o(.bss)
    pTermChassis                             0x20000464   Data          16  chassis_task.o(.bss)
    iTermChassis                             0x20000474   Data          16  chassis_task.o(.bss)
    dTermChassis                             0x20000484   Data          16  chassis_task.o(.bss)
    pidTermChassis                           0x20000494   Data          16  chassis_task.o(.bss)
    Angle_Measure_Sum                        0x200004a4   Data          16  chassis_task.o(.bss)
    Chassis_Angle_Measure                    0x200004b4   Data          16  chassis_task.o(.bss)
    Angle_Target_Sum                         0x200004c4   Data          16  chassis_task.o(.bss)
    Chassis_Buff_Target_Sum                  0x200004d4   Data          16  chassis_task.o(.bss)
    Angle_Error                              0x200004e4   Data          32  chassis_task.o(.bss)
    pTermAngle                               0x20000504   Data          32  chassis_task.o(.bss)
    iTermAngle                               0x20000524   Data          32  chassis_task.o(.bss)
    pidTermAngle                             0x20000544   Data          32  chassis_task.o(.bss)
    Chassis_Angle_kpid                       0x20000564   Data          96  chassis_task.o(.bss)
    chassis_angle_pid                        0x200005c4   Data          72  chassis_task.o(.bss)
    angleMpu                                 0x2000060c   Data          24  chassis_task.o(.bss)
    Chassis_Final_Output                     0x20000624   Data          16  chassis_task.o(.bss)
    Servo_Output                             0x20000634   Data          12  chassis_task.o(.bss)
    rc_ctrl                                  0x20000640   Data          24  remote_control.o(.bss)
    Vision_Buffer                            0x200006b0   Data         400  uart7.o(.bss)
    USART_RX_BUF                             0x20000840   Data         200  usart6.o(.bss)
    Judge_Buf                                0x20000908   Data         400  usart6.o(.bss)
    VisionRecvData                           0x20000a98   Data          22  vision.o(.bss)
    VisionRecvDataTest                       0x20000aae   Data          53  vision.o(.bss)
    vision_send_pack                         0x20000ae3   Data          50  vision.o(.bss)
    flag                                     0x20000b15   Data           9  motor_ctrl.o(.bss)
    Servo_Real                               0x20000b20   Data          20  servo.o(.bss)
    Servo_Target                             0x20000b34   Data          20  servo.o(.bss)
    xQueueRegistry                           0x20000b48   Data          64  queue.o(.bss)
    __libspace_start                         0x20020e94   Data          96  libspace.o(.bss)
    __temporary_stack_top$libspace           0x20020ef4   Data           0  libspace.o(.bss)



==============================================================================

Memory Map of the image

  Image Entry point : 0x080001ad

  Load Region LR_IROM1 (Base: 0x08000000, Size: 0x00010f8c, Max: 0x00200000, ABSOLUTE, COMPRESSED[0x00010c80])

    Execution Region ER_IROM1 (Base: 0x08000000, Size: 0x00010bc8, Max: 0x00200000, ABSOLUTE)

    Base Addr    Size         Type   Attr      Idx    E Section Name        Object

    0x08000000   0x000001ac   Data   RO         5988    RESET               startup_stm32f427xx.o
    0x080001ac   0x00000008   Code   RO         9387  * !!!main             c_w.l(__main.o)
    0x080001b4   0x00000034   Code   RO         9717    !!!scatter          c_w.l(__scatter.o)
    0x080001e8   0x0000005a   Code   RO         9715    !!dczerorl2         c_w.l(__dczerorl2.o)
    0x08000242   0x00000002   PAD
    0x08000244   0x0000001c   Code   RO         9719    !!handler_zi        c_w.l(__scatter_zi.o)
    0x08000260   0x00000000   Code   RO         9372    .ARM.Collect$$_printf_percent$$00000000  c_w.l(_printf_percent.o)
    0x08000260   0x00000006   Code   RO         9370    .ARM.Collect$$_printf_percent$$00000009  c_w.l(_printf_d.o)
    0x08000266   0x00000004   Code   RO         9468    .ARM.Collect$$_printf_percent$$00000017  c_w.l(_printf_percent_end.o)
    0x0800026a   0x00000002   Code   RO         9595    .ARM.Collect$$libinit$$00000000  c_w.l(libinit.o)
    0x0800026c   0x00000004   Code   RO         9604    .ARM.Collect$$libinit$$00000001  c_w.l(libinit2.o)
    0x08000270   0x00000000   Code   RO         9607    .ARM.Collect$$libinit$$00000004  c_w.l(libinit2.o)
    0x08000270   0x00000000   Code   RO         9610    .ARM.Collect$$libinit$$0000000A  c_w.l(libinit2.o)
    0x08000270   0x00000000   Code   RO         9612    .ARM.Collect$$libinit$$0000000C  c_w.l(libinit2.o)
    0x08000270   0x00000000   Code   RO         9614    .ARM.Collect$$libinit$$0000000E  c_w.l(libinit2.o)
    0x08000270   0x00000000   Code   RO         9617    .ARM.Collect$$libinit$$00000011  c_w.l(libinit2.o)
    0x08000270   0x00000000   Code   RO         9619    .ARM.Collect$$libinit$$00000013  c_w.l(libinit2.o)
    0x08000270   0x00000000   Code   RO         9621    .ARM.Collect$$libinit$$00000015  c_w.l(libinit2.o)
    0x08000270   0x00000000   Code   RO         9623    .ARM.Collect$$libinit$$00000017  c_w.l(libinit2.o)
    0x08000270   0x00000000   Code   RO         9625    .ARM.Collect$$libinit$$00000019  c_w.l(libinit2.o)
    0x08000270   0x00000000   Code   RO         9627    .ARM.Collect$$libinit$$0000001B  c_w.l(libinit2.o)
    0x08000270   0x00000000   Code   RO         9629    .ARM.Collect$$libinit$$0000001D  c_w.l(libinit2.o)
    0x08000270   0x00000000   Code   RO         9631    .ARM.Collect$$libinit$$0000001F  c_w.l(libinit2.o)
    0x08000270   0x00000000   Code   RO         9633    .ARM.Collect$$libinit$$00000021  c_w.l(libinit2.o)
    0x08000270   0x00000000   Code   RO         9635    .ARM.Collect$$libinit$$00000023  c_w.l(libinit2.o)
    0x08000270   0x00000000   Code   RO         9637    .ARM.Collect$$libinit$$00000025  c_w.l(libinit2.o)
    0x08000270   0x00000000   Code   RO         9641    .ARM.Collect$$libinit$$0000002C  c_w.l(libinit2.o)
    0x08000270   0x00000000   Code   RO         9643    .ARM.Collect$$libinit$$0000002E  c_w.l(libinit2.o)
    0x08000270   0x00000000   Code   RO         9645    .ARM.Collect$$libinit$$00000030  c_w.l(libinit2.o)
    0x08000270   0x00000000   Code   RO         9647    .ARM.Collect$$libinit$$00000032  c_w.l(libinit2.o)
    0x08000270   0x00000002   Code   RO         9648    .ARM.Collect$$libinit$$00000033  c_w.l(libinit2.o)
    0x08000272   0x00000002   Code   RO         9672    .ARM.Collect$$libshutdown$$00000000  c_w.l(libshutdown.o)
    0x08000274   0x00000000   Code   RO         9699    .ARM.Collect$$libshutdown$$00000003  c_w.l(libshutdown2.o)
    0x08000274   0x00000000   Code   RO         9702    .ARM.Collect$$libshutdown$$00000006  c_w.l(libshutdown2.o)
    0x08000274   0x00000000   Code   RO         9705    .ARM.Collect$$libshutdown$$00000009  c_w.l(libshutdown2.o)
    0x08000274   0x00000000   Code   RO         9707    .ARM.Collect$$libshutdown$$0000000B  c_w.l(libshutdown2.o)
    0x08000274   0x00000000   Code   RO         9710    .ARM.Collect$$libshutdown$$0000000E  c_w.l(libshutdown2.o)
    0x08000274   0x00000002   Code   RO         9711    .ARM.Collect$$libshutdown$$0000000F  c_w.l(libshutdown2.o)
    0x08000276   0x00000000   Code   RO         9453    .ARM.Collect$$rtentry$$00000000  c_w.l(__rtentry.o)
    0x08000276   0x00000000   Code   RO         9542    .ARM.Collect$$rtentry$$00000002  c_w.l(__rtentry2.o)
    0x08000276   0x00000006   Code   RO         9554    .ARM.Collect$$rtentry$$00000004  c_w.l(__rtentry4.o)
    0x0800027c   0x00000000   Code   RO         9544    .ARM.Collect$$rtentry$$00000009  c_w.l(__rtentry2.o)
    0x0800027c   0x00000004   Code   RO         9545    .ARM.Collect$$rtentry$$0000000A  c_w.l(__rtentry2.o)
    0x08000280   0x00000000   Code   RO         9547    .ARM.Collect$$rtentry$$0000000C  c_w.l(__rtentry2.o)
    0x08000280   0x00000008   Code   RO         9548    .ARM.Collect$$rtentry$$0000000D  c_w.l(__rtentry2.o)
    0x08000288   0x00000002   Code   RO         9596    .ARM.Collect$$rtexit$$00000000  c_w.l(rtexit.o)
    0x0800028a   0x00000000   Code   RO         9650    .ARM.Collect$$rtexit$$00000002  c_w.l(rtexit2.o)
    0x0800028a   0x00000004   Code   RO         9651    .ARM.Collect$$rtexit$$00000003  c_w.l(rtexit2.o)
    0x0800028e   0x00000006   Code   RO         9652    .ARM.Collect$$rtexit$$00000004  c_w.l(rtexit2.o)
    0x08000294   0x000000b6   Code   RO         8995    .emb_text           port.o
    0x0800034a   0x00000002   PAD
    0x0800034c   0x0000004c   Code   RO         5989    .text               startup_stm32f427xx.o
    0x08000398   0x00000002   Code   RO         9307    .text               c_w.l(use_no_semi_2.o)
    0x0800039a   0x00000048   Code   RO         9309    .text               c_w.l(llsdiv.o)
    0x080003e2   0x00000002   PAD
    0x080003e4   0x00000018   Code   RO         9315    .text               c_w.l(noretval__2printf.o)
    0x080003fc   0x00000078   Code   RO         9325    .text               c_w.l(_printf_dec.o)
    0x08000474   0x00000138   Code   RO         9360    .text               c_w.l(__printf_flags_wp.o)
    0x080005ac   0x00000058   Code   RO         9373    .text               c_w.l(memcmp.o)
    0x08000604   0x0000008a   Code   RO         9379    .text               c_w.l(rt_memcpy_v6.o)
    0x0800068e   0x00000010   Code   RO         9381    .text               c_w.l(aeabi_memset.o)
    0x0800069e   0x00000044   Code   RO         9383    .text               c_w.l(rt_memclr.o)
    0x080006e2   0x00000006   Code   RO         9385    .text               c_w.l(heapauxi.o)
    0x080006e8   0x00000002   Code   RO         9451    .text               c_w.l(use_no_semi.o)
    0x080006ea   0x000000ee   Code   RO         9454    .text               c_w.l(lludivv7m.o)
    0x080007d8   0x00000016   Code   RO         9456    .text               c_w.l(_rserrno.o)
    0x080007ee   0x000000b2   Code   RO         9458    .text               c_w.l(_printf_intcommon.o)
    0x080008a0   0x00000030   Code   RO         9460    .text               c_w.l(_printf_char_common.o)
    0x080008d0   0x00000024   Code   RO         9466    .text               c_w.l(_printf_char_file.o)
    0x080008f4   0x00000064   Code   RO         9469    .text               c_w.l(rt_memcpy_w.o)
    0x08000958   0x0000004e   Code   RO         9471    .text               c_w.l(rt_memclr_w.o)
    0x080009a6   0x00000002   PAD
    0x080009a8   0x00000008   Code   RO         9563    .text               c_w.l(rt_errno_addr_intlibspace.o)
    0x080009b0   0x00000030   Code   RO         9565    .text               c_w.l(_fptrap.o)
    0x080009e0   0x00000008   Code   RO         9569    .text               c_w.l(ferror.o)
    0x080009e8   0x00000008   Code   RO         9577    .text               c_w.l(libspace.o)
    0x080009f0   0x0000004a   Code   RO         9580    .text               c_w.l(sys_stackheap_outer.o)
    0x08000a3a   0x0000000c   Code   RO         9584    .text               c_w.l(exit.o)
    0x08000a46   0x0000000e   Code   RO         9586    .text               c_w.l(defsig_fpe_outer.o)
    0x08000a54   0x0000000a   Code   RO         9600    .text               c_w.l(defsig_exit.o)
    0x08000a5e   0x00000002   PAD
    0x08000a60   0x000000ac   Code   RO         9602    .text               c_w.l(defsig_fpe_inner.o)
    0x08000b0c   0x00000032   Code   RO         9658    .text               c_w.l(defsig_general.o)
    0x08000b3e   0x00000002   PAD
    0x08000b40   0x0000021c   Code   RO         5425    i.AUTO_mode         chassis_task.o
    0x08000d5c   0x000000d0   Code   RO         7970    i.BSP_init          main.o
    0x08000e2c   0x000000ec   Code   RO         7575    i.Back              motor_ctrl.o
    0x08000f18   0x000000ec   Code   RO         7576    i.Back11            motor_ctrl.o
    0x08001004   0x00000004   Code   RO            4    i.BusFault_Handler  stm32f4xx_it.o
    0x08001008   0x00000158   Code   RO         5293    i.CAN1_RX0_IRQHandler  can_receive.o
    0x08001160   0x00000110   Code   RO         6796    i.CAN1_mode_init    can.o
    0x08001270   0x00000028   Code   RO         5294    i.CAN2_RX0_IRQHandler  can_receive.o
    0x08001298   0x00000114   Code   RO         6797    i.CAN2_mode_init    can.o
    0x080013ac   0x00000064   Code   RO         5295    i.CAN_CMD_CHASSIS   can_receive.o
    0x08001410   0x000000a8   Code   RO          530    i.CAN_ClearITPendingBit  stm32f4xx_can.o
    0x080014b8   0x00000108   Code   RO          534    i.CAN_FilterInit    stm32f4xx_can.o
    0x080015c0   0x00000120   Code   RO          536    i.CAN_GetITStatus   stm32f4xx_can.o
    0x080016e0   0x00000012   Code   RO          540    i.CAN_ITConfig      stm32f4xx_can.o
    0x080016f2   0x00000114   Code   RO          541    i.CAN_Init          stm32f4xx_can.o
    0x08001806   0x000000f0   Code   RO          544    i.CAN_Receive       stm32f4xx_can.o
    0x080018f6   0x00000126   Code   RO          549    i.CAN_Transmit      stm32f4xx_can.o
    0x08001a1c   0x0000004c   Code   RO         5426    i.CHASSIS_CANSend   chassis_task.o
    0x08001a68   0x00000044   Code   RO         5427    i.CHASSIS_REST      chassis_task.o
    0x08001aac   0x00000018   Code   RO         5428    i.CHASSIS_UpdateMotorAngle  chassis_task.o
    0x08001ac4   0x00000018   Code   RO         5429    i.CHASSIS_UpdateMotorCur  chassis_task.o
    0x08001adc   0x00000018   Code   RO         5430    i.CHASSIS_UpdateMotorSpeed  chassis_task.o
    0x08001af4   0x00000144   Code   RO         5431    i.Chassis_GetOffsetAngle  chassis_task.o
    0x08001c38   0x00000170   Code   RO         5432    i.Chassis_Init      chassis_task.o
    0x08001da8   0x00000044   Code   RO         5433    i.Chassis_MotorOutput  chassis_task.o
    0x08001dec   0x000001c0   Code   RO         5434    i.Chassis_Motor_Angle_PID  chassis_task.o
    0x08001fac   0x0000025c   Code   RO         5435    i.Chassis_Motor_Speed_PID  chassis_task.o
    0x08002208   0x00000294   Code   RO         5436    i.Chassis_Omni_Move_Calculate  chassis_task.o
    0x0800249c   0x00000340   Code   RO         5437    i.Chassis_Set_Contorl  chassis_task.o
    0x080027dc   0x00000012   Code   RO          552    i.CheckITStatus     stm32f4xx_can.o
    0x080027ee   0x00000002   PAD
    0x080027f0   0x00000034   Code   RO         1307    i.DMA_ClearFlag     stm32f4xx_dma.o
    0x08002824   0x00000016   Code   RO         1309    i.DMA_Cmd           stm32f4xx_dma.o
    0x0800283a   0x00000002   PAD
    0x0800283c   0x00000158   Code   RO         1310    i.DMA_DeInit        stm32f4xx_dma.o
    0x08002994   0x00000016   Code   RO         1311    i.DMA_DoubleBufferModeCmd  stm32f4xx_dma.o
    0x080029aa   0x00000018   Code   RO         1312    i.DMA_DoubleBufferModeConfig  stm32f4xx_dma.o
    0x080029c2   0x00000008   Code   RO         1315    i.DMA_GetCurrDataCounter  stm32f4xx_dma.o
    0x080029ca   0x00000014   Code   RO         1316    i.DMA_GetCurrentMemoryTarget  stm32f4xx_dma.o
    0x080029de   0x00000002   PAD
    0x080029e0   0x00000058   Code   RO         1321    i.DMA_Init          stm32f4xx_dma.o
    0x08002a38   0x00000004   Code   RO         1324    i.DMA_SetCurrDataCounter  stm32f4xx_dma.o
    0x08002a3c   0x00000002   Code   RO            5    i.DebugMon_Handler  stm32f4xx_it.o
    0x08002a3e   0x00000002   PAD
    0x08002a40   0x000003c8   Code   RO         7577    i.Forward           motor_ctrl.o
    0x08002e08   0x00000090   Code   RO         2154    i.GPIO_Init         stm32f4xx_gpio.o
    0x08002e98   0x00000046   Code   RO         2155    i.GPIO_PinAFConfig  stm32f4xx_gpio.o
    0x08002ede   0x00000012   Code   RO         2158    i.GPIO_ReadInputDataBit  stm32f4xx_gpio.o
    0x08002ef0   0x00000004   Code   RO         2161    i.GPIO_ResetBits    stm32f4xx_gpio.o
    0x08002ef4   0x00000004   Code   RO         2162    i.GPIO_SetBits      stm32f4xx_gpio.o
    0x08002ef8   0x0000000a   Code   RO         2166    i.GPIO_WriteBit     stm32f4xx_gpio.o
    0x08002f02   0x00000002   PAD
    0x08002f04   0x00000034   Code   RO         7863    i.Get_CRC16_Check_Sum  crc.o
    0x08002f38   0x00000024   Code   RO         7864    i.Get_CRC8_Check_Sum  crc.o
    0x08002f5c   0x00000150   Code   RO         5439    i.Gyro_turn         chassis_task.o
    0x080030ac   0x00000114   Code   RO         5440    i.Gyro_turn1        chassis_task.o
    0x080031c0   0x00000120   Code   RO         7578    i.Half_Forward      motor_ctrl.o
    0x080032e0   0x00000004   Code   RO            6    i.HardFault_Handler  stm32f4xx_it.o
    0x080032e4   0x0000056c   Code   RO         7579    i.High              motor_ctrl.o
    0x08003850   0x00000050   Code   RO         6626    i.IIC_Ack           myiic.o
    0x080038a0   0x00000048   Code   RO         6627    i.IIC_Init          myiic.o
    0x080038e8   0x00000050   Code   RO         6628    i.IIC_NAck          myiic.o
    0x08003938   0x0000006c   Code   RO         6629    i.IIC_Read_Byte     myiic.o
    0x080039a4   0x00000068   Code   RO         6630    i.IIC_Send_Byte     myiic.o
    0x08003a0c   0x0000004c   Code   RO         6631    i.IIC_Start         myiic.o
    0x08003a58   0x0000004c   Code   RO         6632    i.IIC_Stop          myiic.o
    0x08003aa4   0x00000060   Code   RO         6633    i.IIC_Wait_Ack      myiic.o
    0x08003b04   0x000000c0   Code   RO         6960    i.KEY_Scan          key.o
    0x08003bc4   0x0000055c   Code   RO         7580    i.Low               motor_ctrl.o
    0x08004120   0x00000568   Code   RO         7581    i.Low2              motor_ctrl.o
    0x08004688   0x00000050   Code   RO         6534    i.MPU_Get_Gyroscope  mpu6050.o
    0x080046d8   0x0000007a   Code   RO         6536    i.MPU_Init          mpu6050.o
    0x08004752   0x0000003a   Code   RO         6537    i.MPU_Read_Byte     mpu6050.o
    0x0800478c   0x00000074   Code   RO         6538    i.MPU_Read_Len      mpu6050.o
    0x08004800   0x00000010   Code   RO         6539    i.MPU_Set_Accel_Fsr  mpu6050.o
    0x08004810   0x00000010   Code   RO         6540    i.MPU_Set_Gyro_Fsr  mpu6050.o
    0x08004820   0x0000003a   Code   RO         6541    i.MPU_Set_LPF       mpu6050.o
    0x0800485a   0x0000003a   Code   RO         6542    i.MPU_Set_Rate      mpu6050.o
    0x08004894   0x00000074   Code   RO         5441    i.MPU_Update        chassis_task.o
    0x08004908   0x0000002c   Code   RO         5442    i.MPU_Update_Starting  chassis_task.o
    0x08004934   0x00000044   Code   RO         6543    i.MPU_Write_Byte    mpu6050.o
    0x08004978   0x00000060   Code   RO         6544    i.MPU_Write_Len     mpu6050.o
    0x080049d8   0x00000004   Code   RO            7    i.MemManage_Handler  stm32f4xx_it.o
    0x080049dc   0x0000056c   Code   RO         7582    i.Mid               motor_ctrl.o
    0x08004f48   0x00000174   Code   RO         5443    i.MotorAngleSum     chassis_task.o
    0x080050bc   0x00000002   Code   RO            8    i.NMI_Handler       stm32f4xx_it.o
    0x080050be   0x00000002   PAD
    0x080050c0   0x00000078   Code   RO          234    i.NVIC_Init         misc.o
    0x08005138   0x00000014   Code   RO          235    i.NVIC_PriorityGroupConfig  misc.o
    0x0800514c   0x000000b8   Code   RO         7775    i.Normal            servo.o
    0x08005204   0x00000128   Code   RO         7583    i.OUT               motor_ctrl.o
    0x0800532c   0x000001f0   Code   RO         5709    i.PID_Calc          pid.o
    0x0800551c   0x00000060   Code   RO         5710    i.PID_Init          pid.o
    0x0800557c   0x00000020   Code   RO         3092    i.RCC_AHB1PeriphClockCmd  stm32f4xx_rcc.o
    0x0800559c   0x00000020   Code   RO         3101    i.RCC_APB1PeriphClockCmd  stm32f4xx_rcc.o
    0x080055bc   0x00000020   Code   RO         3103    i.RCC_APB1PeriphResetCmd  stm32f4xx_rcc.o
    0x080055dc   0x00000020   Code   RO         3104    i.RCC_APB2PeriphClockCmd  stm32f4xx_rcc.o
    0x080055fc   0x00000020   Code   RO         3106    i.RCC_APB2PeriphResetCmd  stm32f4xx_rcc.o
    0x0800561c   0x000000e8   Code   RO         3113    i.RCC_GetClocksFreq  stm32f4xx_rcc.o
    0x08005704   0x0000014c   Code   RO         7210    i.RC_Init           rc.o
    0x08005850   0x000000b4   Code   RO         7776    i.Raise             servo.o
    0x08005904   0x000000b8   Code   RO         7777    i.Raise11           servo.o
    0x080059bc   0x000000b8   Code   RO         7778    i.Raise22           servo.o
    0x08005a74   0x000000b8   Code   RO         7779    i.Raise33           servo.o
    0x08005b2c   0x000000da   Code   RO         5755    i.SBUS_TO_RC        remote_control.o
    0x08005c06   0x00000002   PAD
    0x08005c08   0x00000078   Code   RO         5445    i.STOPDELAY         chassis_task.o
    0x08005c80   0x0000000c   Code   RO         5826    i.SYSTEM_GetSystemState  start_task.o
    0x08005c8c   0x00000028   Code   RO         7780    i.Servo_Init        servo.o
    0x08005cb4   0x000000d0   Code   RO         7781    i.Servo_Ramp        servo.o
    0x08005d84   0x00000120   Code   RO          193    i.SetSysClock       system_stm32f4xx.o
    0x08005ea4   0x00000028   Code   RO          238    i.SysTick_CLKSourceConfig  misc.o
    0x08005ecc   0x00000010   Code   RO         5661    i.SysTick_Handler   freertos_middleware.o
    0x08005edc   0x00000068   Code   RO          195    i.SystemInit        system_stm32f4xx.o
    0x08005f44   0x0000004c   Code   RO         5827    i.System_control    start_task.o
    0x08005f90   0x00000030   Code   RO         5662    i.TIM3_IRQHandler   freertos_middleware.o
    0x08005fc0   0x00000124   Code   RO         7294    i.TIM5_Init         timer.o
    0x080060e4   0x00000024   Code   RO         5298    i.TIM6_DAC_IRQHandler  can_receive.o
    0x08006108   0x00000078   Code   RO         7295    i.TIM6_Init         timer.o
    0x08006180   0x00000018   Code   RO         4473    i.TIM_ARRPreloadConfig  stm32f4xx_tim.o
    0x08006198   0x00000006   Code   RO         4479    i.TIM_ClearFlag     stm32f4xx_tim.o
    0x0800619e   0x00000018   Code   RO         4485    i.TIM_Cmd           stm32f4xx_tim.o
    0x080061b6   0x0000001e   Code   RO         4487    i.TIM_CtrlPWMOutputs  stm32f4xx_tim.o
    0x080061d4   0x00000190   Code   RO         4490    i.TIM_DeInit        stm32f4xx_tim.o
    0x08006364   0x00000022   Code   RO         4506    i.TIM_GetITStatus   stm32f4xx_tim.o
    0x08006386   0x00000012   Code   RO         4510    i.TIM_ITConfig      stm32f4xx_tim.o
    0x08006398   0x0000007c   Code   RO         4514    i.TIM_OC1Init       stm32f4xx_tim.o
    0x08006414   0x00000012   Code   RO         4517    i.TIM_OC1PreloadConfig  stm32f4xx_tim.o
    0x08006426   0x00000002   PAD
    0x08006428   0x000000a4   Code   RO         4519    i.TIM_OC2Init       stm32f4xx_tim.o
    0x080064cc   0x0000001a   Code   RO         4522    i.TIM_OC2PreloadConfig  stm32f4xx_tim.o
    0x080064e6   0x00000002   PAD
    0x080064e8   0x000000a0   Code   RO         4524    i.TIM_OC3Init       stm32f4xx_tim.o
    0x08006588   0x00000012   Code   RO         4527    i.TIM_OC3PreloadConfig  stm32f4xx_tim.o
    0x0800659a   0x00000002   PAD
    0x0800659c   0x00000078   Code   RO         4529    i.TIM_OC4Init       stm32f4xx_tim.o
    0x08006614   0x0000001a   Code   RO         4531    i.TIM_OC4PreloadConfig  stm32f4xx_tim.o
    0x0800662e   0x00000002   PAD
    0x08006630   0x00000084   Code   RO         4557    i.TIM_TimeBaseInit  stm32f4xx_tim.o
    0x080066b4   0x000000c8   Code   RO         7339    i.UART7_IRQHandler  uart7.o
    0x0800677c   0x000000e4   Code   RO         5756    i.USART1_IRQHandler  remote_control.o
    0x08006860   0x00000098   Code   RO         7397    i.USART6_IRQHandler  usart6.o
    0x080068f8   0x00000012   Code   RO         5035    i.USART_ClearFlag   stm32f4xx_usart.o
    0x0800690a   0x00000018   Code   RO         5039    i.USART_Cmd         stm32f4xx_usart.o
    0x08006922   0x00000012   Code   RO         5040    i.USART_DMACmd      stm32f4xx_usart.o
    0x08006934   0x000000f0   Code   RO         5041    i.USART_DeInit      stm32f4xx_usart.o
    0x08006a24   0x00000054   Code   RO         5043    i.USART_GetITStatus  stm32f4xx_usart.o
    0x08006a78   0x0000004a   Code   RO         5045    i.USART_ITConfig    stm32f4xx_usart.o
    0x08006ac2   0x00000002   PAD
    0x08006ac4   0x000000d4   Code   RO         5046    i.USART_Init        stm32f4xx_usart.o
    0x08006b98   0x0000000a   Code   RO         5053    i.USART_ReceiveData  stm32f4xx_usart.o
    0x08006ba2   0x00000004   Code   RO            9    i.UsageFault_Handler  stm32f4xx_it.o
    0x08006ba6   0x00000002   PAD
    0x08006ba8   0x00000040   Code   RO         7865    i.Verify_CRC16_Check_Sum  crc.o
    0x08006be8   0x00000030   Code   RO         7866    i.Verify_CRC8_Check_Sum  crc.o
    0x08006c18   0x00000078   Code   RO         7460    i.Vision_Read_Data  vision.o
    0x08006c90   0x00000030   Code   RO         9524    i.__ARM_fpclassify  m_wm.l(fpclassify.o)
    0x08006cc0   0x00000360   Code   RO         9419    i.__hardfp_asin     m_wm.l(asin.o)
    0x08007020   0x000002d8   Code   RO         9496    i.__hardfp_atan     m_wm.l(atan.o)
    0x080072f8   0x000001f0   Code   RO         9433    i.__hardfp_atan2    m_wm.l(atan2.o)
    0x080074e8   0x00000014   Code   RO         9445    i.__hardfp_fabs     m_wm.l(fabs.o)
    0x080074fc   0x000000f8   Code   RO         9526    i.__kernel_poly     m_wm.l(poly.o)
    0x080075f4   0x00000014   Code   RO         9511    i.__mathlib_dbl_infnan  m_wm.l(dunder.o)
    0x08007608   0x00000014   Code   RO         9512    i.__mathlib_dbl_infnan2  m_wm.l(dunder.o)
    0x0800761c   0x00000004   PAD
    0x08007620   0x00000020   Code   RO         9513    i.__mathlib_dbl_invalid  m_wm.l(dunder.o)
    0x08007640   0x00000020   Code   RO         9516    i.__mathlib_dbl_underflow  m_wm.l(dunder.o)
    0x08007660   0x0000000e   Code   RO         9358    i._is_digit         c_w.l(__printf_wp.o)
    0x0800766e   0x00000008   Code   RO         7398    i._sys_exit         usart6.o
    0x08007676   0x00000008   Code   RO         7399    i._ttywrch          usart6.o
    0x0800767e   0x00000002   PAD
    0x08007680   0x000000c0   Code   RO         5996    i.accel_self_test   inv_mpu.o
    0x08007740   0x00000028   Code   RO         5446    i.arm_flag          chassis_task.o
    0x08007768   0x00000010   Code   RO         9498    i.atan              m_wm.l(atan.o)
    0x08007778   0x0000056c   Code   RO         7585    i.back              motor_ctrl.o
    0x08007ce4   0x000000b4   Code   RO         7782    i.boom              servo.o
    0x08007d98   0x000000b4   Code   RO         7783    i.boom2             servo.o
    0x08007e4c   0x00000024   Code   RO         5447    i.chassis_feedback_update  chassis_task.o
    0x08007e70   0x0000003a   Code   RO         5448    i.chassis_task      chassis_task.o
    0x08007eaa   0x0000002a   Code   RO         7109    i.constrain_float   limit.o
    0x08007ed4   0x00000064   Code   RO         6339    i.decode_gesture    inv_mpu_dmp_motion_driver.o
    0x08007f38   0x0000006c   Code   RO         6826    i.delay_init        delay.o
    0x08007fa4   0x00000050   Code   RO         6827    i.delay_ms          delay.o
    0x08007ff4   0x00000050   Code   RO         6828    i.delay_us          delay.o
    0x08008044   0x0000003c   Code   RO         6340    i.dmp_enable_6x_lp_quat  inv_mpu_dmp_motion_driver.o
    0x08008080   0x0000021c   Code   RO         6341    i.dmp_enable_feature  inv_mpu_dmp_motion_driver.o
    0x0800829c   0x00000058   Code   RO         6342    i.dmp_enable_gyro_cal  inv_mpu_dmp_motion_driver.o
    0x080082f4   0x0000003c   Code   RO         6343    i.dmp_enable_lp_quat  inv_mpu_dmp_motion_driver.o
    0x08008330   0x00000018   Code   RO         6348    i.dmp_load_motion_driver_firmware  inv_mpu_dmp_motion_driver.o
    0x08008348   0x000001cc   Code   RO         6349    i.dmp_read_fifo     inv_mpu_dmp_motion_driver.o
    0x08008514   0x00000130   Code   RO         6352    i.dmp_set_accel_bias  inv_mpu_dmp_motion_driver.o
    0x08008644   0x00000070   Code   RO         6353    i.dmp_set_fifo_rate  inv_mpu_dmp_motion_driver.o
    0x080086b4   0x00000130   Code   RO         6354    i.dmp_set_gyro_bias  inv_mpu_dmp_motion_driver.o
    0x080087e4   0x00000138   Code   RO         6356    i.dmp_set_orientation  inv_mpu_dmp_motion_driver.o
    0x0800891c   0x00000038   Code   RO         6359    i.dmp_set_shake_reject_thresh  inv_mpu_dmp_motion_driver.o
    0x08008954   0x00000026   Code   RO         6360    i.dmp_set_shake_reject_time  inv_mpu_dmp_motion_driver.o
    0x0800897a   0x00000026   Code   RO         6361    i.dmp_set_shake_reject_timeout  inv_mpu_dmp_motion_driver.o
    0x080089a0   0x00000046   Code   RO         6362    i.dmp_set_tap_axes  inv_mpu_dmp_motion_driver.o
    0x080089e6   0x00000026   Code   RO         6363    i.dmp_set_tap_count  inv_mpu_dmp_motion_driver.o
    0x08008a0c   0x000001c0   Code   RO         6364    i.dmp_set_tap_thresh  inv_mpu_dmp_motion_driver.o
    0x08008bcc   0x00000026   Code   RO         6365    i.dmp_set_tap_time  inv_mpu_dmp_motion_driver.o
    0x08008bf2   0x00000026   Code   RO         6366    i.dmp_set_tap_time_multi  inv_mpu_dmp_motion_driver.o
    0x08008c18   0x00000018   Code   RO         9447    i.fabs              m_wm.l(fabs.o)
    0x08008c30   0x00000018   Code   RO         7027    i.flow_led_off      led.o
    0x08008c48   0x0000002c   Code   RO         5449    i.forward_flag      chassis_task.o
    0x08008c74   0x0000001c   Code   RO         7400    i.fputc             usart6.o
    0x08008c90   0x000000d0   Code   RO         5997    i.get_accel_prod_shift  inv_mpu.o
    0x08008d60   0x00000470   Code   RO         5998    i.get_st_biases     inv_mpu.o
    0x080091d0   0x00000030   Code   RO         7586    i.go_back           motor_ctrl.o
    0x08009200   0x0000002c   Code   RO         7587    i.go_high           motor_ctrl.o
    0x0800922c   0x0000002c   Code   RO         7588    i.go_low            motor_ctrl.o
    0x08009258   0x0000002c   Code   RO         7589    i.go_low2           motor_ctrl.o
    0x08009284   0x0000002c   Code   RO         7591    i.go_mid            motor_ctrl.o
    0x080092b0   0x0000011c   Code   RO         5999    i.gyro_self_test    inv_mpu.o
    0x080093cc   0x00000028   Code   RO         6000    i.inv_orientation_matrix_to_scalar  inv_mpu.o
    0x080093f4   0x0000004e   Code   RO         6001    i.inv_row_2_scale   inv_mpu.o
    0x08009442   0x00000002   PAD
    0x08009444   0x00000340   Code   RO         5450    i.judge             chassis_task.o
    0x08009784   0x0000029c   Code   RO         6961    i.key_Init          key.o
    0x08009a20   0x00000094   Code   RO         7030    i.led_configuration  led.o
    0x08009ab4   0x00000014   Code   RO         7031    i.led_green_off     led.o
    0x08009ac8   0x00000014   Code   RO         7034    i.led_red_off       led.o
    0x08009adc   0x000002dc   Code   RO         7593    i.low_Forward       motor_ctrl.o
    0x08009db8   0x000002dc   Code   RO         7594    i.low_Forward0      motor_ctrl.o
    0x0800a094   0x00000138   Code   RO         7595    i.low_Forward1      motor_ctrl.o
    0x0800a1cc   0x000002dc   Code   RO         7596    i.low_Forward3      motor_ctrl.o
    0x0800a4a8   0x00000016   Code   RO         7971    i.main              main.o
    0x0800a4be   0x00000002   Code   RO         6002    i.mget_ms           inv_mpu.o
    0x0800a4c0   0x0000002c   Code   RO         7597    i.motor_speed       motor_ctrl.o
    0x0800a4ec   0x00000070   Code   RO         6003    i.mpu_configure_fifo  inv_mpu.o
    0x0800a55c   0x00000218   Code   RO         6004    i.mpu_dmp_get_data  inv_mpu.o
    0x0800a774   0x000000a0   Code   RO         6005    i.mpu_dmp_init      inv_mpu.o
    0x0800a814   0x0000004c   Code   RO         6006    i.mpu_get_accel_fsr  inv_mpu.o
    0x0800a860   0x00000054   Code   RO         6008    i.mpu_get_accel_sens  inv_mpu.o
    0x0800a8b4   0x00000010   Code   RO         6013    i.mpu_get_fifo_config  inv_mpu.o
    0x0800a8c4   0x00000044   Code   RO         6014    i.mpu_get_gyro_fsr  inv_mpu.o
    0x0800a908   0x00000060   Code   RO         6016    i.mpu_get_gyro_sens  inv_mpu.o
    0x0800a968   0x00000050   Code   RO         6018    i.mpu_get_lpf       inv_mpu.o
    0x0800a9b8   0x00000020   Code   RO         6020    i.mpu_get_sample_rate  inv_mpu.o
    0x0800a9d8   0x000001f0   Code   RO         6022    i.mpu_init          inv_mpu.o
    0x0800abc8   0x000000b8   Code   RO         6023    i.mpu_load_firmware  inv_mpu.o
    0x0800ac80   0x000000e0   Code   RO         6024    i.mpu_lp_accel_mode  inv_mpu.o
    0x0800ad60   0x000000c0   Code   RO         6027    i.mpu_read_fifo_stream  inv_mpu.o
    0x0800ae20   0x00000080   Code   RO         6028    i.mpu_read_mem      inv_mpu.o
    0x0800aea0   0x000001c8   Code   RO         6031    i.mpu_reset_fifo    inv_mpu.o
    0x0800b068   0x0000011c   Code   RO         6032    i.mpu_run_self_test  inv_mpu.o
    0x0800b184   0x00000084   Code   RO         6034    i.mpu_set_accel_fsr  inv_mpu.o
    0x0800b208   0x0000014c   Code   RO         6035    i.mpu_set_bypass    inv_mpu.o
    0x0800b354   0x00000090   Code   RO         6037    i.mpu_set_dmp_state  inv_mpu.o
    0x0800b3e4   0x00000088   Code   RO         6038    i.mpu_set_gyro_fsr  inv_mpu.o
    0x0800b46c   0x0000006c   Code   RO         6039    i.mpu_set_int_latched  inv_mpu.o
    0x0800b4d8   0x00000084   Code   RO         6041    i.mpu_set_lpf       inv_mpu.o
    0x0800b55c   0x0000009c   Code   RO         6042    i.mpu_set_sample_rate  inv_mpu.o
    0x0800b5f8   0x000000d0   Code   RO         6043    i.mpu_set_sensors   inv_mpu.o
    0x0800b6c8   0x00000080   Code   RO         6044    i.mpu_write_mem     inv_mpu.o
    0x0800b748   0x00000048   Code   RO         7165    i.power_ctrl_configuration  power_ctrl.o
    0x0800b790   0x00000020   Code   RO         7166    i.power_ctrl_off    power_ctrl.o
    0x0800b7b0   0x00000020   Code   RO         7167    i.power_ctrl_on     power_ctrl.o
    0x0800b7d0   0x00000098   Code   RO         8476    i.prvAddCurrentTaskToDelayedList  tasks.o
    0x0800b868   0x000000b8   Code   RO         8477    i.prvAddNewTaskToReadyList  tasks.o
    0x0800b920   0x00000064   Code   RO         8853    i.prvCheckForValidListAndQueue  timers.o
    0x0800b984   0x00000064   Code   RO         8478    i.prvCheckTasksWaitingTermination  tasks.o
    0x0800b9e8   0x0000002a   Code   RO         8231    i.prvCopyDataFromQueue  queue.o
    0x0800ba12   0x0000007c   Code   RO         8232    i.prvCopyDataToQueue  queue.o
    0x0800ba8e   0x00000012   Code   RO         8479    i.prvDeleteTCB      tasks.o
    0x0800baa0   0x00000028   Code   RO         8854    i.prvGetNextExpireTime  timers.o
    0x0800bac8   0x0000007c   Code   RO         9078    i.prvHeapInit       heap_4.o
    0x0800bb44   0x00000028   Code   RO         8480    i.prvIdleTask       tasks.o
    0x0800bb6c   0x0000002e   Code   RO         8234    i.prvInitialiseNewQueue  queue.o
    0x0800bb9a   0x000000b4   Code   RO         8481    i.prvInitialiseNewTask  tasks.o
    0x0800bc4e   0x00000002   PAD
    0x0800bc50   0x00000068   Code   RO         8482    i.prvInitialiseTaskLists  tasks.o
    0x0800bcb8   0x00000068   Code   RO         9079    i.prvInsertBlockIntoFreeList  heap_4.o
    0x0800bd20   0x00000058   Code   RO         8856    i.prvInsertTimerInActiveList  timers.o
    0x0800bd78   0x0000001a   Code   RO         8235    i.prvIsQueueEmpty   queue.o
    0x0800bd92   0x0000001e   Code   RO         8236    i.prvIsQueueFull    queue.o
    0x0800bdb0   0x00000090   Code   RO         8237    i.prvNotifyQueueSetContainer  queue.o
    0x0800be40   0x00000064   Code   RO         8857    i.prvProcessExpiredTimer  timers.o
    0x0800bea4   0x000000f8   Code   RO         8858    i.prvProcessReceivedCommands  timers.o
    0x0800bf9c   0x00000074   Code   RO         8859    i.prvProcessTimerOrBlockTask  timers.o
    0x0800c010   0x00000034   Code   RO         8484    i.prvResetNextTaskUnblockTime  tasks.o
    0x0800c044   0x0000002c   Code   RO         8860    i.prvSampleTimeNow  timers.o
    0x0800c070   0x000000a0   Code   RO         8861    i.prvSwitchTimerLists  timers.o
    0x0800c110   0x00000040   Code   RO         8996    i.prvTaskExitError  port.o
    0x0800c150   0x0000001a   Code   RO         8862    i.prvTimerTask      timers.o
    0x0800c16a   0x00000092   Code   RO         8238    i.prvUnlockQueue    queue.o
    0x0800c1fc   0x0000013c   Code   RO         9080    i.pvPortMalloc      heap_4.o
    0x0800c338   0x00000020   Code   RO         8489    i.pvTaskIncrementMutexHeldCount  tasks.o
    0x0800c358   0x0000002c   Code   RO         8997    i.pxPortInitialiseStack  port.o
    0x0800c384   0x00000014   Code   RO         5758    i.remote_control_init  remote_control.o
    0x0800c398   0x0000009a   Code   RO         6045    i.run_self_test     inv_mpu.o
    0x0800c432   0x00000002   PAD
    0x0800c434   0x000001fc   Code   RO         7599    i.sensor_update     motor_ctrl.o
    0x0800c630   0x000001d0   Code   RO         7784    i.servo             servo.o
    0x0800c800   0x00000090   Code   RO         6046    i.set_int_enable    inv_mpu.o
    0x0800c890   0x0000006e   Code   RO         9531    i.sqrt              m_wm.l(sqrt_full.o)
    0x0800c8fe   0x00000002   PAD
    0x0800c900   0x0000002c   Code   RO         5829    i.startTast         start_task.o
    0x0800c92c   0x00000070   Code   RO         5830    i.start_task        start_task.o
    0x0800c99c   0x0000002c   Code   RO         7600    i.stop              motor_ctrl.o
    0x0800c9c8   0x00000054   Code   RO         7601    i.stop_delay        motor_ctrl.o
    0x0800ca1c   0x00000100   Code   RO         7602    i.stop_forward      motor_ctrl.o
    0x0800cb1c   0x00000058   Code   RO         5831    i.system_update     start_task.o
    0x0800cb74   0x0000002c   Code   RO         5451    i.turn_flag         chassis_task.o
    0x0800cba0   0x00000128   Code   RO         7401    i.usart6_init       usart6.o
    0x0800ccc8   0x00000028   Code   RO         8182    i.uxListRemove      list.o
    0x0800ccf0   0x0000001a   Code   RO         8183    i.vListInitialise   list.o
    0x0800cd0a   0x00000006   Code   RO         8184    i.vListInitialiseItem  list.o
    0x0800cd10   0x00000034   Code   RO         8185    i.vListInsert       list.o
    0x0800cd44   0x00000018   Code   RO         8186    i.vListInsertEnd    list.o
    0x0800cd5c   0x00000054   Code   RO         8999    i.vPortEnterCritical  port.o
    0x0800cdb0   0x0000003c   Code   RO         9000    i.vPortExitCritical  port.o
    0x0800cdec   0x00000094   Code   RO         9081    i.vPortFree         heap_4.o
    0x0800ce80   0x00000002   Code   RO         5663    i.vPortSetupTimerInterrupt  freertos_middleware.o
    0x0800ce82   0x00000002   PAD
    0x0800ce84   0x00000078   Code   RO         9001    i.vPortValidateInterruptPriority  port.o
    0x0800cefc   0x0000002c   Code   RO         8244    i.vQueueAddToRegistry  queue.o
    0x0800cf28   0x0000004a   Code   RO         8248    i.vQueueWaitForMessageRestricted  queue.o
    0x0800cf72   0x00000002   PAD
    0x0800cf74   0x0000005c   Code   RO         8498    i.vTaskDelay        tasks.o
    0x0800cfd0   0x000000d4   Code   RO         8499    i.vTaskDelayUntil   tasks.o
    0x0800d0a4   0x000000f4   Code   RO         8500    i.vTaskDelete       tasks.o
    0x0800d198   0x0000000c   Code   RO         8504    i.vTaskMissedYield  tasks.o
    0x0800d1a4   0x00000038   Code   RO         8506    i.vTaskPlaceOnEventList  tasks.o
    0x0800d1dc   0x00000040   Code   RO         8507    i.vTaskPlaceOnEventListRestricted  tasks.o
    0x0800d21c   0x000000b0   Code   RO         8509    i.vTaskPriorityInherit  tasks.o
    0x0800d2cc   0x00000030   Code   RO         8513    i.vTaskSetTimeOutState  tasks.o
    0x0800d2fc   0x00000094   Code   RO         8514    i.vTaskStartScheduler  tasks.o
    0x0800d390   0x00000010   Code   RO         8516    i.vTaskSuspendAll   tasks.o
    0x0800d3a0   0x0000008c   Code   RO         8517    i.vTaskSwitchContext  tasks.o
    0x0800d42c   0x0000013c   Code   RO         9002    i.xPortStartScheduler  port.o
    0x0800d568   0x00000034   Code   RO         9003    i.xPortSysTickHandler  port.o
    0x0800d59c   0x00000058   Code   RO         8253    i.xQueueGenericCreate  queue.o
    0x0800d5f4   0x000001c4   Code   RO         8254    i.xQueueGenericReceive  queue.o
    0x0800d7b8   0x00000098   Code   RO         8255    i.xQueueGenericReset  queue.o
    0x0800d850   0x000001c8   Code   RO         8256    i.xQueueGenericSend  queue.o
    0x0800da18   0x00000108   Code   RO         8257    i.xQueueGenericSendFromISR  queue.o
    0x0800db20   0x0000008c   Code   RO         8518    i.xTaskCheckForTimeOut  tasks.o
    0x0800dbac   0x00000060   Code   RO         8519    i.xTaskCreate       tasks.o
    0x0800dc0c   0x00000020   Code   RO         8524    i.xTaskGetSchedulerState  tasks.o
    0x0800dc2c   0x0000000c   Code   RO         8525    i.xTaskGetTickCount  tasks.o
    0x0800dc38   0x00000148   Code   RO         8527    i.xTaskIncrementTick  tasks.o
    0x0800dd80   0x000000c8   Code   RO         8530    i.xTaskPriorityDisinherit  tasks.o
    0x0800de48   0x00000098   Code   RO         8531    i.xTaskRemoveFromEventList  tasks.o
    0x0800dee0   0x00000104   Code   RO         8533    i.xTaskResumeAll    tasks.o
    0x0800dfe4   0x00000054   Code   RO         8866    i.xTimerCreateTimerTask  timers.o
    0x0800e038   0x00000084   Code   RO         8867    i.xTimerGenericCommand  timers.o
    0x0800e0bc   0x00000018   Code   RO         9473    x$fpl$basic         g_wm.l(basic.o)
    0x0800e0d4   0x000002c4   Code   RO         9389    x$fpl$d2f           g_wm.l(d2f_clz.o)
    0x0800e398   0x0000024c   Code   RO         9391    x$fpl$dadd          g_wm.l(daddsub_clz.o)
    0x0800e5e4   0x00000018   Code   RO         9475    x$fpl$dcmpinf       g_wm.l(dcmpi.o)
    0x0800e5fc   0x0000037c   Code   RO         9398    x$fpl$ddiv          g_wm.l(ddiv_clz.o)
    0x0800e978   0x000000dc   Code   RO         9401    x$fpl$dfixu         g_wm.l(dfixu.o)
    0x0800ea54   0x0000002e   Code   RO         9406    x$fpl$dflt          g_wm.l(dflt_clz.o)
    0x0800ea82   0x0000001a   Code   RO         9407    x$fpl$dfltn         g_wm.l(dflt_clz.o)
    0x0800ea9c   0x00000078   Code   RO         9411    x$fpl$dleqf         g_wm.l(dleqf.o)
    0x0800eb14   0x000001c0   Code   RO         9413    x$fpl$dmul          g_wm.l(dmul_clz.o)
    0x0800ecd4   0x00000102   Code   RO         9477    x$fpl$dnaninf       g_wm.l(dnaninf.o)
    0x0800edd6   0x00000070   Code   RO         9479    x$fpl$drenorm       g_wm.l(drenorm_clz.o)
    0x0800ee46   0x0000000c   Code   RO         9481    x$fpl$dretinf       g_wm.l(dretinf.o)
    0x0800ee52   0x00000062   Code   RO         9415    x$fpl$drleqf        g_wm.l(drleqf.o)
    0x0800eeb4   0x00000050   Code   RO         9392    x$fpl$drsb          g_wm.l(daddsub_clz.o)
    0x0800ef04   0x00000208   Code   RO         9573    x$fpl$dsqrt         g_wm.l(dsqrt_umaalclz.o)
    0x0800f10c   0x0000029c   Code   RO         9393    x$fpl$dsub          g_wm.l(daddsub_clz.o)
    0x0800f3a8   0x0000017a   Code   RO         9483    x$fpl$dunder        g_wm.l(dunder_clz.o)
    0x0800f522   0x00000002   PAD
    0x0800f524   0x000001ec   Code   RO         9485    x$fpl$exception     g_wm.l(except.o)
    0x0800f710   0x0000007a   Code   RO         9417    x$fpl$f2d           g_wm.l(f2d.o)
    0x0800f78a   0x000000f2   Code   RO         9487    x$fpl$fnaninf       g_wm.l(fnaninf.o)
    0x0800f87c   0x0000000a   Code   RO         9662    x$fpl$fpinit        g_wm.l(fpinit.o)
    0x0800f886   0x0000000a   Code   RO         9489    x$fpl$fretinf       g_wm.l(fretinf.o)
    0x0800f890   0x0000013c   Code   RO         9491    x$fpl$funder        g_wm.l(funder_clz.o)
    0x0800f9cc   0x000000b2   Code   RO         9575    x$fpl$retnan        g_wm.l(retnan.o)
    0x0800fa7e   0x0000007e   Code   RO         9493    x$fpl$trapveneer    g_wm.l(trapv.o)
    0x0800fafc   0x00000000   Code   RO         9495    x$fpl$usenofp       g_wm.l(usenofp.o)
    0x0800fafc   0x0000000c   Data   RO         5453    .constdata          chassis_task.o
    0x0800fb08   0x00000050   Data   RO         6048    .constdata          inv_mpu.o
    0x0800fb58   0x00000bf6   Data   RO         6368    .constdata          inv_mpu_dmp_motion_driver.o
    0x0801074e   0x00000302   Data   RO         7867    .constdata          crc.o
    0x08010a50   0x00000011   Data   RO         9361    .constdata          c_w.l(__printf_flags_wp.o)
    0x08010a61   0x00000007   PAD
    0x08010a68   0x00000050   Data   RO         9422    .constdata          m_wm.l(asin.o)
    0x08010ab8   0x00000098   Data   RO         9499    .constdata          m_wm.l(atan.o)
    0x08010b50   0x00000008   Data   RO         9528    .constdata          m_wm.l(qnan.o)
    0x08010b58   0x0000004d   Data   RO         6049    .conststring        inv_mpu.o
    0x08010ba5   0x00000003   PAD
    0x08010ba8   0x00000020   Data   RO         9713    Region$$Table       anon$$obj.o


    Execution Region RW_IRAM1 (Base: 0x20000000, Size: 0x000212f8, Max: 0x00030000, ABSOLUTE, COMPRESSED[0x000000b8])

    Base Addr    Size         Type   Attr      Idx    E Section Name        Object

    0x20000000   0x00000014   Data   RW          196    .data               system_stm32f4xx.o
    0x20000014   0x00000010   Data   RW         3145    .data               stm32f4xx_rcc.o
    0x20000024   0x000001dc   Data   RW         5454    .data               chassis_task.o
    0x20000200   0x00000008   Data   RW         5664    .data               freertos_middleware.o
    0x20000208   0x00000002   Data   RW         5762    .data               remote_control.o
    0x2000020a   0x00000002   PAD
    0x2000020c   0x00000028   Data   RW         5832    .data               start_task.o
    0x20000234   0x00000035   Data   RW         6050    .data               inv_mpu.o
    0x20000269   0x00000003   PAD
    0x2000026c   0x00000008   Data   RW         6829    .data               delay.o
    0x20000274   0x00000001   Data   RW         6962    .data               key.o
    0x20000275   0x00000003   PAD
    0x20000278   0x0000000c   Data   RW         7403    .data               usart6.o
    0x20000284   0x00000027   Data   RW         7463    .data               vision.o
    0x200002ab   0x00000001   PAD
    0x200002ac   0x00000088   Data   RW         7605    .data               motor_ctrl.o
    0x20000334   0x00000004   Data   RW         7786    .data               servo.o
    0x20000338   0x00000002   Data   RW         7868    .data               crc.o
    0x2000033a   0x00000002   PAD
    0x2000033c   0x00000012   Data   RW         7972    .data               main.o
    0x2000034e   0x00000002   PAD
    0x20000350   0x0000003c   Data   RW         8536    .data               tasks.o
    0x2000038c   0x00000014   Data   RW         8873    .data               timers.o
    0x200003a0   0x0000000c   Data   RW         9004    .data               port.o
    0x200003ac   0x00000018   Data   RW         9086    .data               heap_4.o
    0x200003c4   0x0000027c   Zero   RW         5452    .bss                chassis_task.o
    0x20000640   0x00000060   Zero   RW         5761    .bss                remote_control.o
    0x200006a0   0x00000010   Zero   RW         6367    .bss                inv_mpu_dmp_motion_driver.o
    0x200006b0   0x00000190   Zero   RW         7344    .bss                uart7.o
    0x20000840   0x00000258   Zero   RW         7402    .bss                usart6.o
    0x20000a98   0x0000007d   Zero   RW         7462    .bss                vision.o
    0x20000b15   0x00000009   Zero   RW         7604    .bss                motor_ctrl.o
    0x20000b1e   0x00000002   PAD
    0x20000b20   0x00000028   Zero   RW         7785    .bss                servo.o
    0x20000b48   0x00000040   Zero   RW         8268    .bss                queue.o
    0x20000b88   0x000002e4   Zero   RW         8535    .bss                tasks.o
    0x20000e6c   0x00000028   Zero   RW         8872    .bss                timers.o
    0x20000e94   0x00020000   Zero   RW         9085    .bss                heap_4.o
    0x20020e94   0x00000060   Zero   RW         9578    .bss                c_w.l(libspace.o)
    0x20020ef4   0x00000004   PAD
    0x20020ef8   0x00000000   Zero   RW         5987    HEAP                startup_stm32f427xx.o
    0x20020ef8   0x00000400   Zero   RW         5986    STACK               startup_stm32f427xx.o


==============================================================================

Image component sizes


      Code (inc. data)   RO Data    RW Data    ZI Data      Debug   Object Name

       548         16          0          0          0       2046   can.o
       520         22          0          0          0      13024   can_receive.o
      6378        830         12        476        636      24010   chassis_task.o
       200         14        770          2          0       3413   crc.o
         0          0          0          0          0       4728   croutine.o
       268         26          0          8          0       2203   delay.o
         0          0          0          0          0      11904   event_groups.o
        66          8          0          8          0       2474   freertos_middleware.o
       692         62          0         24     131072       4547   heap_4.o
      6938        318        157         53          0      32308   inv_mpu.o
      3128        138       3062          0         16      21322   inv_mpu_dmp_motion_driver.o
       860         40          0          1          0       1658   key.o
       212         30          0          0          0       2177   led.o
        42          0          0          0          0        690   limit.o
       148          0          0          0          0       3334   list.o
       230         18          0         18          0       1465   main.o
       180         24          0          0          0       2113   misc.o
     12612       1124          0        136          9      18656   motor_ctrl.o
       688          0          0          0          0       7095   mpu6050.o
       692        108          0          0          0       4598   myiic.o
       592          8          0          0          0       2454   pid.o
       922         86          0         12          0      11006   port.o
       136         18          0          0          0       1848   power_ctrl.o
      2088         22          0          0         64      17061   queue.o
       332         20          0          0          0       1294   rc.o
       466         28          0          2         96       4856   remote_control.o
      1988        268          0          4         40       7123   servo.o
       332        104          0         40          0       3828   start_task.o
        76         28        428          0       1024        868   startup_stm32f427xx.o
      1566         16          0          0          0       6446   stm32f4xx_can.o
       584         40          0          0          0       6780   stm32f4xx_dma.o
       250          0          0          0          0       4151   stm32f4xx_gpio.o
        20          0          0          0          0     322989   stm32f4xx_it.o
       392         48          0         16          0       5917   stm32f4xx_rcc.o
      1324        120          0          0          0      10987   stm32f4xx_tim.o
       680         42          0          0          0       6138   stm32f4xx_usart.o
       392         32          0         20          0       1901   system_stm32f4xx.o
      3290        422          0         60        740      24757   tasks.o
       412         18          0          0          0       1432   timer.o
      1138        116          0         20         40      17471   timers.o
       200         14          0          0        400       1939   uart7.o
       492         32          0         12        600       5186   usart6.o
       120         26          0         39        125       3626   vision.o

    ----------------------------------------------------------------------
     52234       4286       4464        964     134864     633823   Object Totals
         0          0         32          0          0          0   (incl. Generated)
        40          0          3         13          2          0   (incl. Padding)

    ----------------------------------------------------------------------

      Code (inc. data)   RO Data    RW Data    ZI Data      Debug   Library Member Name

        90          0          0          0          0          0   __dczerorl2.o
         8          0          0          0          0         68   __main.o
       312          4         17          0          0         92   __printf_flags_wp.o
        14          0          0          0          0         68   __printf_wp.o
         0          0          0          0          0          0   __rtentry.o
        12          0          0          0          0          0   __rtentry2.o
         6          0          0          0          0          0   __rtentry4.o
        52          8          0          0          0          0   __scatter.o
        28          0          0          0          0          0   __scatter_zi.o
        48          4          0          0          0         84   _fptrap.o
        48          6          0          0          0         96   _printf_char_common.o
        36          4          0          0          0         80   _printf_char_file.o
         6          0          0          0          0          0   _printf_d.o
       120         16          0          0          0         92   _printf_dec.o
       178          0          0          0          0         88   _printf_intcommon.o
         0          0          0          0          0          0   _printf_percent.o
         4          0          0          0          0          0   _printf_percent_end.o
        22          0          0          0          0        100   _rserrno.o
        16          0          0          0          0         68   aeabi_memset.o
        10          0          0          0          0         68   defsig_exit.o
       172        110          0          0          0         76   defsig_fpe_inner.o
        14          0          0          0          0         80   defsig_fpe_outer.o
        50          0          0          0          0         88   defsig_general.o
        12          0          0          0          0         72   exit.o
         8          0          0          0          0         68   ferror.o
         6          0          0          0          0        152   heapauxi.o
         2          0          0          0          0          0   libinit.o
         6          0          0          0          0          0   libinit2.o
         2          0          0          0          0          0   libshutdown.o
         2          0          0          0          0          0   libshutdown2.o
         8          4          0          0         96         68   libspace.o
        72          0          0          0          0         76   llsdiv.o
       238          0          0          0          0        100   lludivv7m.o
        88          0          0          0          0         76   memcmp.o
        24          4          0          0          0         84   noretval__2printf.o
         8          4          0          0          0         68   rt_errno_addr_intlibspace.o
        68          0          0          0          0         68   rt_memclr.o
        78          0          0          0          0         80   rt_memclr_w.o
       138          0          0          0          0         68   rt_memcpy_v6.o
       100          0          0          0          0         80   rt_memcpy_w.o
         2          0          0          0          0          0   rtexit.o
        10          0          0          0          0          0   rtexit2.o
        74          0          0          0          0         80   sys_stackheap_outer.o
         2          0          0          0          0         68   use_no_semi.o
         2          0          0          0          0         68   use_no_semi_2.o
        24          0          0          0          0        164   basic.o
       708         16          0          0          0        140   d2f_clz.o
      1336         32          0          0          0        532   daddsub_clz.o
        24          0          0          0          0        116   dcmpi.o
       892        152          0          0          0        292   ddiv_clz.o
       220         16          0          0          0        192   dfixu.o
        72          0          0          0          0        232   dflt_clz.o
       120          8          0          0          0        140   dleqf.o
       448         16          0          0          0        164   dmul_clz.o
       258          4          0          0          0        156   dnaninf.o
       112          0          0          0          0        160   drenorm_clz.o
        12          0          0          0          0        116   dretinf.o
        98          0          0          0          0        128   drleqf.o
       520         56          0          0          0        180   dsqrt_umaalclz.o
       378          0          0          0          0        168   dunder_clz.o
       492         36          0          0          0        148   except.o
       122          8          0          0          0        132   f2d.o
       242          4          0          0          0        144   fnaninf.o
        10          0          0          0          0        116   fpinit.o
        10          0          0          0          0        116   fretinf.o
       316          0          0          0          0        132   funder_clz.o
       178          0          0          0          0        116   retnan.o
       126          0          0          0          0        148   trapv.o
         0          0          0          0          0          0   usenofp.o
       864         94         80          0          0        280   asin.o
       744        106        152          0          0        352   atan.o
       496         64          0          0          0        192   atan2.o
       104         16          0          0          0        496   dunder.o
        44          0          0          0          0        248   fabs.o
        48          0          0          0          0        124   fpclassify.o
       248          0          0          0          0        152   poly.o
         0          0          8          0          0          0   qnan.o
       110          0          0          0          0        148   sqrt_full.o

    ----------------------------------------------------------------------
     11590        792        264          0        100       8348   Library Totals
        18          0          7          0          4          0   (incl. Padding)

    ----------------------------------------------------------------------

      Code (inc. data)   RO Data    RW Data    ZI Data      Debug   Library Name

      2196        164         17          0         96       2424   c_w.l
      6718        348          0          0          0       3932   g_wm.l
      2658        280        240          0          0       1992   m_wm.l

    ----------------------------------------------------------------------
     11590        792        264          0        100       8348   Library Totals

    ----------------------------------------------------------------------

==============================================================================


      Code (inc. data)   RO Data    RW Data    ZI Data      Debug   

     63824       5078       4728        964     134964     607119   Grand Totals
     63824       5078       4728        184     134964     607119   ELF Image Totals (compressed)
     63824       5078       4728        184          0          0   ROM Totals

==============================================================================

    Total RO  Size (Code + RO Data)                68552 (  66.95kB)
    Total RW  Size (RW Data + ZI Data)            135928 ( 132.74kB)
    Total ROM Size (Code + RO Data + RW Data)      68736 (  67.13kB)

==============================================================================

